Java HotSpot(TM) 64-Bit Server VM (25.65-b01) for linux-amd64 JRE (1.8.0_65-b17), built on Oct  6 2015 17:16:12 by "java_re" with gcc 4.3.0 20080428 (Red Hat 4.3.0-8)
Memory: 4k page, physical 32862844k(740664k free), swap 0k(0k free)
CommandLine flags: -XX:InitialHeapSize=525805504 -XX:MaxHeapSize=536870912 -XX:MaxNewSize=178958336 -XX:MaxTenuringThreshold=6 -XX:OldPLABSize=16 -XX:+PrintGC -XX:+PrintGCDetails -XX:+PrintGCTimeStamps -XX:-UseAdaptiveSizePolicy -XX:+UseCompressedClassPointers -XX:+UseCompressedOops -XX:+UseConcMarkSweepGC -XX:+UseParNewGC 
0.263: [GC (Allocation Failure) 0.263: [ParNew: 137152K->17086K(154240K), 0.0228654 secs] 137152K->41902K(496960K), 0.0230292 secs] [Times: user=0.04 sys=0.05, real=0.02 secs] 
0.344: [GC (Allocation Failure) 0.344: [ParNew: 154238K->17088K(154240K), 0.0293049 secs] 179054K->87480K(496960K), 0.0294163 secs] [Times: user=0.05 sys=0.03, real=0.03 secs] 
0.429: [GC (Allocation Failure) 0.429: [ParNew: 154240K->17086K(154240K), 0.0272674 secs] 224632K->128804K(496960K), 0.0273789 secs] [Times: user=0.10 sys=0.00, real=0.03 secs] 
0.512: [GC (Allocation Failure) 0.512: [ParNew: 154238K->17085K(154240K), 0.2924560 secs] 265956K->169336K(496960K), 0.2925833 secs] [Times: user=0.88 sys=0.28, real=0.30 secs] 
0.861: [GC (Allocation Failure) 0.861: [ParNew: 154237K->17085K(154240K), 0.3102642 secs] 306488K->216481K(496960K), 0.3103772 secs] [Times: user=0.80 sys=0.28, real=0.31 secs] 


199395/342720 = 58% 
1.172: [GC (CMS Initial Mark) [1 CMS-initial-mark: 199395K(342720K)] 219359K(496960K), 0.0006496 secs] [Times: user=0.00 sys=0.00, real=0.00 secs] 
1.173: [CMS-concurrent-mark-start]
Heap
 par new generation   total 154240K, used 22706K [0x00000000e0000000, 0x00000000ea750000, 0x00000000eaaa0000)
  eden space 137152K,   4% used [0x00000000e0000000, 0x00000000e057d610, 0x00000000e85f0000)
  from space 17088K,  99% used [0x00000000e96a0000, 0x00000000ea74f560, 0x00000000ea750000)
  to   space 17088K,   0% used [0x00000000e85f0000, 0x00000000e85f0000, 0x00000000e96a0000)
 concurrent mark-sweep generation total 342720K, used 199395K [0x00000000eaaa0000, 0x00000000ff950000, 0x0000000100000000)
 Metaspace       used 2531K, capacity 4486K, committed 4864K, reserved 1056768K
  class space    used 274K, capacity 386K, committed 512K, reserved 1048576K
