Java HotSpot(TM) 64-Bit Server VM (25.65-b01) for linux-amd64 JRE (1.8.0_65-b17), built on Oct  6 2015 17:16:12 by "java_re" with gcc 4.3.0 20080428 (Red Hat 4.3.0-8)
Memory: 4k page, physical 32862844k(740036k free), swap 0k(0k free)
CommandLine flags: -XX:InitialHeapSize=525805504 -XX:MaxHeapSize=2147483648 -XX:MaxNewSize=348966912 -XX:MaxTenuringThreshold=6 -XX:OldPLABSize=16 -XX:+PrintGC -XX:+PrintGCDetails -XX:+PrintGCTimeStamps -XX:-UseAdaptiveSizePolicy -XX:+UseCompressedClassPointers -XX:+UseCompressedOops -XX:+UseConcMarkSweepGC -XX:+UseParNewGC 
0.264: [GC (Allocation Failure) 0.264: [ParNew: 137152K->17087K(154240K), 0.0226955 secs] 137152K->40878K(496960K), 0.0228491 secs] [Times: user=0.04 sys=0.04, real=0.02 secs] 
0.342: [GC (Allocation Failure) 0.343: [ParNew: 154215K->17074K(154240K), 0.0295830 secs] 178006K->84226K(496960K), 0.0296928 secs] [Times: user=0.05 sys=0.04, real=0.03 secs] 
0.426: [GC (Allocation Failure) 0.426: [ParNew: 154226K->17088K(154240K), 0.0279804 secs] 221378K->130215K(496960K), 0.0280939 secs] [Times: user=0.09 sys=0.01, real=0.03 secs] 
0.512: [GC (Allocation Failure) 0.512: [ParNew: 154240K->17088K(154240K), 0.1484574 secs] 267367K->175431K(496960K), 0.1485676 secs] [Times: user=0.23 sys=0.13, real=0.15 secs] 
0.719: [GC (Allocation Failure) 0.719: [ParNew: 153923K->17088K(154240K), 0.0442452 secs] 312266K->220242K(496960K), 0.0443567 secs] [Times: user=0.15 sys=0.03, real=0.04 secs] 

ParNew: 153923K->17088K(154240K)  153923/154240=99%  ->  17088/154240=11%
total：  312266K->220242K(496960K)
old ：312266-153923=158343  -> 220242-17088=203154  496960-154240=342720 =====   158343/342720=46% ->  203154/342720=59%

0.764: [GC (CMS Initial Mark) [1 CMS-initial-mark: 203154K(342720K)] 223552K(496960K), 0.0005207 secs] [Times: user=0.00 sys=0.00, real=0.00 secs] 
0.764: [CMS-concurrent-mark-start]
0.930: [CMS-concurrent-mark: 0.165/0.165 secs] [Times: user=0.09 sys=0.14, real=0.16 secs] 
0.930: [GC (Allocation Failure) 0.930: [ParNew: 154240K->17087K(154240K), 0.0465753 secs] 357394K->266678K(496960K), 0.0466756 secs] [Times: user=0.15 sys=0.02, real=0.05 secs] 
0.977: [CMS-concurrent-preclean-start]
0.980: [CMS-concurrent-preclean: 0.003/0.003 secs] [Times: user=0.01 sys=0.00, real=0.00 secs] 
0.980: [CMS-concurrent-abortable-preclean-start]
1.035: [GC (Allocation Failure) 1.035: [ParNew: 154239K->17086K(154240K), 0.0426424 secs] 403830K->309170K(496960K), 0.0427544 secs] [Times: user=0.14 sys=0.03, real=0.04 secs] 
Heap
 par new generation   total 154240K, used 154238K [0x0000000080000000, 0x000000008a750000, 0x0000000094cc0000)
  eden space 137152K, 100% used [0x0000000080000000, 0x00000000885f0000, 0x00000000885f0000)
  from space 17088K,  99% used [0x00000000896a0000, 0x000000008a74fa18, 0x000000008a750000)
  to   space 17088K,   0% used [0x00000000885f0000, 0x00000000885f0000, 0x00000000896a0000)
 concurrent mark-sweep generation total 342720K, used 292084K [0x0000000094cc0000, 0x00000000a9b70000, 0x0000000100000000)
 Metaspace       used 2531K, capacity 4486K, committed 4864K, reserved 1056768K
  class space    used 274K, capacity 386K, committed 512K, reserved 1048576K
