Java HotSpot(TM) 64-Bit Server VM (25.65-b01) for linux-amd64 JRE (1.8.0_65-b17), built on Oct  6 2015 17:16:12 by "java_re" with gcc 4.3.0 20080428 (Red Hat 4.3.0-8)
Memory: 4k page, physical 32862844k(740336k free), swap 0k(0k free)
CommandLine flags: -XX:InitialHeapSize=525805504 -XX:MaxHeapSize=4294967296 -XX:MaxNewSize=348966912 -XX:MaxTenuringThreshold=6 -XX:OldPLABSize=16 -XX:+PrintGC -XX:+PrintGCDetails -XX:+PrintGCTimeStamps -XX:-UseAdaptiveSizePolicy -XX:+UseCompressedClassPointers -XX:+UseCompressedOops -XX:+UseConcMarkSweepGC -XX:+UseParNewGC 
0.267: [GC (Allocation Failure) 0.267: [ParNew: 137152K->17086K(154240K), 0.0246689 secs] 137152K->46312K(496960K), 0.0248349 secs] [Times: user=0.03 sys=0.05, real=0.03 secs] 
0.349: [GC (Allocation Failure) 0.349: [ParNew: 153929K->17087K(154240K), 0.0308325 secs] 183154K->89788K(496960K), 0.0309558 secs] [Times: user=0.06 sys=0.04, real=0.03 secs] 
0.440: [GC (Allocation Failure) 0.440: [ParNew: 154239K->17088K(154240K), 0.0234645 secs] 226940K->128158K(496960K), 0.0235773 secs] [Times: user=0.08 sys=0.00, real=0.02 secs] 
0.521: [GC (Allocation Failure) 0.521: [ParNew: 154240K->17088K(154240K), 0.0285619 secs] 265310K->169387K(496960K), 0.0286726 secs] [Times: user=0.10 sys=0.01, real=0.03 secs] 
0.607: [GC (Allocation Failure) 0.607: [ParNew: 306539KK->17087K(154240K), 0.1784535 secs] 306539K->213873K(496960K), 0.1785671 secs] [Times: user=0.54 sys=0.16, real=0.17 secs] 


ParNew:154240/154240 = 100% 
old: (306539-306539)/(496960-154240)=0 回收前old 无数据 ；回收后(213873-17087)/(496960-154240)=196786/342720=57%

0.786: [GC (CMS Initial Mark) [1 CMS-initial-mark: 196786K(342720K)] 216980K(496960K), 0.0006813 secs] [Times: user=0.00 sys=0.00, real=0.01 secs] 
0.787: [CMS-concurrent-mark-start]
0.850: [CMS-concurrent-mark: 0.063/0.063 secs] [Times: user=0.10 sys=0.02, real=0.06 secs] 
0.850: [GC (Allocation Failure) 0.850: [ParNew: 154239K->17086K(154240K), 0.0429179 secs] 351025K->256366K(496960K), 0.0430106 secs] [Times: user=0.15 sys=0.02, real=0.04 secs] 
0.893: [CMS-concurrent-preclean-start]
0.896: [CMS-concurrent-preclean: 0.003/0.003 secs] [Times: user=0.01 sys=0.00, real=0.00 secs] 
0.897: [CMS-concurrent-abortable-preclean-start]
0.951: [GC (Allocation Failure) 0.951: [ParNew0.999: [CMS-concurrent-abortable-preclean: 0.003/0.103 secs] [Times: user=0.20 sys=0.05, real=0.11 secs] 
: 154238K->17087K(154240K), 0.2471079 secs] 393518K->292504K(496960K), 0.2472192 secs] [Times: user=0.74 sys=0.24, real=0.25 secs] 
1.199: [GC (CMS Final Remark) [YG occupancy: 17443 K (154240 K)]1.199: [Rescan (parallel) , 0.0009225 secs]1.200: [weak refs processing, 0.0000202 secs]1.200: [class unloading, 0.0003268 secs]1.200: [scrub symbol table, 0.0005797 secs]1.201: [scrub string table, 0.0004725 secs][1 CMS-remark: 275417K(342720K)] 292861K(496960K), 0.0025033 secs] [Times: user=0.00 sys=0.00, real=0.00 secs] 
1.202: [CMS-concurrent-sweep-start]
Heap
 par new generation   total 154240K, used 22912K [0x00000006c0000000, 0x00000006ca750000, 0x00000006d4cc0000)
  eden1.202:  space 137152K,   4% used [0x00000006c0000000, 0x00000006c05b0778, 0x00000006c85f0000)
  from space 17088K,  99% used[CMS-concurrent-sweep: 0.001/0.001 secs] [0x00000006c96a0000, 0x00000006ca74fc00, 0x00000006ca750000)
  to   space 17088K,   0% used [0x00000006c85f0000, 0x00000006c85f0000, 0x00000006c96a0000)
 concurrent mark-sweep generation [Times: user=0.00 sys=0.00, real=0.00 secs] 
 total 342720K, used 238797K [0x00000006d4cc0000, 0x00000006e9b70000, 0x00000007c0000000)
 Metaspace       used 2531K, capacity 4486K, committed 4864K, reserved 1056768K
  class space    used 274K, capacity 386K, committed 512K, reserved 1048576K
1.203: [CMS-concurrent-reset-start]
