Java HotSpot(TM) 64-Bit Server VM (25.65-b01) for linux-amd64 JRE (1.8.0_65-b17), built on Oct  6 2015 17:16:12 by "java_re" with gcc 4.3.0 20080428 (Red Hat 4.3.0-8)
Memory: 4k page, physical 32862844k(801644k free), swap 0k(0k free)
CommandLine flags: -XX:InitialHeapSize=525805504 -XX:MaxGCPauseMillis=100 -XX:MaxHeapSize=536870912 -XX:+PrintGC -XX:+PrintGCDetails -XX:+PrintGCTimeStamps -XX:-UseAdaptiveSizePolicy -XX:+UseCompressedClassPointers -XX:+UseCompressedOops -XX:+UseG1GC 
0.187: [GC pause (G1 Evacuation Pause) (young), 0.0138415 secs]
   [Parallel Time: 12.5 ms, GC Workers: 4]
      [GC Worker Start (ms): Min: 186.7, Avg: 186.8, Max: 186.8, Diff: 0.1]
      [Ext Root Scanning (ms): Min: 0.5, Avg: 0.5, Max: 0.5, Diff: 0.1, Sum: 2.0]
      [Update RS (ms): Min: 0.0, Avg: 0.0, Max: 0.0, Diff: 0.0, Sum: 0.0]
         [Processed Buffers: Min: 0, Avg: 0.0, Max: 0, Diff: 0, Sum: 0]
      [Scan RS (ms): Min: 0.0, Avg: 0.0, Max: 0.0, Diff: 0.0, Sum: 0.0]
      [Code Root Scanning (ms): Min: 0.0, Avg: 0.0, Max: 0.0, Diff: 0.0, Sum: 0.0]
      [Object Copy (ms): Min: 6.0, Avg: 6.1, Max: 6.5, Diff: 0.5, Sum: 24.6]
      [Termination (ms): Min: 0.0, Avg: 1.6, Max: 5.7, Diff: 5.7, Sum: 6.5]
         [Termination Attempts: Min: 1, Avg: 1.0, Max: 1, Diff: 0, Sum: 4]
      [GC Worker Other (ms): Min: 0.0, Avg: 0.0, Max: 0.0, Diff: 0.0, Sum: 0.1]
      [GC Worker Total (ms): Min: 7.0, Avg: 8.3, Max: 12.2, Diff: 5.2, Sum: 33.3]
      [GC Worker End (ms): Min: 193.7, Avg: 195.1, Max: 199.0, Diff: 5.3]
   [Code Root Fixup: 0.0 ms]
   [Code Root Purge: 0.0 ms]
   [Clear CT: 0.4 ms]
   [Other: 0.9 ms]
      [Choose CSet: 0.0 ms]
      [Ref Proc: 0.3 ms]
      [Ref Enq: 0.0 ms]
      [Redirty Cards: 0.4 ms]
      [Humongous Register: 0.0 ms]
      [Humongous Reclaim: 0.0 ms]
      [Free CSet: 0.0 ms]
   [Eden: 25.0M(25.0M)->0.0B(21.0M) Survivors: 0.0B->4096.0K Heap: 28.8M(502.0M)->10.6M(502.0M)]
 [Times: user=0.02 sys=0.02, real=0.02 secs] 
0.217: [GC pause (G1 Evacuation Pause) (young), 0.0089650 secs]
   [Parallel Time: 7.5 ms, GC Workers: 4]
      [GC Worker Start (ms): Min: 217.2, Avg: 217.3, Max: 217.4, Diff: 0.2]
      [Ext Root Scanning (ms): Min: 0.3, Avg: 0.4, Max: 0.5, Diff: 0.2, Sum: 1.6]
      [Update RS (ms): Min: 0.0, Avg: 0.0, Max: 0.0, Diff: 0.0, Sum: 0.0]
         [Processed Buffers: Min: 0, Avg: 0.2, Max: 1, Diff: 1, Sum: 1]
      [Scan RS (ms): Min: 0.0, Avg: 0.0, Max: 0.0, Diff: 0.0, Sum: 0.0]
      [Code Root Scanning (ms): Min: 0.0, Avg: 0.0, Max: 0.0, Diff: 0.0, Sum: 0.0]
      [Object Copy (ms): Min: 5.7, Avg: 6.4, Max: 6.6, Diff: 0.8, Sum: 25.4]
      [Termination (ms): Min: 0.0, Avg: 0.3, Max: 0.9, Diff: 0.9, Sum: 1.2]
         [Termination Attempts: Min: 1, Avg: 1.0, Max: 1, Diff: 0, Sum: 4]
      [GC Worker Other (ms): Min: 0.0, Avg: 0.0, Max: 0.0, Diff: 0.0, Sum: 0.1]
      [GC Worker Total (ms): Min: 7.0, Avg: 7.1, Max: 7.2, Diff: 0.2, Sum: 28.3]
      [GC Worker End (ms): Min: 224.3, Avg: 224.3, Max: 224.4, Diff: 0.0]
   [Code Root Fixup: 0.0 ms]
   [Code Root Purge: 0.0 ms]
   [Clear CT: 0.4 ms]
   [Other: 1.1 ms]
      [Choose CSet: 0.0 ms]
      [Ref Proc: 0.3 ms]
      [Ref Enq: 0.0 ms]
      [Redirty Cards: 0.5 ms]
      [Humongous Register: 0.0 ms]
      [Humongous Reclaim: 0.0 ms]
      [Free CSet: 0.0 ms]
   [Eden: 21.0M(21.0M)->0.0B(21.0M) Survivors: 4096.0K->4096.0K Heap: 36.9M(502.0M)->20.3M(502.0M)]
 [Times: user=0.02 sys=0.01, real=0.01 secs] 
0.255: [GC pause (G1 Evacuation Pause) (young), 0.0076895 secs]
   [Parallel Time: 6.2 ms, GC Workers: 4]
      [GC Worker Start (ms): Min: 255.3, Avg: 255.4, Max: 255.5, Diff: 0.2]
      [Ext Root Scanning (ms): Min: 0.2, Avg: 0.3, Max: 0.4, Diff: 0.2, Sum: 1.3]
      [Update RS (ms): Min: 0.1, Avg: 0.3, Max: 0.8, Diff: 0.7, Sum: 1.2]
         [Processed Buffers: Min: 1, Avg: 1.8, Max: 3, Diff: 2, Sum: 7]
      [Scan RS (ms): Min: 0.0, Avg: 0.0, Max: 0.0, Diff: 0.0, Sum: 0.0]
      [Code Root Scanning (ms): Min: 0.0, Avg: 0.0, Max: 0.0, Diff: 0.0, Sum: 0.0]
      [Object Copy (ms): Min: 3.3, Avg: 4.2, Max: 4.7, Diff: 1.4, Sum: 17.0]
      [Termination (ms): Min: 0.0, Avg: 0.4, Max: 1.6, Diff: 1.6, Sum: 1.8]
         [Termination Attempts: Min: 1, Avg: 1.0, Max: 1, Diff: 0, Sum: 4]
      [GC Worker Other (ms): Min: 0.0, Avg: 0.0, Max: 0.0, Diff: 0.0, Sum: 0.1]
      [GC Worker Total (ms): Min: 5.1, Avg: 5.3, Max: 5.8, Diff: 0.8, Sum: 21.3]
      [GC Worker End (ms): Min: 260.5, Avg: 260.7, Max: 261.3, Diff: 0.8]
   [Code Root Fixup: 0.0 ms]
   [Code Root Purge: 0.0 ms]
   [Clear CT: 0.4 ms]
   [Other: 1.1 ms]
      [Choose CSet: 0.0 ms]
      [Ref Proc: 0.5 ms]
      [Ref Enq: 0.0 ms]
      [Redirty Cards: 0.2 ms]
      [Humongous Register: 0.0 ms]
      [Humongous Reclaim: 0.0 ms]
      [Free CSet: 0.0 ms]
   [Eden: 21.0M(21.0M)->0.0B(21.0M) Survivors: 4096.0K->4096.0K Heap: 47.9M(502.0M)->28.8M(504.0M)]
 [Times: user=0.01 sys=0.01, real=0.01 secs] 
0.280: [GC pause (G1 Evacuation Pause) (young), 0.0051419 secs]
   [Parallel Time: 4.1 ms, GC Workers: 4]
      [GC Worker Start (ms): Min: 280.3, Avg: 280.3, Max: 280.4, Diff: 0.1]
      [Ext Root Scanning (ms): Min: 0.4, Avg: 1.2, Max: 3.8, Diff: 3.5, Sum: 5.0]
      [Update RS (ms): Min: 0.0, Avg: 0.0, Max: 0.1, Diff: 0.1, Sum: 0.2]
         [Processed Buffers: Min: 0, Avg: 1.5, Max: 3, Diff: 3, Sum: 6]
      [Scan RS (ms): Min: 0.0, Avg: 0.0, Max: 0.0, Diff: 0.0, Sum: 0.0]
      [Code Root Scanning (ms): Min: 0.0, Avg: 0.0, Max: 0.0, Diff: 0.0, Sum: 0.0]
      [Object Copy (ms): Min: 0.0, Avg: 2.3, Max: 3.1, Diff: 3.1, Sum: 9.2]
      [Termination (ms): Min: 0.0, Avg: 0.2, Max: 0.3, Diff: 0.3, Sum: 1.0]
         [Termination Attempts: Min: 1, Avg: 1.0, Max: 1, Diff: 0, Sum: 4]
      [GC Worker Other (ms): Min: 0.0, Avg: 0.0, Max: 0.0, Diff: 0.0, Sum: 0.1]
      [GC Worker Total (ms): Min: 3.8, Avg: 3.8, Max: 3.9, Diff: 0.1, Sum: 15.3]
      [GC Worker End (ms): Min: 284.1, Avg: 284.2, Max: 284.2, Diff: 0.1]
   [Code Root Fixup: 0.0 ms]
   [Code Root Purge: 0.0 ms]
   [Clear CT: 0.2 ms]
   [Other: 0.9 ms]
      [Choose CSet: 0.0 ms]
      [Ref Proc: 0.4 ms]
      [Ref Enq: 0.0 ms]
      [Redirty Cards: 0.2 ms]
      [Humongous Register: 0.1 ms]
      [Humongous Reclaim: 0.0 ms]
      [Free CSet: 0.0 ms]
   [Eden: 21.0M(21.0M)->0.0B(30.0M) Survivors: 4096.0K->4096.0K Heap: 52.2M(504.0M)->35.0M(506.0M)]
 [Times: user=0.01 sys=0.01, real=0.00 secs] 
0.308: [GC pause (G1 Evacuation Pause) (young), 0.0138249 secs]
   [Parallel Time: 11.8 ms, GC Workers: 4]
      [GC Worker Start (ms): Min: 308.6, Avg: 311.5, Max: 320.2, Diff: 11.6]
      [Ext Root Scanning (ms): Min: 0.0, Avg: 0.3, Max: 0.4, Diff: 0.4, Sum: 1.2]
      [Update RS (ms): Min: 0.0, Avg: 0.0, Max: 0.1, Diff: 0.1, Sum: 0.1]
         [Processed Buffers: Min: 0, Avg: 1.5, Max: 6, Diff: 6, Sum: 6]
      [Scan RS (ms): Min: 0.0, Avg: 0.0, Max: 0.0, Diff: 0.0, Sum: 0.1]
      [Code Root Scanning (ms): Min: 0.0, Avg: 0.0, Max: 0.0, Diff: 0.0, Sum: 0.0]
      [Object Copy (ms): Min: 0.0, Avg: 5.7, Max: 7.9, Diff: 7.9, Sum: 22.9]
      [Termination (ms): Min: 0.0, Avg: 2.6, Max: 3.8, Diff: 3.8, Sum: 10.5]
         [Termination Attempts: Min: 1, Avg: 1.0, Max: 1, Diff: 0, Sum: 4]
      [GC Worker Other (ms): Min: 0.0, Avg: 0.0, Max: 0.0, Diff: 0.0, Sum: 0.1]
      [GC Worker Total (ms): Min: 0.0, Avg: 8.7, Max: 11.7, Diff: 11.6, Sum: 34.9]
      [GC Worker End (ms): Min: 320.2, Avg: 320.2, Max: 320.3, Diff: 0.0]
   [Code Root Fixup: 0.0 ms]
   [Code Root Purge: 0.0 ms]
   [Clear CT: 0.2 ms]
   [Other: 1.9 ms]
      [Choose CSet: 0.0 ms]
      [Ref Proc: 1.3 ms]
      [Ref Enq: 0.0 ms]
      [Redirty Cards: 0.2 ms]
      [Humongous Register: 0.0 ms]
      [Humongous Reclaim: 0.0 ms]
      [Free CSet: 0.0 ms]
   [Eden: 30.0M(30.0M)->0.0B(35.0M) Survivors: 4096.0K->5120.0K Heap: 72.3M(506.0M)->49.0M(508.0M)]
 [Times: user=0.04 sys=0.01, real=0.01 secs] 
0.344: [GC pause (G1 Evacuation Pause) (young), 0.0130008 secs]
   [Parallel Time: 11.5 ms, GC Workers: 4]
      [GC Worker Start (ms): Min: 344.0, Avg: 344.2, Max: 344.6, Diff: 0.5]
      [Ext Root Scanning (ms): Min: 0.0, Avg: 0.3, Max: 0.5, Diff: 0.5, Sum: 1.2]
      [Update RS (ms): Min: 0.0, Avg: 1.1, Max: 4.1, Diff: 4.1, Sum: 4.2]
         [Processed Buffers: Min: 0, Avg: 1.0, Max: 2, Diff: 2, Sum: 4]
      [Scan RS (ms): Min: 0.0, Avg: 0.0, Max: 0.0, Diff: 0.0, Sum: 0.0]
      [Code Root Scanning (ms): Min: 0.0, Avg: 0.0, Max: 0.0, Diff: 0.0, Sum: 0.0]
      [Object Copy (ms): Min: 6.6, Avg: 9.7, Max: 10.8, Diff: 4.2, Sum: 38.9]
      [Termination (ms): Min: 0.0, Avg: 0.1, Max: 0.2, Diff: 0.2, Sum: 0.3]
         [Termination Attempts: Min: 1, Avg: 1.0, Max: 1, Diff: 0, Sum: 4]
      [GC Worker Other (ms): Min: 0.0, Avg: 0.0, Max: 0.0, Diff: 0.0, Sum: 0.1]
      [GC Worker Total (ms): Min: 10.8, Avg: 11.2, Max: 11.4, Diff: 0.6, Sum: 44.8]
      [GC Worker End (ms): Min: 355.4, Avg: 355.4, Max: 355.4, Diff: 0.0]
   [Code Root Fixup: 0.0 ms]
   [Code Root Purge: 0.0 ms]
   [Clear CT: 0.4 ms]
   [Other: 1.2 ms]
      [Choose CSet: 0.0 ms]
      [Ref Proc: 0.3 ms]
      [Ref Enq: 0.0 ms]
      [Redirty Cards: 0.4 ms]
      [Humongous Register: 0.1 ms]
      [Humongous Reclaim: 0.0 ms]
      [Free CSet: 0.0 ms]
   [Eden: 35.0M(35.0M)->0.0B(87.0M) Survivors: 5120.0K->5120.0K Heap: 90.7M(508.0M)->64.1M(509.0M)]
 [Times: user=0.02 sys=0.03, real=0.01 secs] 
0.432: [GC pause (G1 Evacuation Pause) (young), 0.0216887 secs]
   [Parallel Time: 20.3 ms, GC Workers: 4]
      [GC Worker Start (ms): Min: 431.9, Avg: 432.1, Max: 432.5, Diff: 0.6]
      [Ext Root Scanning (ms): Min: 0.0, Avg: 0.3, Max: 0.4, Diff: 0.4, Sum: 1.2]
      [Update RS (ms): Min: 0.0, Avg: 0.1, Max: 0.1, Diff: 0.1, Sum: 0.2]
         [Processed Buffers: Min: 0, Avg: 1.2, Max: 2, Diff: 2, Sum: 5]
      [Scan RS (ms): Min: 0.0, Avg: 0.0, Max: 0.0, Diff: 0.0, Sum: 0.1]
      [Code Root Scanning (ms): Min: 0.0, Avg: 0.0, Max: 0.0, Diff: 0.0, Sum: 0.0]
      [Object Copy (ms): Min: 19.3, Avg: 19.3, Max: 19.4, Diff: 0.1, Sum: 77.3]
      [Termination (ms): Min: 0.0, Avg: 0.1, Max: 0.2, Diff: 0.2, Sum: 0.3]
         [Termination Attempts: Min: 1, Avg: 1.0, Max: 1, Diff: 0, Sum: 4]
      [GC Worker Other (ms): Min: 0.0, Avg: 0.0, Max: 0.0, Diff: 0.0, Sum: 0.1]
      [GC Worker Total (ms): Min: 19.4, Avg: 19.8, Max: 20.0, Diff: 0.6, Sum: 79.2]
      [GC Worker End (ms): Min: 451.9, Avg: 451.9, Max: 451.9, Diff: 0.1]
   [Code Root Fixup: 0.0 ms]
   [Code Root Purge: 0.0 ms]
   [Clear CT: 0.2 ms]
   [Other: 1.2 ms]
      [Choose CSet: 0.0 ms]
      [Ref Proc: 0.3 ms]
      [Ref Enq: 0.0 ms]
      [Redirty Cards: 0.1 ms]
      [Humongous Register: 0.1 ms]
      [Humongous Reclaim: 0.4 ms]
      [Free CSet: 0.1 ms]
   [Eden: 87.0M(87.0M)->0.0B(34.0M) Survivors: 5120.0K->12.0M Heap: 179.4M(509.0M)->103.2M(510.0M)]
 [Times: user=0.03 sys=0.05, real=0.02 secs] 
0.483: [GC pause (G1 Evacuation Pause) (young), 0.0128212 secs]
   [Parallel Time: 11.7 ms, GC Workers: 4]
      [GC Worker Start (ms): Min: 483.4, Avg: 486.3, Max: 494.8, Diff: 11.4]
      [Ext Root Scanning (ms): Min: 0.0, Avg: 0.3, Max: 0.5, Diff: 0.5, Sum: 1.2]
      [Update RS (ms): Min: 0.0, Avg: 0.1, Max: 0.1, Diff: 0.1, Sum: 0.2]
         [Processed Buffers: Min: 0, Avg: 1.2, Max: 2, Diff: 2, Sum: 5]
      [Scan RS (ms): Min: 0.0, Avg: 0.0, Max: 0.0, Diff: 0.0, Sum: 0.1]
      [Code Root Scanning (ms): Min: 0.0, Avg: 0.0, Max: 0.0, Diff: 0.0, Sum: 0.0]
      [Object Copy (ms): Min: 0.0, Avg: 7.9, Max: 10.6, Diff: 10.6, Sum: 31.8]
      [Termination (ms): Min: 0.0, Avg: 0.2, Max: 0.2, Diff: 0.2, Sum: 0.7]
         [Termination Attempts: Min: 1, Avg: 1.0, Max: 1, Diff: 0, Sum: 4]
      [GC Worker Other (ms): Min: 0.0, Avg: 0.0, Max: 0.0, Diff: 0.0, Sum: 0.1]
      [GC Worker Total (ms): Min: 0.0, Avg: 8.5, Max: 11.4, Diff: 11.4, Sum: 34.1]
      [GC Worker End (ms): Min: 494.8, Avg: 494.9, Max: 494.9, Diff: 0.0]
   [Code Root Fixup: 0.0 ms]
   [Code Root Purge: 0.0 ms]
   [Clear CT: 0.3 ms]
   [Other: 0.8 ms]
      [Choose CSet: 0.0 ms]
      [Ref Proc: 0.3 ms]
      [Ref Enq: 0.0 ms]
      [Redirty Cards: 0.2 ms]
      [Humongous Register: 0.1 ms]
      [Humongous Reclaim: 0.1 ms]
      [Free CSet: 0.0 ms]
   [Eden: 34.0M(34.0M)->0.0B(60.0M) Survivors: 12.0M->6144.0K Heap: 152.0M(510.0M)->117.8M(511.0M)]
 [Times: user=0.03 sys=0.02, real=0.01 secs] 
0.542: [GC pause (G1 Evacuation Pause) (young), 0.0159737 secs]
   [Parallel Time: 14.3 ms, GC Workers: 4]
      [GC Worker Start (ms): Min: 542.5, Avg: 542.7, Max: 542.8, Diff: 0.3]
      [Ext Root Scanning (ms): Min: 0.2, Avg: 0.3, Max: 0.5, Diff: 0.3, Sum: 1.4]
      [Update RS (ms): Min: 0.2, Avg: 0.3, Max: 0.4, Diff: 0.1, Sum: 1.1]
         [Processed Buffers: Min: 2, Avg: 2.2, Max: 3, Diff: 1, Sum: 9]
      [Scan RS (ms): Min: 0.0, Avg: 0.0, Max: 0.1, Diff: 0.1, Sum: 0.1]
      [Code Root Scanning (ms): Min: 0.0, Avg: 0.0, Max: 0.0, Diff: 0.0, Sum: 0.0]
      [Object Copy (ms): Min: 13.3, Avg: 13.4, Max: 13.4, Diff: 0.1, Sum: 53.5]
      [Termination (ms): Min: 0.0, Avg: 0.0, Max: 0.1, Diff: 0.1, Sum: 0.1]
         [Termination Attempts: Min: 1, Avg: 1.0, Max: 1, Diff: 0, Sum: 4]
      [GC Worker Other (ms): Min: 0.0, Avg: 0.0, Max: 0.0, Diff: 0.0, Sum: 0.1]
      [GC Worker Total (ms): Min: 14.0, Avg: 14.1, Max: 14.2, Diff: 0.2, Sum: 56.3]
      [GC Worker End (ms): Min: 556.7, Avg: 556.7, Max: 556.7, Diff: 0.0]
   [Code Root Fixup: 0.0 ms]
   [Code Root Purge: 0.0 ms]
   [Clear CT: 0.4 ms]
   [Other: 1.2 ms]
      [Choose CSet: 0.0 ms]
      [Ref Proc: 0.4 ms]
      [Ref Enq: 0.0 ms]
      [Redirty Cards: 0.4 ms]
      [Humongous Register: 0.1 ms]
      [Humongous Reclaim: 0.1 ms]
      [Free CSet: 0.1 ms]
   [Eden: 60.0M(60.0M)->0.0B(70.0M) Survivors: 6144.0K->9216.0K Heap: 198.5M(511.0M)->144.5M(512.0M)]
 [Times: user=0.03 sys=0.03, real=0.02 secs] 
0.599: [GC pause (G1 Evacuation Pause) (young), 0.0185568 secs]
   [Parallel Time: 16.8 ms, GC Workers: 4]
      [GC Worker Start (ms): Min: 599.7, Avg: 599.8, Max: 599.9, Diff: 0.2]
      [Ext Root Scanning (ms): Min: 0.3, Avg: 0.4, Max: 0.5, Diff: 0.2, Sum: 1.5]
      [Update RS (ms): Min: 0.3, Avg: 0.4, Max: 0.5, Diff: 0.2, Sum: 1.5]
         [Processed Buffers: Min: 3, Avg: 3.2, Max: 4, Diff: 1, Sum: 13]
      [Scan RS (ms): Min: 0.0, Avg: 0.0, Max: 0.1, Diff: 0.0, Sum: 0.2]
      [Code Root Scanning (ms): Min: 0.0, Avg: 0.0, Max: 0.0, Diff: 0.0, Sum: 0.0]
      [Object Copy (ms): Min: 15.3, Avg: 15.5, Max: 15.7, Diff: 0.3, Sum: 62.0]
      [Termination (ms): Min: 0.0, Avg: 0.2, Max: 0.4, Diff: 0.4, Sum: 0.9]
         [Termination Attempts: Min: 1, Avg: 1.0, Max: 1, Diff: 0, Sum: 4]
      [GC Worker Other (ms): Min: 0.0, Avg: 0.0, Max: 0.0, Diff: 0.0, Sum: 0.1]
      [GC Worker Total (ms): Min: 16.4, Avg: 16.5, Max: 16.6, Diff: 0.2, Sum: 66.1]
      [GC Worker End (ms): Min: 616.3, Avg: 616.3, Max: 616.3, Diff: 0.0]
   [Code Root Fixup: 0.0 ms]
   [Code Root Purge: 0.0 ms]
   [Clear CT: 0.5 ms]
   [Other: 1.3 ms]
      [Choose CSet: 0.0 ms]
      [Ref Proc: 0.5 ms]
      [Ref Enq: 0.0 ms]
      [Redirty Cards: 0.4 ms]
      [Humongous Register: 0.1 ms]
      [Humongous Reclaim: 0.1 ms]
      [Free CSet: 0.1 ms]
   [Eden: 70.0M(70.0M)->0.0B(90.0M) Survivors: 9216.0K->10.0M Heap: 232.2M(512.0M)->168.4M(512.0M)]
 [Times: user=0.02 sys=0.04, real=0.02 secs] 
0.675: [GC pause (G1 Evacuation Pause) (young), 0.0125484 secs]
   [Parallel Time: 11.1 ms, GC Workers: 4]
      [GC Worker Start (ms): Min: 675.3, Avg: 675.4, Max: 675.4, Diff: 0.2]
      [Ext Root Scanning (ms): Min: 0.3, Avg: 0.4, Max: 0.5, Diff: 0.2, Sum: 1.5]
      [Update RS (ms): Min: 0.4, Avg: 0.5, Max: 0.5, Diff: 0.1, Sum: 1.9]
         [Processed Buffers: Min: 2, Avg: 3.5, Max: 4, Diff: 2, Sum: 14]
      [Scan RS (ms): Min: 0.0, Avg: 0.0, Max: 0.1, Diff: 0.1, Sum: 0.1]
      [Code Root Scanning (ms): Min: 0.0, Avg: 0.0, Max: 0.0, Diff: 0.0, Sum: 0.0]
      [Object Copy (ms): Min: 9.7, Avg: 9.8, Max: 9.9, Diff: 0.3, Sum: 39.1]
      [Termination (ms): Min: 0.0, Avg: 0.2, Max: 0.3, Diff: 0.3, Sum: 0.6]
         [Termination Attempts: Min: 1, Avg: 1.0, Max: 1, Diff: 0, Sum: 4]
      [GC Worker Other (ms): Min: 0.0, Avg: 0.0, Max: 0.0, Diff: 0.0, Sum: 0.1]
      [GC Worker Total (ms): Min: 10.8, Avg: 10.8, Max: 10.9, Diff: 0.1, Sum: 43.4]
      [GC Worker End (ms): Min: 686.2, Avg: 686.2, Max: 686.2, Diff: 0.0]
   [Code Root Fixup: 0.0 ms]
   [Code Root Purge: 0.0 ms]
   [Clear CT: 0.2 ms]
   [Other: 1.2 ms]
      [Choose CSet: 0.0 ms]
      [Ref Proc: 0.4 ms]
      [Ref Enq: 0.0 ms]
      [Redirty Cards: 0.3 ms]
      [Humongous Register: 0.1 ms]
      [Humongous Reclaim: 0.1 ms]
      [Free CSet: 0.1 ms]
   [Eden: 90.0M(90.0M)->0.0B(107.0M) Survivors: 10.0M->13.0M Heap: 285.0M(512.0M)->203.1M(512.0M)]
 [Times: user=0.03 sys=0.02, real=0.02 secs] 
0.719: [GC pause (G1 Humongous Allocation) (young) (initial-mark), 0.0132646 secs]
   [Parallel Time: 11.7 ms, GC Workers: 4]
      [GC Worker Start (ms): Min: 719.2, Avg: 719.3, Max: 719.4, Diff: 0.2]
      [Ext Root Scanning (ms): Min: 0.3, Avg: 0.4, Max: 0.5, Diff: 0.2, Sum: 1.6]
      [Update RS (ms): Min: 0.4, Avg: 0.4, Max: 0.4, Diff: 0.0, Sum: 1.5]
         [Processed Buffers: Min: 2, Avg: 2.8, Max: 3, Diff: 1, Sum: 11]
      [Scan RS (ms): Min: 0.0, Avg: 0.0, Max: 0.0, Diff: 0.0, Sum: 0.1]
      [Code Root Scanning (ms): Min: 0.0, Avg: 0.0, Max: 0.0, Diff: 0.0, Sum: 0.0]
      [Object Copy (ms): Min: 10.4, Avg: 10.5, Max: 10.6, Diff: 0.2, Sum: 41.9]
      [Termination (ms): Min: 0.0, Avg: 0.2, Max: 0.3, Diff: 0.3, Sum: 0.7]
         [Termination Attempts: Min: 1, Avg: 1.0, Max: 1, Diff: 0, Sum: 4]
      [GC Worker Other (ms): Min: 0.0, Avg: 0.0, Max: 0.0, Diff: 0.0, Sum: 0.1]
      [GC Worker Total (ms): Min: 11.4, Avg: 11.5, Max: 11.6, Diff: 0.2, Sum: 45.9]
      [GC Worker End (ms): Min: 730.7, Avg: 730.8, Max: 730.8, Diff: 0.0]
   [Code Root Fixup: 0.0 ms]
   [Code Root Purge: 0.0 ms]
   [Clear CT: 0.4 ms]
   [Other: 1.2 ms]
      [Choose CSet: 0.0 ms]
      [Ref Proc: 0.4 ms]
      [Ref Enq: 0.0 ms]
      [Redirty Cards: 0.4 ms]
      [Humongous Register: 0.1 ms]
      [Humongous Reclaim: 0.1 ms]
      [Free CSet: 0.1 ms]
   [Eden: 68.0M(107.0M)->0.0B(112.0M) Survivors: 13.0M->15.0M Heap: 276.9M(512.0M)->223.1M(512.0M)]
 [Times: user=0.02 sys=0.01, real=0.01 secs] 
0.732: [GC concurrent-root-region-scan-start]
0.733: [GC concurrent-root-region-scan-end, 0.0003587 secs]
0.733: [GC concurrent-mark-start]
0.738: [GC concurrent-mark-end, 0.0048432 secs]
0.738: [GC remark 0.738: [Finalize Marking, 0.0004793 secs] 0.739: [GC ref-proc, 0.0001299 secs] 0.739: [Unloading, 0.0009855 secs], 0.0026646 secs]
 [Times: user=0.01 sys=0.00, real=0.00 secs] 
0.742: [GC cleanup 236M->236M(512M), 0.0010303 secs]
 [Times: user=0.00 sys=0.01, real=0.00 secs] 
1.008: [GC pause (G1 Evacuation Pause) (young), 0.0179783 secs]
   [Parallel Time: 16.0 ms, GC Workers: 4]
      [GC Worker Start (ms): Min: 1008.8, Avg: 1008.9, Max: 1009.0, Diff: 0.2]
      [Ext Root Scanning (ms): Min: 0.2, Avg: 0.4, Max: 0.5, Diff: 0.2, Sum: 1.4]
      [Update RS (ms): Min: 0.4, Avg: 0.6, Max: 0.6, Diff: 0.2, Sum: 2.3]
         [Processed Buffers: Min: 2, Avg: 4.0, Max: 5, Diff: 3, Sum: 16]
      [Scan RS (ms): Min: 0.0, Avg: 0.0, Max: 0.1, Diff: 0.1, Sum: 0.1]
      [Code Root Scanning (ms): Min: 0.0, Avg: 0.0, Max: 0.0, Diff: 0.0, Sum: 0.0]
      [Object Copy (ms): Min: 13.9, Avg: 14.1, Max: 14.6, Diff: 0.7, Sum: 56.6]
      [Termination (ms): Min: 0.0, Avg: 0.4, Max: 0.6, Diff: 0.6, Sum: 1.5]
         [Termination Attempts: Min: 1, Avg: 1.0, Max: 1, Diff: 0, Sum: 4]
      [GC Worker Other (ms): Min: 0.0, Avg: 0.0, Max: 0.0, Diff: 0.0, Sum: 0.1]
      [GC Worker Total (ms): Min: 15.4, Avg: 15.5, Max: 15.6, Diff: 0.2, Sum: 62.1]
      [GC Worker End (ms): Min: 1024.4, Avg: 1024.4, Max: 1024.4, Diff: 0.0]
   [Code Root Fixup: 0.0 ms]
   [Code Root Purge: 0.0 ms]
   [Clear CT: 0.5 ms]
   [Other: 1.5 ms]
      [Choose CSet: 0.0 ms]
      [Ref Proc: 0.5 ms]
      [Ref Enq: 0.0 ms]
      [Redirty Cards: 0.6 ms]
      [Humongous Register: 0.1 ms]
      [Humongous Reclaim: 0.1 ms]
      [Free CSet: 0.1 ms]
   [Eden: 112.0M(112.0M)->0.0B(9216.0K) Survivors: 15.0M->16.0M Heap: 374.9M(512.0M)->267.6M(512.0M)]
 [Times: user=0.03 sys=0.03, real=0.01 secs] 
1.033: [GC pause (G1 Evacuation Pause) (mixed), 0.0098660 secs]
   [Parallel Time: 8.2 ms, GC Workers: 4]
      [GC Worker Start (ms): Min: 1033.3, Avg: 1033.4, Max: 1033.5, Diff: 0.2]
      [Ext Root Scanning (ms): Min: 0.2, Avg: 0.3, Max: 0.5, Diff: 0.2, Sum: 1.4]
      [Update RS (ms): Min: 0.7, Avg: 0.7, Max: 0.8, Diff: 0.1, Sum: 2.9]
         [Processed Buffers: Min: 3, Avg: 5.5, Max: 7, Diff: 4, Sum: 22]
      [Scan RS (ms): Min: 0.0, Avg: 0.1, Max: 0.2, Diff: 0.2, Sum: 0.4]
      [Code Root Scanning (ms): Min: 0.0, Avg: 0.0, Max: 0.0, Diff: 0.0, Sum: 0.0]
      [Object Copy (ms): Min: 6.6, Avg: 6.6, Max: 6.7, Diff: 0.1, Sum: 26.6]
      [Termination (ms): Min: 0.0, Avg: 0.1, Max: 0.1, Diff: 0.1, Sum: 0.2]
         [Termination Attempts: Min: 1, Avg: 1.2, Max: 2, Diff: 1, Sum: 5]
      [GC Worker Other (ms): Min: 0.0, Avg: 0.0, Max: 0.0, Diff: 0.0, Sum: 0.1]
      [GC Worker Total (ms): Min: 7.8, Avg: 7.9, Max: 8.0, Diff: 0.3, Sum: 31.6]
      [GC Worker End (ms): Min: 1041.3, Avg: 1041.3, Max: 1041.3, Diff: 0.0]
   [Code Root Fixup: 0.0 ms]
   [Code Root Purge: 0.0 ms]
   [Clear CT: 0.4 ms]
   [Other: 1.3 ms]
      [Choose CSet: 0.0 ms]
      [Ref Proc: 0.4 ms]
      [Ref Enq: 0.0 ms]
      [Redirty Cards: 0.5 ms]
      [Humongous Register: 0.1 ms]
      [Humongous Reclaim: 0.0 ms]
      [Free CSet: 0.1 ms]
   [Eden: 9216.0K(9216.0K)->0.0B(124.0M) Survivors: 16.0M->1024.0K Heap: 279.5M(512.0M)->245.5M(512.0M)]
 [Times: user=0.03 sys=0.01, real=0.01 secs] 
1.047: [GC pause (G1 Humongous Allocation) (young) (initial-mark), 0.0028048 secs]
   [Parallel Time: 1.5 ms, GC Workers: 4]
      [GC Worker Start (ms): Min: 1047.6, Avg: 1047.8, Max: 1047.9, Diff: 0.3]
      [Ext Root Scanning (ms): Min: 0.3, Avg: 0.4, Max: 0.5, Diff: 0.3, Sum: 1.5]
      [Update RS (ms): Min: 0.1, Avg: 0.3, Max: 0.7, Diff: 0.6, Sum: 1.1]
         [Processed Buffers: Min: 1, Avg: 1.2, Max: 2, Diff: 1, Sum: 5]
      [Scan RS (ms): Min: 0.0, Avg: 0.0, Max: 0.0, Diff: 0.0, Sum: 0.0]
      [Code Root Scanning (ms): Min: 0.0, Avg: 0.0, Max: 0.0, Diff: 0.0, Sum: 0.0]
      [Object Copy (ms): Min: 0.0, Avg: 0.4, Max: 0.7, Diff: 0.7, Sum: 1.7]
      [Termination (ms): Min: 0.0, Avg: 0.1, Max: 0.2, Diff: 0.2, Sum: 0.4]
         [Termination Attempts: Min: 1, Avg: 1.0, Max: 1, Diff: 0, Sum: 4]
      [GC Worker Other (ms): Min: 0.0, Avg: 0.0, Max: 0.0, Diff: 0.0, Sum: 0.1]
      [GC Worker Total (ms): Min: 1.1, Avg: 1.2, Max: 1.4, Diff: 0.3, Sum: 4.8]
      [GC Worker End (ms): Min: 1049.0, Avg: 1049.0, Max: 1049.0, Diff: 0.0]
   [Code Root Fixup: 0.0 ms]
   [Code Root Purge: 0.0 ms]
   [Clear CT: 0.3 ms]
   [Other: 0.9 ms]
      [Choose CSet: 0.0 ms]
      [Ref Proc: 0.3 ms]
      [Ref Enq: 0.0 ms]
      [Redirty Cards: 0.3 ms]
      [Humongous Register: 0.1 ms]
      [Humongous Reclaim: 0.0 ms]
      [Free CSet: 0.0 ms]
   [Eden: 7168.0K(124.0M)->0.0B(122.0M) Survivors: 1024.0K->3072.0K Heap: 251.8M(512.0M)->247.1M(512.0M)]
 [Times: user=0.01 sys=0.00, real=0.00 secs] 
1.050: [GC concurrent-root-region-scan-start]
1.051: [GC concurrent-root-region-scan-end, 0.0001787 secs]
1.051: [GC concurrent-mark-start]
1.054: [GC concurrent-mark-end, 0.0033532 secs]
1.054: [GC remark 1.054: [Finalize Marking, 0.0004430 secs] 1.055: [GC ref-proc, 0.0001288 secs] 1.055: [Unloading, 0.0009687 secs], 0.0027958 secs]
 [Times: user=0.01 sys=0.00, real=0.01 secs] 
1.058: [GC cleanup 254M->254M(512M), 0.0009534 secs]
 [Times: user=0.00 sys=0.00, real=0.00 secs] 
1.127: [GC pause (G1 Evacuation Pause) (young), 0.0139768 secs]
   [Parallel Time: 12.2 ms, GC Workers: 4]
      [GC Worker Start (ms): Min: 1127.8, Avg: 1127.9, Max: 1128.0, Diff: 0.2]
      [Ext Root Scanning (ms): Min: 0.2, Avg: 0.4, Max: 0.5, Diff: 0.2, Sum: 1.4]
      [Update RS (ms): Min: 0.6, Avg: 0.6, Max: 0.6, Diff: 0.1, Sum: 2.3]
         [Processed Buffers: Min: 2, Avg: 4.2, Max: 5, Diff: 3, Sum: 17]
      [Scan RS (ms): Min: 0.0, Avg: 0.0, Max: 0.1, Diff: 0.0, Sum: 0.1]
      [Code Root Scanning (ms): Min: 0.0, Avg: 0.0, Max: 0.0, Diff: 0.0, Sum: 0.0]
      [Object Copy (ms): Min: 10.4, Avg: 10.5, Max: 10.7, Diff: 0.4, Sum: 41.9]
      [Termination (ms): Min: 0.0, Avg: 0.3, Max: 0.3, Diff: 0.3, Sum: 1.0]
         [Termination Attempts: Min: 1, Avg: 1.0, Max: 1, Diff: 0, Sum: 4]
      [GC Worker Other (ms): Min: 0.0, Avg: 0.0, Max: 0.0, Diff: 0.0, Sum: 0.1]
      [GC Worker Total (ms): Min: 11.6, Avg: 11.7, Max: 11.9, Diff: 0.3, Sum: 46.9]
      [GC Worker End (ms): Min: 1139.6, Avg: 1139.6, Max: 1139.6, Diff: 0.0]
   [Code Root Fixup: 0.0 ms]
   [Code Root Purge: 0.0 ms]
   [Clear CT: 0.4 ms]
   [Other: 1.4 ms]
      [Choose CSet: 0.0 ms]
      [Ref Proc: 0.5 ms]
      [Ref Enq: 0.0 ms]
      [Redirty Cards: 0.4 ms]
      [Humongous Register: 0.1 ms]
      [Humongous Reclaim: 0.1 ms]
      [Free CSet: 0.1 ms]
   [Eden: 122.0M(122.0M)->0.0B(9216.0K) Survivors: 3072.0K->16.0M Heap: 394.6M(512.0M)->283.7M(512.0M)]
 [Times: user=0.03 sys=0.02, real=0.01 secs] 
Heap
 garbage-first heap   total 524288K, used 293620K [0x00000000e0000000, 0x00000000e0101000, 0x0000000100000000)
  region size 1024K, 20 young (20480K), 16 survivors (16384K)
 Metaspace       used 2531K, capacity 4486K, committed 4864K, reserved 1056768K
  class space    used 274K, capacity 386K, committed 512K, reserved 1048576K
