Java HotSpot(TM) 64-Bit Server VM (25.65-b01) for linux-amd64 JRE (1.8.0_65-b17), built on Oct  6 2015 17:16:12 by "java_re" with gcc 4.3.0 20080428 (Red Hat 4.3.0-8)
Memory: 4k page, physical 32862844k(740320k free), swap 0k(0k free)
CommandLine flags: -XX:InitialHeapSize=525805504 -XX:MaxHeapSize=2147483648 -XX:+PrintGC -XX:+PrintGCDetails -XX:+PrintGCTimeStamps -XX:-UseAdaptiveSizePolicy -XX:+UseCompressedClassPointers -XX:+UseCompressedOops -XX:+UseParallelGC 
0.260: [GC (Allocation Failure) [PSYoungGen: 129024K->20984K(150016K)] 129024K->41643K(493056K), 0.0314827 secs] [Times: user=0.05 sys=0.08, real=0.03 secs] 
0.349: [GC (Allocation Failure) [PSYoungGen: 150008K->20990K(150016K)] 170667K->82604K(493056K), 0.0461525 secs] [Times: user=0.06 sys=0.13, real=0.05 secs] 
0.448: [GC (Allocation Failure) [PSYoungGen: 150014K->20988K(150016K)] 211628K->125948K(493056K), 0.0380089 secs] [Times: user=0.07 sys=0.08, real=0.04 secs] 
0.542: [GC (Allocation Failure) [PSYoungGen: 149878K->20980K(150016K)] 254837K->163666K(493056K), 0.0251538 secs] [Times: user=0.04 sys=0.06, real=0.03 secs] 
0.617: [GC (Allocation Failure) [PSYoungGen: 149666K->20985K(150016K)] 292351K->208796K(493056K), 0.0246874 secs] [Times: user=0.04 sys=0.05, real=0.02 secs] 
0.697: [GC (Allocation Failure) [PSYoungGen: 150009K->20973K(150016K)] 337820K->250093K(493056K), 0.3240486 secs] [Times: user=0.04 sys=1.24, real=0.32 secs] 
1.072: [GC (Allocation Failure) [PSYoungGen: 149733K->20991K(150016K)] 378853K->291386K(493056K), 0.0203341 secs] [Times: user=0.06 sys=0.03, real=0.02 secs] 
Heap
 PSYoungGen      total 150016K, used 118833K [0x00000000d5580000, 0x00000000dfc80000, 0x0000000100000000)
  eden space 129024K, 75% used [0x00000000d5580000,0x00000000db50cb00,0x00000000dd380000)
  from space 20992K, 99% used [0x00000000dd380000,0x00000000de7ffc18,0x00000000de800000)
  to   space 20992K, 0% used [0x00000000de800000,0x00000000de800000,0x00000000dfc80000)
 ParOldGen       total 343040K, used 270395K [0x0000000080000000, 0x0000000094f00000, 0x00000000d5580000)
  object space 343040K, 78% used [0x0000000080000000,0x000000009080ef10,0x0000000094f00000)
 Metaspace       used 2531K, capacity 4486K, committed 4864K, reserved 1056768K
  class space    used 274K, capacity 386K, committed 512K, reserved 1048576K
