Java HotSpot(TM) 64-Bit Server VM (25.65-b01) for linux-amd64 JRE (1.8.0_65-b17), built on Oct  6 2015 17:16:12 by "java_re" with gcc 4.3.0 20080428 (Red Hat 4.3.0-8)
Memory: 4k page, physical 32862844k(739580k free), swap 0k(0k free)
CommandLine flags: -XX:InitialHeapSize=525805504 -XX:MaxHeapSize=4294967296 -XX:+PrintGC -XX:+PrintGCDetails -XX:+PrintGCTimeStamps -XX:-UseAdaptiveSizePolicy -XX:+UseCompressedClassPointers -XX:+UseCompressedOops -XX:+UseParallelGC 
0.265: [GC (Allocation Failure) [PSYoungGen: 129024K->20985K(150016K)] 129024K->39442K(493056K), 0.0250289 secs] [Times: user=0.03 sys=0.04, real=0.02 secs] 
0.352: [GC (Allocation Failure) [PSYoungGen: 150009K->20987K(150016K)] 168466K->76906K(493056K), 0.0432276 secs] [Times: user=0.06 sys=0.11, real=0.05 secs] 
0.450: [GC (Allocation Failure) [PSYoungGen: 150011K->20983K(150016K)] 205930K->115093K(493056K), 0.0347788 secs] [Times: user=0.06 sys=0.07, real=0.04 secs] 
0.536: [GC (Allocation Failure) [PSYoungGen: 149731K->20979K(150016K)] 243840K->160483K(493056K), 0.0290642 secs] [Times: user=0.05 sys=0.06, real=0.03 secs] 
0.616: [GC (Allocation Failure) [PSYoungGen: 150003K->20991K(150016K)] 289507K->199235K(493056K), 0.3417887 secs] [Times: user=0.05 sys=1.31, real=0.34 secs] 
1.011: [GC (Allocation Failure) [PSYoungGen: 149623K->20973K(150016K)] 327866K->237921K(493056K), 0.0189052 secs] [Times: user=0.05 sys=0.02, real=0.02 secs] 
1.086: [GC (Allocation Failure) [PSYoungGen: 149997K->20979K(150016K)] 366945K->279514K(493056K), 0.0202722 secs] [Times: user=0.05 sys=0.02, real=0.02 secs] 
Heap
 PSYoungGen      total 150016K, used 87855K [0x000000076ab00000, 0x0000000775200000, 0x00000007c0000000)
  eden space 129024K, 51% used [0x000000076ab00000,0x000000076ec4efb0,0x0000000772900000)
  from space 20992K, 99% used [0x0000000772900000,0x0000000773d7ce40,0x0000000773d80000)
  to   space 20992K, 0% used [0x0000000773d80000,0x0000000773d80000,0x0000000775200000)
 ParOldGen       total 343040K, used 258535K [0x00000006c0000000, 0x00000006d4f00000, 0x000000076ab00000)
  object space 343040K, 75% used [0x00000006c0000000,0x00000006cfc79c40,0x00000006d4f00000)
 Metaspace       used 2531K, capacity 4486K, committed 4864K, reserved 1056768K
  class space    used 274K, capacity 386K, committed 512K, reserved 1048576K
