Java HotSpot(TM) 64-Bit Server VM (25.65-b01) for linux-amd64 JRE (1.8.0_65-b17), built on Oct  6 2015 17:16:12 by "java_re" with gcc 4.3.0 20080428 (Red Hat 4.3.0-8)
Memory: 4k page, physical 32862844k(718596k free), swap 0k(0k free)
CommandLine flags: -XX:InitialHeapSize=525805504 -XX:MaxHeapSize=536870912 -XX:+PrintGC -XX:+PrintGCDetails -XX:+PrintGCTimeStamps -XX:-UseAdaptiveSizePolicy -XX:+UseCompressedClassPointers -XX:+UseCompressedOops -XX:+UseParallelGC 
0.261: [GC (Allocation Failure) [PSYoungGen: 128872K->20981K(150016K)] 128872K->39557K(493056K), 0.0297509 secs] [Times: user=0.04 sys=0.08, real=0.03 secs] 
0.346: [GC (Allocation Failure) [PSYoungGen: 150005K->20966K(150016K)] 168581K->77031K(493056K), 0.0439809 secs] [Times: user=0.05 sys=0.12, real=0.05 secs] 
0.445: [GC (Allocation Failure) [PSYoungGen: 149990K->20982K(150016K)] 206055K->121634K(493056K), 0.0378124 secs] [Times: user=0.06 sys=0.09, real=0.04 secs] 
0.537: [GC (Allocation Failure) [PSYoungGen: 150006K->20986K(150016K)] 250658K->158932K(493056K), 0.4471508 secs] [Times: user=0.04 sys=1.73, real=0.45 secs] 
1.042: [GC (Allocation Failure) [PSYoungGen: 150010K->20977K(150016K)] 287956K->200684K(493056K), 0.2598526 secs] [Times: user=0.04 sys=0.94, real=0.26 secs] 
Heap
 PSYoungGen      total 150016K, used 26400K [0x00000000f5580000, 0x00000000ffc80000, 0x0000000100000000)
  eden space 129024K, 4% used [0x00000000f5580000,0x00000000f5acbb48,0x00000000fd380000)
  from space 20992K, 99% used [0x00000000fd380000,0x00000000fe7fc7b8,0x00000000fe800000)
  to   space 20992K, 0% used [0x00000000fe800000,0x00000000fe800000,0x00000000ffc80000)
 ParOldGen       total 343040K, used 179706K [0x00000000e0000000, 0x00000000f4f00000, 0x00000000f5580000)
  object space 343040K, 52% used [0x00000000e0000000,0x00000000eaf7ebb0,0x00000000f4f00000)
 Metaspace       used 2531K, capacity 4486K, committed 4864K, reserved 1056768K
  class space    used 274K, capacity 386K, committed 512K, reserved 1048576K
