Java HotSpot(TM) 64-Bit Server VM (25.65-b01) for linux-amd64 JRE (1.8.0_65-b17), built on Oct  6 2015 17:16:12 by "java_re" with gcc 4.3.0 20080428 (Red Hat 4.3.0-8)
Memory: 4k page, physical 32862844k(659816k free), swap 0k(0k free)
CommandLine flags: -XX:InitialHeapSize=525805504 -XX:MaxHeapSize=1073741824 -XX:+PrintGC -XX:+PrintGCDetails -XX:+PrintGCTimeStamps -XX:-UseAdaptiveSizePolicy -XX:+UseCompressedClassPointers -XX:+UseCompressedOops -XX:+UseSerialGC 
0.271: [GC (Allocation Failure) 0.271: [DefNew: 137066K->17088K(154240K), 0.0222091 secs] 137066K->42453K(496960K), 0.0223302 secs] [Times: user=0.01 sys=0.02, real=0.02 secs] 
0.350: [GC (Allocation Failure) 0.350: [DefNew: 154240K->17087K(154240K), 0.0275582 secs] 179605K->83870K(496960K), 0.0276566 secs] [Times: user=0.02 sys=0.01, real=0.03 secs] 
0.437: [GC (Allocation Failure) 0.437: [DefNew: 154239K->17085K(154240K), 0.2144603 secs] 221022K->123180K(496960K), 0.2145599 secs] [Times: user=0.01 sys=0.19, real=0.22 secs] 
0.709: [GC (Allocation Failure) 0.710: [DefNew: 154237K->17087K(154240K), 0.2097979 secs] 260332K->163609K(496960K), 0.2099085 secs] [Times: user=0.01 sys=0.20, real=0.21 secs] 
0.972: [GC (Allocation Failure) 0.972: [DefNew: 154239K->17086K(154240K), 0.2171162 secs] 300761K->214170K(496960K), 0.2172157 secs] [Times: user=0.02 sys=0.19, real=0.21 secs] 
Heap
 def new generation   total 154240K, used 22825K [0x00000000c0000000, 0x00000000ca750000, 0x00000000d5550000)
  eden space 137152K,   4% used [0x00000000c0000000, 0x00000000c059ae78, 0x00000000c85f0000)
  from space 17088K,  99% used [0x00000000c96a0000, 0x00000000ca74f920, 0x00000000ca750000)
  to   space 17088K,   0% used [0x00000000c85f0000, 0x00000000c85f0000, 0x00000000c96a0000)
 tenured generation   total 342720K, used 197083K [0x00000000d5550000, 0x00000000ea400000, 0x0000000100000000)
   the space 342720K,  57% used [0x00000000d5550000, 0x00000000e15c6f40, 0x00000000e15c7000, 0x00000000ea400000)
 Metaspace       used 2531K, capacity 4486K, committed 4864K, reserved 1056768K
  class space    used 274K, capacity 386K, committed 512K, reserved 1048576K


def new generation   total 154240K, used 22825K   22825/154240 = 15%
tenured generation   total 342720K, used 197083K   197083/ 342720 = 58%