Java HotSpot(TM) 64-Bit Server VM (25.65-b01) for linux-amd64 JRE (1.8.0_65-b17), built on Oct  6 2015 17:16:12 by "java_re" with gcc 4.3.0 20080428 (Red Hat 4.3.0-8)
Memory: 4k page, physical 32862844k(2642500k free), swap 0k(0k free)
CommandLine flags: -XX:InitialHeapSize=1073741824 -XX:MaxGCPauseMillis=50 -XX:MaxHeapSize=1073741824 -XX:+PrintGC -XX:+PrintGCDetails -XX:+PrintGCTimeStamps -XX:-UseAdaptiveSizePolicy -XX:+UseCompressedClassPointers -XX:+UseCompressedOops -XX:+UseG1GC 
0.983: [GC pause (G1 Evacuation Pause) (young), 0.0082003 secs]
   [Parallel Time: 5.1 ms, GC Workers: 4]
      [GC Worker Start (ms): Min: 982.7, Avg: 983.0, Max: 983.7, Diff: 0.9]
      [Ext Root Scanning (ms): Min: 0.0, Avg: 0.5, Max: 0.9, Diff: 0.9, Sum: 2.1]
      [Update RS (ms): Min: 0.0, Avg: 0.0, Max: 0.0, Diff: 0.0, Sum: 0.0]
         [Processed Buffers: Min: 0, Avg: 0.0, Max: 0, Diff: 0, Sum: 0]
      [Scan RS (ms): Min: 0.0, Avg: 0.0, Max: 0.0, Diff: 0.0, Sum: 0.1]
      [Code Root Scanning (ms): Min: 0.1, Avg: 1.2, Max: 3.7, Diff: 3.6, Sum: 4.6]
      [Object Copy (ms): Min: 0.4, Avg: 2.9, Max: 3.9, Diff: 3.6, Sum: 11.5]
      [Termination (ms): Min: 0.0, Avg: 0.0, Max: 0.0, Diff: 0.0, Sum: 0.0]
         [Termination Attempts: Min: 1, Avg: 1.8, Max: 3, Diff: 2, Sum: 7]
      [GC Worker Other (ms): Min: 0.0, Avg: 0.0, Max: 0.0, Diff: 0.0, Sum: 0.1]
      [GC Worker Total (ms): Min: 3.9, Avg: 4.6, Max: 4.8, Diff: 0.9, Sum: 18.3]
      [GC Worker End (ms): Min: 987.5, Avg: 987.5, Max: 987.5, Diff: 0.0]
   [Code Root Fixup: 0.3 ms]
   [Code Root Purge: 0.1 ms]
   [Clear CT: 0.3 ms]
   [Other: 2.5 ms]
      [Choose CSet: 0.0 ms]
      [Ref Proc: 2.0 ms]
      [Ref Enq: 0.0 ms]
      [Redirty Cards: 0.1 ms]
      [Humongous Register: 0.0 ms]
      [Humongous Reclaim: 0.0 ms]
      [Free CSet: 0.1 ms]
   [Eden: 51.0M(51.0M)->0.0B(47.0M) Survivors: 0.0B->4096.0K Heap: 51.0M(1024.0M)->3875.5K(1024.0M)]
 [Times: user=0.03 sys=0.00, real=0.01 secs] 
1.266: [GC pause (G1 Evacuation Pause) (young), 0.0069412 secs]
   [Parallel Time: 4.5 ms, GC Workers: 4]
      [GC Worker Start (ms): Min: 1266.2, Avg: 1266.3, Max: 1266.3, Diff: 0.1]
      [Ext Root Scanning (ms): Min: 0.4, Avg: 0.7, Max: 1.1, Diff: 0.7, Sum: 2.7]
      [Update RS (ms): Min: 0.0, Avg: 0.0, Max: 0.0, Diff: 0.0, Sum: 0.0]
         [Processed Buffers: Min: 0, Avg: 0.0, Max: 0, Diff: 0, Sum: 0]
      [Scan RS (ms): Min: 0.0, Avg: 0.0, Max: 0.0, Diff: 0.0, Sum: 0.0]
      [Code Root Scanning (ms): Min: 0.0, Avg: 0.3, Max: 1.1, Diff: 1.1, Sum: 1.2]
      [Object Copy (ms): Min: 2.5, Avg: 3.2, Max: 3.7, Diff: 1.3, Sum: 12.9]
      [Termination (ms): Min: 0.0, Avg: 0.0, Max: 0.0, Diff: 0.0, Sum: 0.0]
         [Termination Attempts: Min: 2, Avg: 5.5, Max: 8, Diff: 6, Sum: 22]
      [GC Worker Other (ms): Min: 0.0, Avg: 0.0, Max: 0.0, Diff: 0.0, Sum: 0.0]
      [GC Worker Total (ms): Min: 4.2, Avg: 4.3, Max: 4.3, Diff: 0.1, Sum: 17.0]
      [GC Worker End (ms): Min: 1270.5, Avg: 1270.5, Max: 1270.5, Diff: 0.0]
   [Code Root Fixup: 0.3 ms]
   [Code Root Purge: 0.0 ms]
   [Clear CT: 0.3 ms]
   [Other: 1.8 ms]
      [Choose CSet: 0.0 ms]
      [Ref Proc: 1.4 ms]
      [Ref Enq: 0.0 ms]
      [Redirty Cards: 0.1 ms]
      [Humongous Register: 0.0 ms]
      [Humongous Reclaim: 0.0 ms]
      [Free CSet: 0.1 ms]
   [Eden: 47.0M(47.0M)->0.0B(45.0M) Survivors: 4096.0K->6144.0K Heap: 50.8M(1024.0M)->5632.0K(1024.0M)]
 [Times: user=0.02 sys=0.00, real=0.00 secs] 
1.503: [GC pause (G1 Evacuation Pause) (young), 0.0096496 secs]
   [Parallel Time: 7.6 ms, GC Workers: 4]
      [GC Worker Start (ms): Min: 1503.0, Avg: 1503.6, Max: 1504.4, Diff: 1.4]
      [Ext Root Scanning (ms): Min: 0.0, Avg: 0.6, Max: 1.2, Diff: 1.2, Sum: 2.5]
      [Update RS (ms): Min: 0.0, Avg: 0.0, Max: 0.0, Diff: 0.0, Sum: 0.0]
         [Processed Buffers: Min: 0, Avg: 0.0, Max: 0, Diff: 0, Sum: 0]
      [Scan RS (ms): Min: 0.0, Avg: 0.0, Max: 0.0, Diff: 0.0, Sum: 0.0]
      [Code Root Scanning (ms): Min: 0.0, Avg: 1.6, Max: 5.2, Diff: 5.2, Sum: 6.4]
      [Object Copy (ms): Min: 0.4, Avg: 4.1, Max: 6.1, Diff: 5.7, Sum: 16.3]
      [Termination (ms): Min: 0.0, Avg: 0.6, Max: 0.9, Diff: 0.9, Sum: 2.6]
         [Termination Attempts: Min: 1, Avg: 1.2, Max: 2, Diff: 1, Sum: 5]
      [GC Worker Other (ms): Min: 0.0, Avg: 0.0, Max: 0.0, Diff: 0.0, Sum: 0.0]
      [GC Worker Total (ms): Min: 6.1, Avg: 7.0, Max: 7.5, Diff: 1.4, Sum: 27.9]
      [GC Worker End (ms): Min: 1510.5, Avg: 1510.5, Max: 1510.6, Diff: 0.0]
   [Code Root Fixup: 0.4 ms]
   [Code Root Purge: 0.0 ms]
   [Clear CT: 0.2 ms]
   [Other: 1.4 ms]
      [Choose CSet: 0.0 ms]
      [Ref Proc: 1.0 ms]
      [Ref Enq: 0.0 ms]
      [Redirty Cards: 0.1 ms]
      [Humongous Register: 0.0 ms]
      [Humongous Reclaim: 0.0 ms]
      [Free CSet: 0.1 ms]
   [Eden: 45.0M(45.0M)->0.0B(47.0M) Survivors: 6144.0K->7168.0K Heap: 50.5M(1024.0M)->6656.0K(1024.0M)]
 [Times: user=0.04 sys=0.00, real=0.01 secs] 
1.722: [GC pause (G1 Evacuation Pause) (young), 0.0195317 secs]
   [Parallel Time: 16.4 ms, GC Workers: 4]
      [GC Worker Start (ms): Min: 1721.7, Avg: 1723.0, Max: 1724.3, Diff: 2.6]
      [Ext Root Scanning (ms): Min: 0.0, Avg: 1.0, Max: 2.2, Diff: 2.2, Sum: 4.1]
      [Update RS (ms): Min: 0.0, Avg: 0.0, Max: 0.0, Diff: 0.0, Sum: 0.0]
         [Processed Buffers: Min: 0, Avg: 0.0, Max: 0, Diff: 0, Sum: 0]
      [Scan RS (ms): Min: 0.0, Avg: 0.0, Max: 0.0, Diff: 0.0, Sum: 0.1]
      [Code Root Scanning (ms): Min: 0.0, Avg: 2.4, Max: 9.1, Diff: 9.1, Sum: 9.7]
      [Object Copy (ms): Min: 0.1, Avg: 6.8, Max: 10.4, Diff: 10.3, Sum: 27.1]
      [Termination (ms): Min: 0.0, Avg: 2.3, Max: 5.4, Diff: 5.4, Sum: 9.2]
         [Termination Attempts: Min: 1, Avg: 4.2, Max: 6, Diff: 5, Sum: 17]
      [GC Worker Other (ms): Min: 0.0, Avg: 0.0, Max: 0.0, Diff: 0.0, Sum: 0.0]
      [GC Worker Total (ms): Min: 10.4, Avg: 12.6, Max: 13.6, Diff: 3.2, Sum: 50.2]
      [GC Worker End (ms): Min: 1734.7, Avg: 1735.5, Max: 1738.0, Diff: 3.2]
   [Code Root Fixup: 0.5 ms]
   [Code Root Purge: 0.0 ms]
   [Clear CT: 0.1 ms]
   [Other: 2.6 ms]
      [Choose CSet: 0.0 ms]
      [Ref Proc: 2.2 ms]
      [Ref Enq: 0.0 ms]
      [Redirty Cards: 0.1 ms]
      [Humongous Register: 0.0 ms]
      [Humongous Reclaim: 0.0 ms]
      [Free CSet: 0.1 ms]
   [Eden: 47.0M(47.0M)->0.0B(53.0M) Survivors: 7168.0K->7168.0K Heap: 53.5M(1024.0M)->8714.5K(1024.0M)]
 [Times: user=0.07 sys=0.00, real=0.02 secs] 
1.959: [GC pause (Metadata GC Threshold) (young) (initial-mark), 0.0081692 secs]
   [Parallel Time: 6.4 ms, GC Workers: 4]
      [GC Worker Start (ms): Min: 1958.9, Avg: 1960.1, Max: 1961.3, Diff: 2.4]
      [Ext Root Scanning (ms): Min: 0.1, Avg: 1.2, Max: 2.4, Diff: 2.3, Sum: 4.9]
      [Update RS (ms): Min: 0.2, Avg: 0.2, Max: 0.3, Diff: 0.1, Sum: 0.8]
         [Processed Buffers: Min: 1, Avg: 2.2, Max: 4, Diff: 3, Sum: 9]
      [Scan RS (ms): Min: 0.1, Avg: 0.2, Max: 0.4, Diff: 0.3, Sum: 1.0]
      [Code Root Scanning (ms): Min: 0.0, Avg: 0.1, Max: 0.2, Diff: 0.2, Sum: 0.3]
      [Object Copy (ms): Min: 3.0, Avg: 3.3, Max: 3.5, Diff: 0.4, Sum: 13.2]
      [Termination (ms): Min: 0.0, Avg: 0.0, Max: 0.0, Diff: 0.0, Sum: 0.0]
         [Termination Attempts: Min: 1, Avg: 3.8, Max: 9, Diff: 8, Sum: 15]
      [GC Worker Other (ms): Min: 0.0, Avg: 0.0, Max: 0.0, Diff: 0.0, Sum: 0.1]
      [GC Worker Total (ms): Min: 3.9, Avg: 5.1, Max: 6.3, Diff: 2.4, Sum: 20.3]
      [GC Worker End (ms): Min: 1965.2, Avg: 1965.2, Max: 1965.2, Diff: 0.0]
   [Code Root Fixup: 0.1 ms]
   [Code Root Purge: 0.0 ms]
   [Clear CT: 0.2 ms]
   [Other: 1.5 ms]
      [Choose CSet: 0.0 ms]
      [Ref Proc: 1.0 ms]
      [Ref Enq: 0.0 ms]
      [Redirty Cards: 0.1 ms]
      [Humongous Register: 0.0 ms]
      [Humongous Reclaim: 0.0 ms]
      [Free CSet: 0.0 ms]
   [Eden: 40.0M(53.0M)->0.0B(56.0M) Survivors: 7168.0K->7168.0K Heap: 48.5M(1024.0M)->8714.5K(1024.0M)]
 [Times: user=0.02 sys=0.00, real=0.01 secs] 
1.967: [GC concurrent-root-region-scan-start]
1.973: [GC concurrent-root-region-scan-end, 0.0058747 secs]
1.973: [GC concurrent-mark-start]
1.981: [GC concurrent-mark-end, 0.0076989 secs]
1.981: [GC remark 1.981: [Finalize Marking, 0.0002975 secs] 1.981: [GC ref-proc, 0.0001400 secs] 1.982: [Unloading, 0.0034638 secs], 0.0041401 secs]
 [Times: user=0.01 sys=0.00, real=0.01 secs] 
1.985: [GC cleanup 10M->10M(1024M), 0.0011271 secs]
 [Times: user=0.00 sys=0.00, real=0.00 secs] 
2.440: [GC pause (G1 Evacuation Pause) (young), 0.0112747 secs]
   [Parallel Time: 9.6 ms, GC Workers: 4]
      [GC Worker Start (ms): Min: 2440.1, Avg: 2442.2, Max: 2448.5, Diff: 8.4]
      [Ext Root Scanning (ms): Min: 0.0, Avg: 0.7, Max: 1.4, Diff: 1.4, Sum: 2.7]
      [Update RS (ms): Min: 0.0, Avg: 0.3, Max: 0.6, Diff: 0.6, Sum: 1.3]
         [Processed Buffers: Min: 0, Avg: 2.5, Max: 7, Diff: 7, Sum: 10]
      [Scan RS (ms): Min: 0.0, Avg: 0.0, Max: 0.0, Diff: 0.0, Sum: 0.1]
      [Code Root Scanning (ms): Min: 0.0, Avg: 0.2, Max: 0.4, Diff: 0.4, Sum: 0.7]
      [Object Copy (ms): Min: 0.0, Avg: 5.0, Max: 6.7, Diff: 6.7, Sum: 19.8]
      [Termination (ms): Min: 0.0, Avg: 0.4, Max: 1.3, Diff: 1.3, Sum: 1.6]
         [Termination Attempts: Min: 1, Avg: 1.0, Max: 1, Diff: 0, Sum: 4]
      [GC Worker Other (ms): Min: 0.0, Avg: 0.0, Max: 0.0, Diff: 0.0, Sum: 0.1]
      [GC Worker Total (ms): Min: 0.0, Avg: 6.6, Max: 9.5, Diff: 9.5, Sum: 26.3]
      [GC Worker End (ms): Min: 2448.5, Avg: 2448.8, Max: 2449.7, Diff: 1.2]
   [Code Root Fixup: 0.2 ms]
   [Code Root Purge: 0.1 ms]
   [Clear CT: 0.1 ms]
   [Other: 1.2 ms]
      [Choose CSet: 0.0 ms]
      [Ref Proc: 0.9 ms]
      [Ref Enq: 0.0 ms]
      [Redirty Cards: 0.1 ms]
      [Humongous Register: 0.0 ms]
      [Humongous Reclaim: 0.0 ms]
      [Free CSet: 0.1 ms]
   [Eden: 56.0M(56.0M)->0.0B(118.0M) Survivors: 7168.0K->7168.0K Heap: 64.5M(1024.0M)->9226.5K(1024.0M)]
 [Times: user=0.04 sys=0.00, real=0.01 secs] 
3.520: [GC pause (G1 Evacuation Pause) (young), 0.0168063 secs]
   [Parallel Time: 14.1 ms, GC Workers: 4]
      [GC Worker Start (ms): Min: 3520.3, Avg: 3520.9, Max: 3522.6, Diff: 2.4]
      [Ext Root Scanning (ms): Min: 0.0, Avg: 0.8, Max: 2.0, Diff: 2.0, Sum: 3.3]
      [Update RS (ms): Min: 0.0, Avg: 0.4, Max: 0.7, Diff: 0.7, Sum: 1.5]
         [Processed Buffers: Min: 0, Avg: 2.0, Max: 4, Diff: 4, Sum: 8]
      [Scan RS (ms): Min: 0.0, Avg: 0.0, Max: 0.0, Diff: 0.0, Sum: 0.1]
      [Code Root Scanning (ms): Min: 0.1, Avg: 1.9, Max: 6.4, Diff: 6.3, Sum: 7.5]
      [Object Copy (ms): Min: 5.2, Avg: 10.3, Max: 12.3, Diff: 7.2, Sum: 41.1]
      [Termination (ms): Min: 0.0, Avg: 0.0, Max: 0.0, Diff: 0.0, Sum: 0.0]
         [Termination Attempts: Min: 1, Avg: 1.2, Max: 2, Diff: 1, Sum: 5]
      [GC Worker Other (ms): Min: 0.0, Avg: 0.0, Max: 0.0, Diff: 0.0, Sum: 0.1]
      [GC Worker Total (ms): Min: 11.7, Avg: 13.4, Max: 14.0, Diff: 2.4, Sum: 53.7]
      [GC Worker End (ms): Min: 3534.3, Avg: 3534.3, Max: 3534.3, Diff: 0.0]
   [Code Root Fixup: 0.4 ms]
   [Code Root Purge: 0.0 ms]
   [Clear CT: 0.2 ms]
   [Other: 2.1 ms]
      [Choose CSet: 0.0 ms]
      [Ref Proc: 1.6 ms]
      [Ref Enq: 0.0 ms]
      [Redirty Cards: 0.2 ms]
      [Humongous Register: 0.0 ms]
      [Humongous Reclaim: 0.0 ms]
      [Free CSet: 0.1 ms]
   [Eden: 118.0M(118.0M)->0.0B(84.0M) Survivors: 7168.0K->15.0M Heap: 127.0M(1024.0M)->17.0M(1024.0M)]
 [Times: user=0.06 sys=0.00, real=0.02 secs] 
4.114: [GC pause (G1 Evacuation Pause) (young), 0.0255093 secs]
   [Parallel Time: 21.7 ms, GC Workers: 4]
      [GC Worker Start (ms): Min: 4113.7, Avg: 4114.2, Max: 4115.4, Diff: 1.7]
      [Ext Root Scanning (ms): Min: 0.2, Avg: 1.8, Max: 3.4, Diff: 3.1, Sum: 7.2]
      [Update RS (ms): Min: 0.0, Avg: 0.4, Max: 0.6, Diff: 0.6, Sum: 1.7]
         [Processed Buffers: Min: 0, Avg: 2.2, Max: 5, Diff: 5, Sum: 9]
      [Scan RS (ms): Min: 0.0, Avg: 0.0, Max: 0.0, Diff: 0.0, Sum: 0.1]
      [Code Root Scanning (ms): Min: 0.0, Avg: 0.4, Max: 0.8, Diff: 0.8, Sum: 1.7]
      [Object Copy (ms): Min: 17.9, Avg: 18.3, Max: 18.8, Diff: 0.8, Sum: 73.3]
      [Termination (ms): Min: 0.0, Avg: 0.0, Max: 0.0, Diff: 0.0, Sum: 0.0]
         [Termination Attempts: Min: 1, Avg: 4.0, Max: 6, Diff: 5, Sum: 16]
      [GC Worker Other (ms): Min: 0.0, Avg: 0.0, Max: 0.1, Diff: 0.0, Sum: 0.1]
      [GC Worker Total (ms): Min: 19.8, Avg: 21.0, Max: 21.5, Diff: 1.7, Sum: 84.0]
      [GC Worker End (ms): Min: 4135.2, Avg: 4135.2, Max: 4135.2, Diff: 0.0]
   [Code Root Fixup: 0.5 ms]
   [Code Root Purge: 0.0 ms]
   [Clear CT: 0.5 ms]
   [Other: 2.8 ms]
      [Choose CSet: 0.0 ms]
      [Ref Proc: 1.3 ms]
      [Ref Enq: 0.0 ms]
      [Redirty Cards: 1.0 ms]
      [Humongous Register: 0.0 ms]
      [Humongous Reclaim: 0.0 ms]
      [Free CSet: 0.1 ms]
   [Eden: 84.0M(84.0M)->0.0B(126.0M) Survivors: 15.0M->5120.0K Heap: 101.0M(1024.0M)->18.6M(1024.0M)]
 [Times: user=0.07 sys=0.03, real=0.03 secs] 
4.428: [GC pause (G1 Evacuation Pause) (young), 0.0105043 secs]
   [Parallel Time: 6.7 ms, GC Workers: 4]
      [GC Worker Start (ms): Min: 4428.5, Avg: 4428.5, Max: 4428.6, Diff: 0.1]
      [Ext Root Scanning (ms): Min: 0.6, Avg: 0.7, Max: 0.9, Diff: 0.3, Sum: 2.7]
      [Update RS (ms): Min: 1.1, Avg: 1.1, Max: 1.2, Diff: 0.1, Sum: 4.5]
         [Processed Buffers: Min: 2, Avg: 3.8, Max: 6, Diff: 4, Sum: 15]
      [Scan RS (ms): Min: 0.7, Avg: 0.7, Max: 0.7, Diff: 0.0, Sum: 2.8]
      [Code Root Scanning (ms): Min: 0.0, Avg: 0.0, Max: 0.1, Diff: 0.1, Sum: 0.1]
      [Object Copy (ms): Min: 3.9, Avg: 4.1, Max: 4.2, Diff: 0.3, Sum: 16.3]
      [Termination (ms): Min: 0.0, Avg: 0.0, Max: 0.0, Diff: 0.0, Sum: 0.0]
         [Termination Attempts: Min: 1, Avg: 1.8, Max: 3, Diff: 2, Sum: 7]
      [GC Worker Other (ms): Min: 0.0, Avg: 0.0, Max: 0.0, Diff: 0.0, Sum: 0.1]
      [GC Worker Total (ms): Min: 6.6, Avg: 6.6, Max: 6.7, Diff: 0.1, Sum: 26.6]
      [GC Worker End (ms): Min: 4435.2, Avg: 4435.2, Max: 4435.2, Diff: 0.0]
   [Code Root Fixup: 0.1 ms]
   [Code Root Purge: 0.0 ms]
   [Clear CT: 0.1 ms]
   [Other: 3.6 ms]
      [Choose CSet: 0.0 ms]
      [Ref Proc: 3.2 ms]
      [Ref Enq: 0.0 ms]
      [Redirty Cards: 0.1 ms]
      [Humongous Register: 0.0 ms]
      [Humongous Reclaim: 0.0 ms]
      [Free CSet: 0.1 ms]
   [Eden: 46.0M(46.0M)->0.0B(153.0M) Survivors: 5120.0K->6144.0K Heap: 64.6M(1024.0M)->19.1M(1024.0M)]
 [Times: user=0.04 sys=0.01, real=0.01 secs] 
Heap
 garbage-first heap   total 1048576K, used 85057K [0x00000000c0000000, 0x00000000c0102000, 0x0000000100000000)
  region size 1024K, 71 young (72704K), 6 survivors (6144K)
 Metaspace       used 33734K, capacity 35250K, committed 35452K, reserved 1079296K
  class space    used 4344K, capacity 4633K, committed 4732K, reserved 1048576K
