Java HotSpot(TM) 64-Bit Server VM (25.65-b01) for linux-amd64 JRE (1.8.0_65-b17), built on Oct  6 2015 17:16:12 by "java_re" with gcc 4.3.0 20080428 (Red Hat 4.3.0-8)
Memory: 4k page, physical 32862844k(2759856k free), swap 0k(0k free)
CommandLine flags: -XX:InitialHeapSize=4294967296 -XX:MaxGCPauseMillis=50 -XX:MaxHeapSize=4294967296 -XX:+PrintGC -XX:+PrintGCDetails -XX:+PrintGCTimeStamps -XX:-UseAdaptiveSizePolicy -XX:+UseCompressedClassPointers -XX:+UseCompressedOops -XX:+UseG1GC 
2.609: [GC pause (G1 Evacuation Pause) (young), 0.0242261 secs]
   [Parallel Time: 16.6 ms, GC Workers: 4]
      [GC Worker Start (ms): Min: 2609.1, Avg: 2611.9, Max: 2614.8, Diff: 5.6]
      [Ext Root Scanning (ms): Min: 0.0, Avg: 1.6, Max: 3.3, Diff: 3.3, Sum: 6.4]
      [Update RS (ms): Min: 0.0, Avg: 0.0, Max: 0.0, Diff: 0.0, Sum: 0.0]
         [Processed Buffers: Min: 0, Avg: 0.0, Max: 0, Diff: 0, Sum: 0]
      [Scan RS (ms): Min: 0.0, Avg: 0.0, Max: 0.1, Diff: 0.1, Sum: 0.1]
      [Code Root Scanning (ms): Min: 0.0, Avg: 0.6, Max: 1.5, Diff: 1.5, Sum: 2.3]
      [Object Copy (ms): Min: 10.8, Avg: 11.4, Max: 12.5, Diff: 1.7, Sum: 45.6]
      [Termination (ms): Min: 0.0, Avg: 0.0, Max: 0.0, Diff: 0.0, Sum: 0.0]
         [Termination Attempts: Min: 1, Avg: 7.5, Max: 12, Diff: 11, Sum: 30]
      [GC Worker Other (ms): Min: 0.0, Avg: 0.1, Max: 0.1, Diff: 0.1, Sum: 0.2]
      [GC Worker Total (ms): Min: 10.8, Avg: 13.7, Max: 16.5, Diff: 5.6, Sum: 54.7]
      [GC Worker End (ms): Min: 2625.6, Avg: 2625.6, Max: 2625.6, Diff: 0.1]
   [Code Root Fixup: 0.6 ms]
   [Code Root Purge: 0.0 ms]
   [Clear CT: 0.3 ms]
   [Other: 6.7 ms]
      [Choose CSet: 0.0 ms]
      [Ref Proc: 5.7 ms]
      [Ref Enq: 0.1 ms]
      [Redirty Cards: 0.1 ms]
      [Humongous Register: 0.1 ms]
      [Humongous Reclaim: 0.0 ms]
      [Free CSet: 0.2 ms]
   [Eden: 204.0M(204.0M)->0.0B(190.0M) Survivors: 0.0B->14.0M Heap: 204.0M(4096.0M)->12.2M(4096.0M)]
 [Times: user=0.05 sys=0.01, real=0.02 secs] 
2.863: [GC pause (Metadata GC Threshold) (young) (initial-mark), 0.0260536 secs]
   [Parallel Time: 21.9 ms, GC Workers: 4]
      [GC Worker Start (ms): Min: 2863.2, Avg: 2864.3, Max: 2865.4, Diff: 2.2]
      [Ext Root Scanning (ms): Min: 0.2, Avg: 4.0, Max: 8.2, Diff: 8.0, Sum: 16.2]
      [Update RS (ms): Min: 0.0, Avg: 0.0, Max: 0.0, Diff: 0.0, Sum: 0.0]
         [Processed Buffers: Min: 0, Avg: 0.0, Max: 0, Diff: 0, Sum: 0]
      [Scan RS (ms): Min: 0.0, Avg: 0.0, Max: 0.0, Diff: 0.0, Sum: 0.0]
      [Code Root Scanning (ms): Min: 0.0, Avg: 0.6, Max: 2.4, Diff: 2.4, Sum: 2.4]
      [Object Copy (ms): Min: 12.1, Avg: 12.9, Max: 13.4, Diff: 1.3, Sum: 51.6]
      [Termination (ms): Min: 0.0, Avg: 3.1, Max: 4.1, Diff: 4.1, Sum: 12.2]
         [Termination Attempts: Min: 1, Avg: 1.2, Max: 2, Diff: 1, Sum: 5]
      [GC Worker Other (ms): Min: 0.0, Avg: 0.0, Max: 0.0, Diff: 0.0, Sum: 0.0]
      [GC Worker Total (ms): Min: 19.5, Avg: 20.6, Max: 21.7, Diff: 2.2, Sum: 82.5]
      [GC Worker End (ms): Min: 2884.9, Avg: 2884.9, Max: 2884.9, Diff: 0.0]
   [Code Root Fixup: 0.7 ms]
   [Code Root Purge: 0.0 ms]
   [Clear CT: 0.2 ms]
   [Other: 3.2 ms]
      [Choose CSet: 0.0 ms]
      [Ref Proc: 2.6 ms]
      [Ref Enq: 0.0 ms]
      [Redirty Cards: 0.1 ms]
      [Humongous Register: 0.0 ms]
      [Humongous Reclaim: 0.0 ms]
      [Free CSet: 0.1 ms]
   [Eden: 38.0M(190.0M)->0.0B(194.0M) Survivors: 14.0M->10.0M Heap: 50.2M(4096.0M)->10240.0K(4096.0M)]
 [Times: user=0.09 sys=0.00, real=0.03 secs] 
2.889: [GC concurrent-root-region-scan-start]
2.902: [GC concurrent-root-region-scan-end, 0.0132438 secs]
2.902: [GC concurrent-mark-start]
2.912: [GC concurrent-mark-end, 0.0094301 secs]
2.912: [GC remark 2.912: [Finalize Marking, 0.0010360 secs] 2.913: [GC ref-proc, 0.0001802 secs] 2.913: [Unloading, 0.0051106 secs], 0.0067709 secs]
 [Times: user=0.03 sys=0.00, real=0.01 secs] 
2.922: [GC cleanup 19M->19M(4096M), 0.0040303 secs]
 [Times: user=0.02 sys=0.00, real=0.00 secs] 
5.092: [GC pause (G1 Evacuation Pause) (young), 0.0319278 secs]
   [Parallel Time: 26.5 ms, GC Workers: 4]
      [GC Worker Start (ms): Min: 5092.5, Avg: 5095.0, Max: 5097.4, Diff: 4.9]
      [Ext Root Scanning (ms): Min: 0.0, Avg: 1.7, Max: 3.6, Diff: 3.6, Sum: 7.0]
      [Update RS (ms): Min: 0.0, Avg: 0.0, Max: 0.0, Diff: 0.0, Sum: 0.0]
         [Processed Buffers: Min: 0, Avg: 0.0, Max: 0, Diff: 0, Sum: 0]
      [Scan RS (ms): Min: 0.0, Avg: 0.0, Max: 0.1, Diff: 0.0, Sum: 0.1]
      [Code Root Scanning (ms): Min: 1.3, Avg: 2.7, Max: 4.7, Diff: 3.5, Sum: 11.0]
      [Object Copy (ms): Min: 16.8, Avg: 19.5, Max: 21.7, Diff: 4.9, Sum: 77.9]
      [Termination (ms): Min: 0.0, Avg: 0.0, Max: 0.0, Diff: 0.0, Sum: 0.0]
         [Termination Attempts: Min: 1, Avg: 8.2, Max: 14, Diff: 13, Sum: 33]
      [GC Worker Other (ms): Min: 0.0, Avg: 0.0, Max: 0.0, Diff: 0.0, Sum: 0.1]
      [GC Worker Total (ms): Min: 21.6, Avg: 24.0, Max: 26.5, Diff: 4.9, Sum: 96.0]
      [GC Worker End (ms): Min: 5119.0, Avg: 5119.0, Max: 5119.0, Diff: 0.0]
   [Code Root Fixup: 1.3 ms]
   [Code Root Purge: 0.1 ms]
   [Clear CT: 0.2 ms]
   [Other: 3.9 ms]
      [Choose CSet: 0.0 ms]
      [Ref Proc: 3.1 ms]
      [Ref Enq: 0.1 ms]
      [Redirty Cards: 0.1 ms]
      [Humongous Register: 0.1 ms]
      [Humongous Reclaim: 0.0 ms]
      [Free CSet: 0.2 ms]
   [Eden: 194.0M(194.0M)->0.0B(182.0M) Survivors: 10.0M->22.0M Heap: 204.0M(4096.0M)->22.0M(4096.0M)]
 [Times: user=0.10 sys=0.01, real=0.03 secs] 
