Java HotSpot(TM) 64-Bit Server VM (25.65-b01) for linux-amd64 JRE (1.8.0_65-b17), built on Oct  6 2015 17:16:12 by "java_re" with gcc 4.3.0 20080428 (Red Hat 4.3.0-8)
Memory: 4k page, physical 32862844k(6196984k free), swap 0k(0k free)
CommandLine flags: -XX:InitialHeapSize=1073741824 -XX:MaxHeapSize=1073741824 -XX:+PrintGC -XX:+PrintGCDetails -XX:+PrintGCTimeStamps -XX:-UseAdaptiveSizePolicy -XX:+UseCompressedClassPointers -XX:+UseCompressedOops -XX:+UseSerialGC 
2.674: [Full GC (Metadata GC Threshold) 2.674: [Tenured: 0K->14125K(699072K), 0.1095696 secs] 251661K->14125K(1013632K), [Metaspace: 20575K->20575K(1067008K)], 0.1097008 secs] [Times: user=0.13 sys=0.00, real=0.11 secs] 
5.961: [GC (Allocation Failure) 5.961: [DefNew: 279616K->16785K(314560K), 0.0620396 secs] 293741K->30910K(1013632K), 0.0621465 secs] [Times: user=0.12 sys=0.01, real=0.07 secs] 
36.395: [Full GC (Metadata GC Threshold) 36.395: [Tenured: 14125K->29236K(699072K), 0.1615067 secs] 165575K->29236K(1013632K), [Metaspace: 33833K->33833K(1079296K)], 0.1616323 secs] [Times: user=0.15 sys=0.00, real=0.16 secs] 
39.507: [GC (Allocation Failure) 39.507: [DefNew: 279616K->17468K(314560K), 0.0257553 secs] 308852K->46704K(1013632K), 0.0259394 secs] [Times: user=0.04 sys=0.00, real=0.03 secs] 
41.869: [GC (Allocation Failure) 41.869: [DefNew: 297084K->17061K(314560K), 0.0168656 secs] 326320K->46297K(1013632K), 0.0170631 secs] [Times: user=0.05 sys=0.00, real=0.01 secs] 
43.870: [GC (Allocation Failure) 43.870: [DefNew: 296677K->17094K(314560K), 0.0170341 secs] 325913K->46330K(1013632K), 0.0172192 secs] [Times: user=0.02 sys=0.00, real=0.01 secs] 
45.855: [GC (Allocation Failure) 45.855: [DefNew: 296710K->17171K(314560K), 0.0162935 secs] 325946K->46407K(1013632K), 0.0164775 secs] [Times: user=0.01 sys=0.00, real=0.02 secs] 
47.886: [GC (Allocation Failure) 47.886: [DefNew: 296787K->17193K(314560K), 0.0173648 secs] 326023K->46429K(1013632K), 0.0175594 secs] [Times: user=0.03 sys=0.00, real=0.02 secs] 
50.087: [GC (Allocation Failure) 50.087: [DefNew: 296809K->17204K(314560K), 0.0243180 secs] 326045K->46440K(1013632K), 0.0245463 secs] [Times: user=0.05 sys=0.00, real=0.03 secs] 
52.255: [GC (Allocation Failure) 52.255: [DefNew: 296820K->17224K(314560K), 0.0290701 secs] 326056K->46460K(1013632K), 0.0293164 secs] [Times: user=0.05 sys=0.00, real=0.03 secs] 
54.548: [GC (Allocation Failure) 54.548: [DefNew: 296840K->17221K(314560K), 0.0256754 secs] 326076K->46457K(1013632K), 0.0259069 secs] [Times: user=0.03 sys=0.00, real=0.03 secs] 
56.713: [GC (Allocation Failure) 56.713: [DefNew: 296837K->17233K(314560K), 0.0279552 secs] 326073K->46469K(1013632K), 0.0281924 secs] [Times: user=0.03 sys=0.00, real=0.03 secs] 
58.850: [GC (Allocation Failure) 58.850: [DefNew: 296849K->17213K(314560K), 0.0249403 secs] 326085K->46449K(1013632K), 0.0251852 secs] [Times: user=0.02 sys=0.00, real=0.03 secs] 
60.946: [GC (Allocation Failure) 60.946: [DefNew: 296826K->17215K(314560K), 0.0252424 secs] 326062K->46451K(1013632K), 0.0254801 secs] [Times: user=0.02 sys=0.00, real=0.02 secs] 
62.981: [GC (Allocation Failure) 62.982: [DefNew: 296831K->17223K(314560K), 0.0281528 secs] 326067K->46459K(1013632K), 0.0283902 secs] [Times: user=0.03 sys=0.00, real=0.03 secs] 
65.268: [GC (Allocation Failure) 65.268: [DefNew: 296839K->17234K(314560K), 0.0254381 secs] 326075K->46470K(1013632K), 0.0256760 secs] [Times: user=0.02 sys=0.00, real=0.03 secs] 
Heap
 def new generation   total 314560K, used 179880K [0x00000000c0000000, 0x00000000d5550000, 0x00000000d5550000)
  eden space 279616K,  58% used [0x00000000c0000000, 0x00000000c9ed5830, 0x00000000d1110000)
  from space 34944K,  49% used [0x00000000d1110000, 0x00000000d21e4948, 0x00000000d3330000)
  to   space 34944K,   0% used [0x00000000d3330000, 0x00000000d3330000, 0x00000000d5550000)
 tenured generation   total 699072K, used 29236K [0x00000000d5550000, 0x0000000100000000, 0x0000000100000000)
   the space 699072K,   4% used [0x00000000d5550000, 0x00000000d71dd050, 0x00000000d71dd200, 0x0000000100000000)
 Metaspace       used 36276K, capacity 37946K, committed 38184K, reserved 1083392K
  class space    used 4517K, capacity 4837K, committed 4904K, reserved 1048576K
