Java HotSpot(TM) 64-Bit Server VM (25.65-b01) for linux-amd64 JRE (1.8.0_65-b17), built on Oct  6 2015 17:16:12 by "java_re" with gcc 4.3.0 20080428 (Red Hat 4.3.0-8)
Memory: 4k page, physical 32862844k(6160364k free), swap 0k(0k free)
CommandLine flags: -XX:InitialHeapSize=2147483648 -XX:MaxHeapSize=2147483648 -XX:+PrintGC -XX:+PrintGCDetails -XX:+PrintGCTimeStamps -XX:-UseAdaptiveSizePolicy -XX:+UseCompressedClassPointers -XX:+UseCompressedOops -XX:+UseParallelGC 
2.686: [GC (Metadata GC Threshold) [PSYoungGen: 314884K->15199K(611840K)] 314884K->15215K(2010112K), 0.0219115 secs] [Times: user=0.06 sys=0.01, real=0.02 secs] 
2.708: [Full GC (Metadata GC Threshold) [PSYoungGen: 15199K->0K(611840K)] [ParOldGen: 16K->14414K(1398272K)] 15215K->14414K(2010112K), [Metaspace: 20512K->20512K(1067008K)], 0.0526882 secs] [Times: user=0.13 sys=0.01, real=0.05 secs] 
Heap
 PSYoungGen      total 611840K, used 435433K [0x00000000d5580000, 0x0000000100000000, 0x0000000100000000)
  eden space 524800K, 82% used [0x00000000d5580000,0x00000000efeba528,0x00000000f5600000)
  from space 87040K, 0% used [0x00000000f5600000,0x00000000f5600000,0x00000000fab00000)
  to   space 87040K, 0% used [0x00000000fab00000,0x00000000fab00000,0x0000000100000000)
 ParOldGen       total 1398272K, used 14414K [0x0000000080000000, 0x00000000d5580000, 0x00000000d5580000)
  object space 1398272K, 1% used [0x0000000080000000,0x0000000080e13b80,0x00000000d5580000)
 Metaspace       used 33746K, capacity 35250K, committed 35416K, reserved 1079296K
  class space    used 4344K, capacity 4633K, committed 4696K, reserved 1048576K
