Java HotSpot(TM) 64-Bit Server VM (25.65-b01) for linux-amd64 JRE (1.8.0_65-b17), built on Oct  6 2015 17:16:12 by "java_re" with gcc 4.3.0 20080428 (Red Hat 4.3.0-8)
Memory: 4k page, physical 32862844k(6109580k free), swap 0k(0k free)
CommandLine flags: -XX:InitialHeapSize=4294967296 -XX:MaxHeapSize=4294967296 -XX:MaxNewSize=348966912 -XX:MaxTenuringThreshold=6 -XX:NewSize=348966912 -XX:OldPLABSize=16 -XX:OldSize=697933824 -XX:+PrintGC -XX:+PrintGCDetails -XX:+PrintGCTimeStamps -XX:-UseAdaptiveSizePolicy -XX:+UseCompressedClassPointers -XX:+UseCompressedOops -XX:+UseConcMarkSweepGC -XX:+UseParNewGC 
2.611: [GC (Allocation Failure) 2.611: [ParNew: 272640K->14287K(306688K), 0.0323654 secs] 272640K->14287K(4160256K), 0.0325153 secs] [Times: user=0.10 sys=0.01, real=0.03 secs] 
4.646: [GC (CMS Initial Mark) [1 CMS-initial-mark: 0K(3853568K)] 186224K(4160256K), 0.0578020 secs] [Times: user=0.23 sys=0.00, real=0.06 secs] 
4.704: [CMS-concurrent-mark-start]
4.754: [CMS-concurrent-mark: 0.050/0.050 secs] [Times: user=0.15 sys=0.01, real=0.05 secs] 
4.754: [CMS-concurrent-preclean-start]
4.777: [CMS-concurrent-preclean: 0.022/0.022 secs] [Times: user=0.09 sys=0.00, real=0.02 secs] 
4.777: [CMS-concurrent-abortable-preclean-start]
5.837: [GC (Allocation Failure) 5.837: [ParNew: 286927K->24476K(306688K), 0.0478893 secs] 286927K->24476K(4160256K), 0.0479900 secs] [Times: user=0.16 sys=0.01, real=0.05 secs] 
 CMS: abort preclean due to time 9.869: [CMS-concurrent-abortable-preclean: 3.924/5.093 secs] [Times: user=10.87 sys=0.11, real=5.09 secs] 
9.870: [GC (CMS Final Remark) [YG occupancy: 126446 K (306688 K)]9.870: [Rescan (parallel) , 0.0425889 secs]9.913: [weak refs processing, 0.0000590 secs]9.913: [class unloading, 0.0096600 secs]9.922: [scrub symbol table, 0.0079886 secs]9.930: [scrub string table, 0.0012647 secs][1 CMS-remark: 0K(3853568K)] 126446K(4160256K), 0.0648083 secs] [Times: user=0.19 sys=0.00, real=0.06 secs] 
9.935: [CMS-concurrent-sweep-start]
9.935: [CMS-concurrent-sweep: 0.000/0.000 secs] [Times: user=0.00 sys=0.00, real=0.00 secs] 
9.935: [CMS-concurrent-reset-start]
9.948: [CMS-concurrent-reset: 0.013/0.013 secs] [Times: user=0.01 sys=0.00, real=0.01 secs] 
Heap
 par new generation   total 306688K, used 155766K [0x00000006c0000000, 0x00000006d4cc0000, 0x00000006d4cc0000)
  eden space 272640K,  48% used [0x00000006c0000000, 0x00000006c8036798, 0x00000006d0a40000)
  from space 34048K,  71% used [0x00000006d0a40000, 0x00000006d22273a8, 0x00000006d2b80000)
  to   space 34048K,   0% used [0x00000006d2b80000, 0x00000006d2b80000, 0x00000006d4cc0000)
 concurrent mark-sweep generation total 3853568K, used 0K [0x00000006d4cc0000, 0x00000007c0000000, 0x00000007c0000000)
 Metaspace       used 33702K, capacity 35254K, committed 35304K, reserved 1079296K
  class space    used 4342K, capacity 4634K, committed 4648K, reserved 1048576K
