Java HotSpot(TM) 64-Bit Server VM (25.65-b01) for linux-amd64 JRE (1.8.0_65-b17), built on Oct  6 2015 17:16:12 by "java_re" with gcc 4.3.0 20080428 (Red Hat 4.3.0-8)
Memory: 4k page, physical 32862844k(6186324k free), swap 0k(0k free)
CommandLine flags: -XX:InitialHeapSize=536870912 -XX:MaxHeapSize=536870912 -XX:+PrintGC -XX:+PrintGCDetails -XX:+PrintGCTimeStamps -XX:-UseAdaptiveSizePolicy -XX:+UseCompressedClassPointers -XX:+UseCompressedOops -XX:+UseParallelGC 
1.838: [GC (Allocation Failure) [PSYoungGen: 131584K->7549K(153088K)] 131584K->7557K(502784K), 0.0148736 secs] [Times: user=0.04 sys=0.01, real=0.01 secs] 
2.667: [GC (Metadata GC Threshold) [PSYoungGen: 137351K->11072K(153088K)] 137359K->11088K(502784K), 0.0239697 secs] [Times: user=0.07 sys=0.01, real=0.02 secs] 
2.691: [Full GC (Metadata GC Threshold) [PSYoungGen: 11072K->0K(153088K)] [ParOldGen: 16K->10551K(349696K)] 11088K->10551K(502784K), [Metaspace: 20534K->20534K(1067008K)], 0.0690735 secs] [Times: user=0.22 sys=0.00, real=0.07 secs] 
4.167: [GC (Allocation Failure) [PSYoungGen: 131584K->7735K(153088K)] 142135K->18359K(502784K), 0.0119659 secs] [Times: user=0.04 sys=0.00, real=0.01 secs] 
5.599: [GC (Allocation Failure) [PSYoungGen: 139319K->14149K(153088K)] 149943K->24781K(502784K), 0.0286049 secs] [Times: user=0.11 sys=0.00, real=0.03 secs] 
13.995: [GC (Allocation Failure) [PSYoungGen: 145733K->18941K(153088K)] 156365K->29581K(502784K), 0.0247851 secs] [Times: user=0.07 sys=0.02, real=0.03 secs] 
14.062: [GC (Metadata GC Threshold) [PSYoungGen: 42205K->18961K(153088K)] 52844K->29609K(502784K), 0.0377957 secs] [Times: user=0.07 sys=0.01, real=0.04 secs] 
14.100: [Full GC (Metadata GC Threshold) [PSYoungGen: 18961K->0K(153088K)] [ParOldGen: 10647K->22091K(349696K)] 29609K->22091K(502784K), [Metaspace: 33894K->33894K(1079296K)], 0.1297608 secs] [Times: user=0.27 sys=0.00, real=0.13 secs] 
15.955: [GC (Allocation Failure) [PSYoungGen: 131584K->20281K(153088K)] 153675K->42381K(502784K), 0.0142692 secs] [Times: user=0.04 sys=0.01, real=0.02 secs] 
17.232: [GC (Allocation Failure) [PSYoungGen: 151865K->19349K(153088K)] 173965K->41456K(502784K), 0.0124368 secs] [Times: user=0.05 sys=0.00, real=0.01 secs] 
18.377: [GC (Allocation Failure) [PSYoungGen: 150933K->19332K(153088K)] 173040K->41448K(502784K), 0.0098578 secs] [Times: user=0.04 sys=0.00, real=0.01 secs] 
19.537: [GC (Allocation Failure) [PSYoungGen: 150916K->19348K(153088K)] 173032K->41464K(502784K), 0.0152125 secs] [Times: user=0.05 sys=0.00, real=0.02 secs] 
20.663: [GC (Allocation Failure) [PSYoungGen: 150932K->19332K(153088K)] 173048K->41456K(502784K), 0.0107230 secs] [Times: user=0.04 sys=0.00, real=0.01 secs] 
21.668: [GC (Allocation Failure) [PSYoungGen: 150916K->19492K(153088K)] 173040K->41624K(502784K), 0.0100800 secs] [Times: user=0.03 sys=0.00, real=0.01 secs] 
22.795: [GC (Allocation Failure) [PSYoungGen: 151076K->19652K(153088K)] 173208K->41792K(502784K), 0.0179948 secs] [Times: user=0.07 sys=0.00, real=0.02 secs] 
24.041: [GC (Allocation Failure) [PSYoungGen: 151236K->19636K(153088K)] 173376K->41776K(502784K), 0.0161845 secs] [Times: user=0.05 sys=0.00, real=0.01 secs] 
25.138: [GC (Allocation Failure) [PSYoungGen: 151220K->19588K(153088K)] 173360K->41736K(502784K), 0.0107752 secs] [Times: user=0.04 sys=0.00, real=0.01 secs] 
26.496: [GC (Allocation Failure) [PSYoungGen: 151172K->19604K(153088K)] 173320K->41760K(502784K), 0.0145469 secs] [Times: user=0.05 sys=0.00, real=0.02 secs] 
27.859: [GC (Allocation Failure) [PSYoungGen: 151188K->19668K(153088K)] 173344K->41832K(502784K), 0.0150163 secs] [Times: user=0.05 sys=0.00, real=0.01 secs] 
29.043: [GC (Allocation Failure) [PSYoungGen: 151252K->19668K(153088K)] 173416K->41840K(502784K), 0.0155898 secs] [Times: user=0.05 sys=0.01, real=0.01 secs] 
30.472: [GC (Allocation Failure) [PSYoungGen: 151252K->19668K(153088K)] 173424K->41848K(502784K), 0.0195104 secs] [Times: user=0.06 sys=0.00, real=0.02 secs] 
31.672: [GC (Allocation Failure) [PSYoungGen: 151252K->19684K(153088K)] 173432K->41872K(502784K), 0.0115572 secs] [Times: user=0.04 sys=0.00, real=0.01 secs] 
33.055: [GC (Allocation Failure) [PSYoungGen: 151268K->19748K(153088K)] 173456K->41944K(502784K), 0.0117511 secs] [Times: user=0.04 sys=0.00, real=0.01 secs] 
34.064: [GC (Allocation Failure) [PSYoungGen: 151332K->512K(153088K)] 173528K->40115K(502784K), 0.0209342 secs] [Times: user=0.04 sys=0.02, real=0.02 secs] 
35.077: [GC (Allocation Failure) [PSYoungGen: 132096K->512K(153088K)] 171699K->40163K(502784K), 0.0061709 secs] [Times: user=0.01 sys=0.00, real=0.01 secs] 
36.102: [GC (Allocation Failure) [PSYoungGen: 132096K->544K(153088K)] 171747K->40211K(502784K), 0.0058136 secs] [Times: user=0.02 sys=0.00, real=0.00 secs] 
37.049: [GC (Allocation Failure) [PSYoungGen: 132128K->480K(153088K)] 171795K->40195K(502784K), 0.0057931 secs] [Times: user=0.01 sys=0.00, real=0.01 secs] 
38.078: [GC (Allocation Failure) [PSYoungGen: 132056K->448K(153088K)] 171772K->40195K(502784K), 0.0059820 secs] [Times: user=0.01 sys=0.00, real=0.01 secs] 
39.089: [GC (Allocation Failure) [PSYoungGen: 132032K->416K(153088K)] 171779K->40219K(502784K), 0.0051456 secs] [Times: user=0.01 sys=0.00, real=0.01 secs] 
40.143: [GC (Allocation Failure) [PSYoungGen: 132000K->416K(153088K)] 171803K->40251K(502784K), 0.0048005 secs] [Times: user=0.02 sys=0.00, real=0.00 secs] 
41.074: [GC (Allocation Failure) [PSYoungGen: 132000K->416K(153088K)] 171835K->40283K(502784K), 0.0044640 secs] [Times: user=0.02 sys=0.00, real=0.00 secs] 
42.056: [GC (Allocation Failure) [PSYoungGen: 132000K->416K(153088K)] 171867K->40307K(502784K), 0.0048266 secs] [Times: user=0.01 sys=0.00, real=0.01 secs] 
43.002: [GC (Allocation Failure) [PSYoungGen: 132000K->384K(153088K)] 171891K->40299K(502784K), 0.0045926 secs] [Times: user=0.01 sys=0.00, real=0.00 secs] 
89.790: [GC (Allocation Failure) [PSYoungGen: 131968K->416K(153088K)] 171883K->40363K(502784K), 0.0046992 secs] [Times: user=0.01 sys=0.00, real=0.00 secs] 
90.681: [GC (Allocation Failure) [PSYoungGen: 132000K->352K(153088K)] 171947K->40323K(502784K), 0.0049739 secs] [Times: user=0.02 sys=0.00, real=0.00 secs] 
91.630: [GC (Allocation Failure) [PSYoungGen: 131936K->352K(153088K)] 171907K->40363K(502784K), 0.0045753 secs] [Times: user=0.01 sys=0.00, real=0.00 secs] 
92.594: [GC (Allocation Failure) [PSYoungGen: 131936K->352K(153088K)] 171947K->40395K(502784K), 0.0045419 secs] [Times: user=0.02 sys=0.00, real=0.01 secs] 
93.573: [GC (Allocation Failure) [PSYoungGen: 131936K->384K(153088K)] 171979K->40443K(502784K), 0.0044507 secs] [Times: user=0.02 sys=0.00, real=0.00 secs] 
94.656: [GC (Allocation Failure) [PSYoungGen: 131968K->352K(153088K)] 172027K->40411K(502784K), 0.0046402 secs] [Times: user=0.02 sys=0.00, real=0.01 secs] 
95.604: [GC (Allocation Failure) [PSYoungGen: 131936K->352K(153088K)] 171995K->40419K(502784K), 0.0047211 secs] [Times: user=0.02 sys=0.00, real=0.00 secs] 
96.536: [GC (Allocation Failure) [PSYoungGen: 131936K->384K(153088K)] 172003K->40483K(502784K), 0.0044190 secs] [Times: user=0.02 sys=0.00, real=0.01 secs] 
97.438: [GC (Allocation Failure) [PSYoungGen: 131968K->352K(153088K)] 172067K->40451K(502784K), 0.0048861 secs] [Times: user=0.01 sys=0.00, real=0.01 secs] 
98.398: [GC (Allocation Failure) [PSYoungGen: 131936K->384K(153088K)] 172035K->40483K(502784K), 0.0042765 secs] [Times: user=0.01 sys=0.00, real=0.01 secs] 
99.598: [GC (Allocation Failure) [PSYoungGen: 131968K->384K(153088K)] 172067K->40483K(502784K), 0.0048443 secs] [Times: user=0.01 sys=0.01, real=0.01 secs] 
100.571: [GC (Allocation Failure) [PSYoungGen: 131968K->352K(153088K)] 172067K->40475K(502784K), 0.0044674 secs] [Times: user=0.02 sys=0.00, real=0.00 secs] 
101.576: [GC (Allocation Failure) [PSYoungGen: 131936K->384K(153088K)] 172059K->40507K(502784K), 0.0047130 secs] [Times: user=0.01 sys=0.00, real=0.00 secs] 
102.547: [GC (Allocation Failure) [PSYoungGen: 131968K->384K(153088K)] 172091K->40507K(502784K), 0.0045606 secs] [Times: user=0.01 sys=0.01, real=0.01 secs] 
103.500: [GC (Allocation Failure) [PSYoungGen: 131968K->352K(153088K)] 172091K->40475K(502784K), 0.0043558 secs] [Times: user=0.01 sys=0.00, real=0.01 secs] 
104.593: [GC (Allocation Failure) [PSYoungGen: 131936K->352K(153088K)] 172059K->40507K(502784K), 0.0044237 secs] [Times: user=0.01 sys=0.00, real=0.00 secs] 
105.578: [GC (Allocation Failure) [PSYoungGen: 131936K->352K(153088K)] 172091K->40507K(502784K), 0.0045352 secs] [Times: user=0.01 sys=0.00, real=0.01 secs] 
106.528: [GC (Allocation Failure) [PSYoungGen: 131936K->352K(153088K)] 172091K->40507K(502784K), 0.0045071 secs] [Times: user=0.01 sys=0.00, real=0.01 secs] 
107.467: [GC (Allocation Failure) [PSYoungGen: 131936K->352K(153088K)] 172091K->40507K(502784K), 0.0045119 secs] [Times: user=0.01 sys=0.01, real=0.01 secs] 
108.396: [GC (Allocation Failure) [PSYoungGen: 131936K->352K(153088K)] 172091K->40515K(502784K), 0.0043213 secs] [Times: user=0.01 sys=0.00, real=0.00 secs] 
109.465: [GC (Allocation Failure) [PSYoungGen: 131936K->384K(153088K)] 172099K->40563K(502784K), 0.0045508 secs] [Times: user=0.01 sys=0.00, real=0.00 secs] 
110.465: [GC (Allocation Failure) [PSYoungGen: 131968K->320K(153088K)] 172147K->40499K(502784K), 0.0049288 secs] [Times: user=0.01 sys=0.00, real=0.00 secs] 
111.530: [GC (Allocation Failure) [PSYoungGen: 131904K->352K(153088K)] 172083K->40531K(502784K), 0.0048122 secs] [Times: user=0.01 sys=0.00, real=0.01 secs] 
112.433: [GC (Allocation Failure) [PSYoungGen: 131936K->384K(153088K)] 172115K->40563K(502784K), 0.0044813 secs] [Times: user=0.01 sys=0.00, real=0.00 secs] 
113.495: [GC (Allocation Failure) [PSYoungGen: 131968K->352K(153088K)] 172147K->40531K(502784K), 0.0048339 secs] [Times: user=0.02 sys=0.01, real=0.00 secs] 
114.520: [GC (Allocation Failure) [PSYoungGen: 131936K->384K(153088K)] 172115K->40571K(502784K), 0.0046696 secs] [Times: user=0.01 sys=0.00, real=0.01 secs] 
115.433: [GC (Allocation Failure) [PSYoungGen: 131968K->352K(153088K)] 172155K->40555K(502784K), 0.0042913 secs] [Times: user=0.01 sys=0.00, real=0.00 secs] 
116.391: [GC (Allocation Failure) [PSYoungGen: 131936K->352K(153088K)] 172139K->40555K(502784K), 0.0048773 secs] [Times: user=0.01 sys=0.00, real=0.01 secs] 
117.375: [GC (Allocation Failure) [PSYoungGen: 131936K->352K(153088K)] 172139K->40555K(502784K), 0.0044112 secs] [Times: user=0.01 sys=0.00, real=0.00 secs] 
118.369: [GC (Allocation Failure) [PSYoungGen: 131936K->320K(153088K)] 172139K->40523K(502784K), 0.0046718 secs] [Times: user=0.02 sys=0.00, real=0.01 secs] 
119.498: [GC (Allocation Failure) [PSYoungGen: 131904K->352K(153088K)] 172107K->40555K(502784K), 0.0044958 secs] [Times: user=0.01 sys=0.00, real=0.00 secs] 
Heap
 PSYoungGen      total 153088K, used 36323K [0x00000000f5580000, 0x0000000100000000, 0x0000000100000000)
  eden space 131584K, 27% used [0x00000000f5580000,0x00000000f78a0fb8,0x00000000fd600000)
  from space 21504K, 1% used [0x00000000feb00000,0x00000000feb58000,0x0000000100000000)
  to   space 21504K, 0% used [0x00000000fd600000,0x00000000fd600000,0x00000000feb00000)
 ParOldGen       total 349696K, used 40203K [0x00000000e0000000, 0x00000000f5580000, 0x00000000f5580000)
  object space 349696K, 11% used [0x00000000e0000000,0x00000000e2742e60,0x00000000f5580000)
 Metaspace       used 36482K, capacity 38576K, committed 38824K, reserved 1083392K
  class space    used 4579K, capacity 4942K, committed 5032K, reserved 1048576K
