Java HotSpot(TM) 64-Bit Server VM (25.65-b01) for linux-amd64 JRE (1.8.0_65-b17), built on Oct  6 2015 17:16:12 by "java_re" with gcc 4.3.0 20080428 (Red Hat 4.3.0-8)
Memory: 4k page, physical 32862844k(2640484k free), swap 0k(0k free)
CommandLine flags: -XX:InitialHeapSize=2147483648 -XX:MaxGCPauseMillis=50 -XX:MaxHeapSize=2147483648 -XX:+PrintGC -XX:+PrintGCDetails -XX:+PrintGCTimeStamps -XX:-UseAdaptiveSizePolicy -XX:+UseCompressedClassPointers -XX:+UseCompressedOops -XX:+UseG1GC 
1.875: [GC pause (G1 Evacuation Pause) (young), 0.0191371 secs]
   [Parallel Time: 14.1 ms, GC Workers: 4]
      [GC Worker Start (ms): Min: 1874.9, Avg: 1877.8, Max: 1882.8, Diff: 7.9]
      [Ext Root Scanning (ms): Min: 0.0, Avg: 1.4, Max: 2.8, Diff: 2.8, Sum: 5.5]
      [Update RS (ms): Min: 0.0, Avg: 0.0, Max: 0.0, Diff: 0.0, Sum: 0.0]
         [Processed Buffers: Min: 0, Avg: 0.0, Max: 0, Diff: 0, Sum: 0]
      [Scan RS (ms): Min: 0.0, Avg: 0.0, Max: 0.0, Diff: 0.0, Sum: 0.1]
      [Code Root Scanning (ms): Min: 0.0, Avg: 3.1, Max: 10.7, Diff: 10.7, Sum: 12.2]
      [Object Copy (ms): Min: 0.5, Avg: 6.3, Max: 10.1, Diff: 9.6, Sum: 25.1]
      [Termination (ms): Min: 0.0, Avg: 0.3, Max: 0.4, Diff: 0.4, Sum: 1.1]
         [Termination Attempts: Min: 1, Avg: 1.0, Max: 1, Diff: 0, Sum: 4]
      [GC Worker Other (ms): Min: 0.0, Avg: 0.0, Max: 0.0, Diff: 0.0, Sum: 0.1]
      [GC Worker Total (ms): Min: 6.1, Avg: 11.0, Max: 14.0, Diff: 7.9, Sum: 44.2]
      [GC Worker End (ms): Min: 1888.9, Avg: 1888.9, Max: 1888.9, Diff: 0.0]
   [Code Root Fixup: 0.6 ms]
   [Code Root Purge: 0.1 ms]
   [Clear CT: 0.2 ms]
   [Other: 4.2 ms]
      [Choose CSet: 0.0 ms]
      [Ref Proc: 3.3 ms]
      [Ref Enq: 0.1 ms]
      [Redirty Cards: 0.1 ms]
      [Humongous Register: 0.1 ms]
      [Humongous Reclaim: 0.0 ms]
      [Free CSet: 0.2 ms]
   [Eden: 102.0M(102.0M)->0.0B(95.0M) Survivors: 0.0B->7168.0K Heap: 102.0M(2048.0M)->6588.8K(2048.0M)]
 [Times: user=0.05 sys=0.00, real=0.02 secs] 
2.461: [GC pause (G1 Evacuation Pause) (young), 0.0096937 secs]
   [Parallel Time: 6.2 ms, GC Workers: 4]
      [GC Worker Start (ms): Min: 2461.0, Avg: 2461.0, Max: 2461.1, Diff: 0.1]
      [Ext Root Scanning (ms): Min: 0.5, Avg: 1.0, Max: 1.5, Diff: 1.1, Sum: 4.0]
      [Update RS (ms): Min: 0.0, Avg: 0.0, Max: 0.0, Diff: 0.0, Sum: 0.0]
         [Processed Buffers: Min: 0, Avg: 0.0, Max: 0, Diff: 0, Sum: 0]
      [Scan RS (ms): Min: 0.0, Avg: 0.0, Max: 0.0, Diff: 0.0, Sum: 0.1]
      [Code Root Scanning (ms): Min: 0.0, Avg: 0.4, Max: 1.5, Diff: 1.5, Sum: 1.6]
      [Object Copy (ms): Min: 4.0, Avg: 4.7, Max: 5.5, Diff: 1.5, Sum: 18.6]
      [Termination (ms): Min: 0.0, Avg: 0.0, Max: 0.0, Diff: 0.0, Sum: 0.0]
         [Termination Attempts: Min: 1, Avg: 5.8, Max: 9, Diff: 8, Sum: 23]
      [GC Worker Other (ms): Min: 0.0, Avg: 0.0, Max: 0.0, Diff: 0.0, Sum: 0.1]
      [GC Worker Total (ms): Min: 6.1, Avg: 6.1, Max: 6.2, Diff: 0.1, Sum: 24.5]
      [GC Worker End (ms): Min: 2467.2, Avg: 2467.2, Max: 2467.2, Diff: 0.0]
   [Code Root Fixup: 0.5 ms]
   [Code Root Purge: 0.0 ms]
   [Clear CT: 0.2 ms]
   [Other: 2.8 ms]
      [Choose CSet: 0.0 ms]
      [Ref Proc: 2.2 ms]
      [Ref Enq: 0.0 ms]
      [Redirty Cards: 0.1 ms]
      [Humongous Register: 0.1 ms]
      [Humongous Reclaim: 0.0 ms]
      [Free CSet: 0.1 ms]
   [Eden: 95.0M(95.0M)->0.0B(93.0M) Survivors: 7168.0K->9216.0K Heap: 101.4M(2048.0M)->9216.0K(2048.0M)]
 [Times: user=0.02 sys=0.00, real=0.01 secs] 
2.647: [GC pause (Metadata GC Threshold) (young) (initial-mark), 0.0145732 secs]
   [Parallel Time: 12.2 ms, GC Workers: 4]
      [GC Worker Start (ms): Min: 2647.1, Avg: 2647.1, Max: 2647.2, Diff: 0.1]
      [Ext Root Scanning (ms): Min: 1.5, Avg: 3.9, Max: 8.9, Diff: 7.4, Sum: 15.5]
      [Update RS (ms): Min: 0.0, Avg: 0.0, Max: 0.0, Diff: 0.0, Sum: 0.0]
         [Processed Buffers: Min: 0, Avg: 0.0, Max: 0, Diff: 0, Sum: 0]
      [Scan RS (ms): Min: 0.0, Avg: 0.0, Max: 0.0, Diff: 0.0, Sum: 0.1]
      [Code Root Scanning (ms): Min: 0.0, Avg: 0.5, Max: 0.9, Diff: 0.9, Sum: 1.8]
      [Object Copy (ms): Min: 0.4, Avg: 4.8, Max: 6.7, Diff: 6.4, Sum: 19.2]
      [Termination (ms): Min: 0.0, Avg: 0.8, Max: 2.8, Diff: 2.8, Sum: 3.2]
         [Termination Attempts: Min: 1, Avg: 1.2, Max: 2, Diff: 1, Sum: 5]
      [GC Worker Other (ms): Min: 0.0, Avg: 0.0, Max: 0.0, Diff: 0.0, Sum: 0.0]
      [GC Worker Total (ms): Min: 9.3, Avg: 10.0, Max: 12.0, Diff: 2.7, Sum: 39.8]
      [GC Worker End (ms): Min: 2656.4, Avg: 2657.1, Max: 2659.1, Diff: 2.7]
   [Code Root Fixup: 0.5 ms]
   [Code Root Purge: 0.0 ms]
   [Clear CT: 0.2 ms]
   [Other: 1.7 ms]
      [Choose CSet: 0.0 ms]
      [Ref Proc: 1.1 ms]
      [Ref Enq: 0.0 ms]
      [Redirty Cards: 0.1 ms]
      [Humongous Register: 0.0 ms]
      [Humongous Reclaim: 0.0 ms]
      [Free CSet: 0.1 ms]
   [Eden: 52.0M(93.0M)->0.0B(93.0M) Survivors: 9216.0K->9216.0K Heap: 61.0M(2048.0M)->8704.0K(2048.0M)]
 [Times: user=0.05 sys=0.00, real=0.02 secs] 
2.662: [GC concurrent-root-region-scan-start]
2.670: [GC concurrent-root-region-scan-end, 0.0080773 secs]
2.670: [GC concurrent-mark-start]
2.671: [GC concurrent-mark-end, 0.0008520 secs]
2.671: [GC remark 2.671: [Finalize Marking, 0.0009607 secs] 2.672: [GC ref-proc, 0.0001246 secs] 2.672: [Unloading, 0.0047213 secs], 0.0062278 secs]
 [Times: user=0.02 sys=0.00, real=0.00 secs] 
2.677: [GC cleanup 9727K->9727K(2048M), 0.0026363 secs]
 [Times: user=0.01 sys=0.00, real=0.01 secs] 
3.506: [GC pause (G1 Evacuation Pause) (young), 0.0185384 secs]
   [Parallel Time: 14.3 ms, GC Workers: 4]
      [GC Worker Start (ms): Min: 3506.3, Avg: 3506.9, Max: 3508.6, Diff: 2.4]
      [Ext Root Scanning (ms): Min: 0.0, Avg: 1.0, Max: 2.3, Diff: 2.3, Sum: 4.2]
      [Update RS (ms): Min: 0.0, Avg: 0.0, Max: 0.0, Diff: 0.0, Sum: 0.0]
         [Processed Buffers: Min: 0, Avg: 0.0, Max: 0, Diff: 0, Sum: 0]
      [Scan RS (ms): Min: 0.0, Avg: 0.0, Max: 0.0, Diff: 0.0, Sum: 0.1]
      [Code Root Scanning (ms): Min: 0.0, Avg: 2.5, Max: 8.1, Diff: 8.1, Sum: 9.8]
      [Object Copy (ms): Min: 5.3, Avg: 10.0, Max: 11.8, Diff: 6.5, Sum: 40.0]
      [Termination (ms): Min: 0.0, Avg: 0.1, Max: 0.1, Diff: 0.1, Sum: 0.4]
         [Termination Attempts: Min: 1, Avg: 1.0, Max: 1, Diff: 0, Sum: 4]
      [GC Worker Other (ms): Min: 0.0, Avg: 0.0, Max: 0.0, Diff: 0.0, Sum: 0.0]
      [GC Worker Total (ms): Min: 11.9, Avg: 13.6, Max: 14.3, Diff: 2.4, Sum: 54.5]
      [GC Worker End (ms): Min: 3520.5, Avg: 3520.5, Max: 3520.5, Diff: 0.0]
   [Code Root Fixup: 1.0 ms]
   [Code Root Purge: 0.0 ms]
   [Clear CT: 0.3 ms]
   [Other: 2.9 ms]
      [Choose CSet: 0.0 ms]
      [Ref Proc: 2.0 ms]
      [Ref Enq: 0.0 ms]
      [Redirty Cards: 0.3 ms]
      [Humongous Register: 0.1 ms]
      [Humongous Reclaim: 0.0 ms]
      [Free CSet: 0.2 ms]
   [Eden: 93.0M(93.0M)->0.0B(90.0M) Survivors: 9216.0K->12.0M Heap: 101.5M(2048.0M)->11.5M(2048.0M)]
 [Times: user=0.07 sys=0.01, real=0.02 secs] 
4.434: [GC pause (G1 Evacuation Pause) (young), 0.0242478 secs]
   [Parallel Time: 19.4 ms, GC Workers: 4]
      [GC Worker Start (ms): Min: 4434.3, Avg: 4435.4, Max: 4438.8, Diff: 4.5]
      [Ext Root Scanning (ms): Min: 0.0, Avg: 1.6, Max: 3.5, Diff: 3.5, Sum: 6.4]
      [Update RS (ms): Min: 0.0, Avg: 0.0, Max: 0.0, Diff: 0.0, Sum: 0.0]
         [Processed Buffers: Min: 0, Avg: 0.0, Max: 0, Diff: 0, Sum: 0]
      [Scan RS (ms): Min: 0.0, Avg: 0.0, Max: 0.0, Diff: 0.0, Sum: 0.1]
      [Code Root Scanning (ms): Min: 0.0, Avg: 1.3, Max: 2.6, Diff: 2.6, Sum: 5.1]
      [Object Copy (ms): Min: 14.6, Avg: 15.0, Max: 15.6, Diff: 1.0, Sum: 60.1]
      [Termination (ms): Min: 0.0, Avg: 0.0, Max: 0.0, Diff: 0.0, Sum: 0.0]
         [Termination Attempts: Min: 1, Avg: 2.0, Max: 4, Diff: 3, Sum: 8]
      [GC Worker Other (ms): Min: 0.0, Avg: 0.0, Max: 0.1, Diff: 0.0, Sum: 0.1]
      [GC Worker Total (ms): Min: 14.6, Avg: 18.0, Max: 19.1, Diff: 4.5, Sum: 71.8]
      [GC Worker End (ms): Min: 4453.4, Avg: 4453.4, Max: 4453.4, Diff: 0.0]
   [Code Root Fixup: 1.4 ms]
   [Code Root Purge: 0.0 ms]
   [Clear CT: 0.6 ms]
   [Other: 2.9 ms]
      [Choose CSet: 0.0 ms]
      [Ref Proc: 1.9 ms]
      [Ref Enq: 0.0 ms]
      [Redirty Cards: 0.4 ms]
      [Humongous Register: 0.1 ms]
      [Humongous Reclaim: 0.0 ms]
      [Free CSet: 0.2 ms]
   [Eden: 90.0M(90.0M)->0.0B(89.0M) Survivors: 12.0M->13.0M Heap: 101.5M(2048.0M)->17.9M(2048.0M)]
 [Times: user=0.08 sys=0.00, real=0.02 secs] 
5.042: [GC pause (G1 Evacuation Pause) (young), 0.0369932 secs]
   [Parallel Time: 34.6 ms, GC Workers: 4]
      [GC Worker Start (ms): Min: 5042.1, Avg: 5044.4, Max: 5046.7, Diff: 4.6]
      [Ext Root Scanning (ms): Min: 0.0, Avg: 1.4, Max: 3.1, Diff: 3.1, Sum: 5.7]
      [Update RS (ms): Min: 0.0, Avg: 1.8, Max: 6.3, Diff: 6.3, Sum: 7.1]
         [Processed Buffers: Min: 0, Avg: 2.2, Max: 6, Diff: 6, Sum: 9]
      [Scan RS (ms): Min: 0.0, Avg: 0.4, Max: 1.0, Diff: 1.0, Sum: 1.8]
      [Code Root Scanning (ms): Min: 0.0, Avg: 2.0, Max: 6.2, Diff: 6.2, Sum: 7.8]
      [Object Copy (ms): Min: 24.2, Avg: 26.5, Max: 28.2, Diff: 4.0, Sum: 106.0]
      [Termination (ms): Min: 0.0, Avg: 0.1, Max: 0.2, Diff: 0.2, Sum: 0.4]
         [Termination Attempts: Min: 1, Avg: 1.0, Max: 1, Diff: 0, Sum: 4]
      [GC Worker Other (ms): Min: 0.0, Avg: 0.0, Max: 0.0, Diff: 0.0, Sum: 0.1]
      [GC Worker Total (ms): Min: 29.9, Avg: 32.2, Max: 34.5, Diff: 4.6, Sum: 128.9]
      [GC Worker End (ms): Min: 5076.6, Avg: 5076.6, Max: 5076.7, Diff: 0.1]
   [Code Root Fixup: 0.5 ms]
   [Code Root Purge: 0.0 ms]
   [Clear CT: 0.2 ms]
   [Other: 1.6 ms]
      [Choose CSet: 0.0 ms]
      [Ref Proc: 0.9 ms]
      [Ref Enq: 0.0 ms]
      [Redirty Cards: 0.2 ms]
      [Humongous Register: 0.1 ms]
      [Humongous Reclaim: 0.0 ms]
      [Free CSet: 0.1 ms]
   [Eden: 89.0M(89.0M)->0.0B(97.0M) Survivors: 13.0M->5120.0K Heap: 106.9M(2048.0M)->22.4M(2048.0M)]
 [Times: user=0.14 sys=0.00, real=0.03 secs] 
Heap
 garbage-first heap   total 2097152K, used 102855K [0x0000000080000000, 0x0000000080104000, 0x0000000100000000)
  region size 1024K, 84 young (86016K), 5 survivors (5120K)
 Metaspace       used 33720K, capacity 35246K, committed 35376K, reserved 1079296K
  class space    used 4342K, capacity 4633K, committed 4656K, reserved 1048576K
