Java HotSpot(TM) 64-Bit Server VM (25.65-b01) for linux-amd64 JRE (1.8.0_65-b17), built on Oct  6 2015 17:16:12 by "java_re" with gcc 4.3.0 20080428 (Red Hat 4.3.0-8)
Memory: 4k page, physical 32862844k(2642568k free), swap 0k(0k free)
CommandLine flags: -XX:InitialHeapSize=536870912 -XX:MaxGCPauseMillis=50 -XX:MaxHeapSize=536870912 -XX:+PrintGC -XX:+PrintGCDetails -XX:+PrintGCTimeStamps -XX:-UseAdaptiveSizePolicy -XX:+UseCompressedClassPointers -XX:+UseCompressedOops -XX:+UseG1GC 
0.926: [GC pause (G1 Evacuation Pause) (young), 0.0098666 secs]
   [Parallel Time: 8.0 ms, GC Workers: 4]
      [GC Worker Start (ms): Min: 926.1, Avg: 927.7, Max: 930.8, Diff: 4.7]
      [Ext Root Scanning (ms): Min: 0.0, Avg: 0.6, Max: 1.3, Diff: 1.3, Sum: 2.6]
      [Update RS (ms): Min: 0.0, Avg: 0.0, Max: 0.0, Diff: 0.0, Sum: 0.0]
         [Processed Buffers: Min: 0, Avg: 0.0, Max: 0, Diff: 0, Sum: 0]
      [Scan RS (ms): Min: 0.0, Avg: 0.0, Max: 0.0, Diff: 0.0, Sum: 0.0]
      [Code Root Scanning (ms): Min: 0.0, Avg: 1.8, Max: 6.2, Diff: 6.2, Sum: 7.3]
      [Object Copy (ms): Min: 0.2, Avg: 3.6, Max: 5.9, Diff: 5.6, Sum: 14.3]
      [Termination (ms): Min: 0.0, Avg: 0.2, Max: 0.3, Diff: 0.3, Sum: 0.7]
         [Termination Attempts: Min: 1, Avg: 1.8, Max: 3, Diff: 2, Sum: 7]
      [GC Worker Other (ms): Min: 0.0, Avg: 0.0, Max: 0.0, Diff: 0.0, Sum: 0.1]
      [GC Worker Total (ms): Min: 3.2, Avg: 6.3, Max: 7.8, Diff: 4.7, Sum: 25.0]
      [GC Worker End (ms): Min: 933.9, Avg: 933.9, Max: 934.0, Diff: 0.0]
   [Code Root Fixup: 0.3 ms]
   [Code Root Purge: 0.1 ms]
   [Clear CT: 0.2 ms]
   [Other: 1.3 ms]
      [Choose CSet: 0.0 ms]
      [Ref Proc: 0.8 ms]
      [Ref Enq: 0.0 ms]
      [Redirty Cards: 0.1 ms]
      [Humongous Register: 0.0 ms]
      [Humongous Reclaim: 0.0 ms]
      [Free CSet: 0.1 ms]
   [Eden: 25.0M(25.0M)->0.0B(22.0M) Survivors: 0.0B->3072.0K Heap: 25.0M(512.0M)->2631.9K(512.0M)]
 [Times: user=0.03 sys=0.00, real=0.01 secs] 
1.263: [GC pause (G1 Evacuation Pause) (young), 0.0095429 secs]
   [Parallel Time: 7.4 ms, GC Workers: 4]
      [GC Worker Start (ms): Min: 1262.7, Avg: 1264.0, Max: 1267.7, Diff: 5.0]
      [Ext Root Scanning (ms): Min: 0.0, Avg: 0.8, Max: 1.1, Diff: 1.1, Sum: 3.1]
      [Update RS (ms): Min: 0.0, Avg: 0.0, Max: 0.0, Diff: 0.0, Sum: 0.0]
         [Processed Buffers: Min: 0, Avg: 0.0, Max: 0, Diff: 0, Sum: 0]
      [Scan RS (ms): Min: 0.0, Avg: 0.0, Max: 0.0, Diff: 0.0, Sum: 0.0]
      [Code Root Scanning (ms): Min: 0.0, Avg: 0.4, Max: 1.2, Diff: 1.2, Sum: 1.4]
      [Object Copy (ms): Min: 0.8, Avg: 3.8, Max: 5.0, Diff: 4.2, Sum: 15.0]
      [Termination (ms): Min: 0.0, Avg: 1.1, Max: 1.4, Diff: 1.4, Sum: 4.3]
         [Termination Attempts: Min: 1, Avg: 1.0, Max: 1, Diff: 0, Sum: 4]
      [GC Worker Other (ms): Min: 0.0, Avg: 0.0, Max: 0.0, Diff: 0.0, Sum: 0.1]
      [GC Worker Total (ms): Min: 2.3, Avg: 6.0, Max: 7.3, Diff: 5.0, Sum: 23.9]
      [GC Worker End (ms): Min: 1269.9, Avg: 1270.0, Max: 1270.0, Diff: 0.0]
   [Code Root Fixup: 0.4 ms]
   [Code Root Purge: 0.0 ms]
   [Clear CT: 0.2 ms]
   [Other: 1.6 ms]
      [Choose CSet: 0.0 ms]
      [Ref Proc: 1.1 ms]
      [Ref Enq: 0.0 ms]
      [Redirty Cards: 0.2 ms]
      [Humongous Register: 0.0 ms]
      [Humongous Reclaim: 0.0 ms]
      [Free CSet: 0.1 ms]
   [Eden: 22.0M(22.0M)->0.0B(21.0M) Survivors: 3072.0K->4096.0K Heap: 24.6M(512.0M)->4096.0K(512.0M)]
 [Times: user=0.03 sys=0.00, real=0.01 secs] 
1.491: [GC pause (G1 Evacuation Pause) (young), 0.0080479 secs]
   [Parallel Time: 6.1 ms, GC Workers: 4]
      [GC Worker Start (ms): Min: 1491.3, Avg: 1491.5, Max: 1491.7, Diff: 0.4]
      [Ext Root Scanning (ms): Min: 0.4, Avg: 1.4, Max: 2.1, Diff: 1.7, Sum: 5.6]
      [Update RS (ms): Min: 0.0, Avg: 0.0, Max: 0.0, Diff: 0.0, Sum: 0.0]
         [Processed Buffers: Min: 0, Avg: 0.0, Max: 0, Diff: 0, Sum: 0]
      [Scan RS (ms): Min: 0.0, Avg: 0.0, Max: 0.0, Diff: 0.0, Sum: 0.0]
      [Code Root Scanning (ms): Min: 0.0, Avg: 0.4, Max: 1.1, Diff: 1.1, Sum: 1.7]
      [Object Copy (ms): Min: 3.9, Avg: 4.1, Max: 4.2, Diff: 0.3, Sum: 16.3]
      [Termination (ms): Min: 0.0, Avg: 0.0, Max: 0.0, Diff: 0.0, Sum: 0.0]
         [Termination Attempts: Min: 1, Avg: 1.2, Max: 2, Diff: 1, Sum: 5]
      [GC Worker Other (ms): Min: 0.0, Avg: 0.0, Max: 0.0, Diff: 0.0, Sum: 0.1]
      [GC Worker Total (ms): Min: 5.7, Avg: 5.9, Max: 6.0, Diff: 0.4, Sum: 23.7]
      [GC Worker End (ms): Min: 1497.4, Avg: 1497.4, Max: 1497.4, Diff: 0.0]
   [Code Root Fixup: 0.5 ms]
   [Code Root Purge: 0.0 ms]
   [Clear CT: 0.1 ms]
   [Other: 1.3 ms]
      [Choose CSet: 0.0 ms]
      [Ref Proc: 0.8 ms]
      [Ref Enq: 0.0 ms]
      [Redirty Cards: 0.3 ms]
      [Humongous Register: 0.0 ms]
      [Humongous Reclaim: 0.0 ms]
      [Free CSet: 0.1 ms]
   [Eden: 21.0M(21.0M)->0.0B(28.0M) Survivors: 4096.0K->3072.0K Heap: 25.0M(512.0M)->4707.5K(512.0M)]
 [Times: user=0.03 sys=0.00, real=0.01 secs] 
1.718: [GC pause (G1 Evacuation Pause) (young), 0.0050199 secs]
   [Parallel Time: 3.4 ms, GC Workers: 4]
      [GC Worker Start (ms): Min: 1718.2, Avg: 1718.3, Max: 1718.3, Diff: 0.1]
      [Ext Root Scanning (ms): Min: 0.5, Avg: 0.6, Max: 0.8, Diff: 0.3, Sum: 2.5]
      [Update RS (ms): Min: 0.2, Avg: 0.5, Max: 0.7, Diff: 0.5, Sum: 1.8]
         [Processed Buffers: Min: 1, Avg: 2.0, Max: 5, Diff: 4, Sum: 8]
      [Scan RS (ms): Min: 0.0, Avg: 0.1, Max: 0.3, Diff: 0.3, Sum: 0.4]
      [Code Root Scanning (ms): Min: 0.0, Avg: 0.1, Max: 0.2, Diff: 0.2, Sum: 0.3]
      [Object Copy (ms): Min: 1.8, Avg: 1.9, Max: 2.0, Diff: 0.2, Sum: 7.6]
      [Termination (ms): Min: 0.0, Avg: 0.0, Max: 0.0, Diff: 0.0, Sum: 0.0]
         [Termination Attempts: Min: 1, Avg: 1.8, Max: 2, Diff: 1, Sum: 7]
      [GC Worker Other (ms): Min: 0.0, Avg: 0.0, Max: 0.0, Diff: 0.0, Sum: 0.1]
      [GC Worker Total (ms): Min: 3.1, Avg: 3.2, Max: 3.2, Diff: 0.1, Sum: 12.7]
      [GC Worker End (ms): Min: 1721.4, Avg: 1721.4, Max: 1721.4, Diff: 0.0]
   [Code Root Fixup: 0.1 ms]
   [Code Root Purge: 0.0 ms]
   [Clear CT: 0.2 ms]
   [Other: 1.4 ms]
      [Choose CSet: 0.0 ms]
      [Ref Proc: 1.0 ms]
      [Ref Enq: 0.0 ms]
      [Redirty Cards: 0.2 ms]
      [Humongous Register: 0.0 ms]
      [Humongous Reclaim: 0.0 ms]
      [Free CSet: 0.0 ms]
   [Eden: 25.0M(23.0M)->0.0B(41.0M) Survivors: 3072.0K->3072.0K Heap: 29.6M(512.0M)->4284.4K(512.0M)]
 [Times: user=0.02 sys=0.00, real=0.01 secs] 
2.016: [GC pause (G1 Evacuation Pause) (young), 0.0109931 secs]
   [Parallel Time: 8.8 ms, GC Workers: 4]
      [GC Worker Start (ms): Min: 2016.5, Avg: 2019.4, Max: 2023.4, Diff: 6.9]
      [Ext Root Scanning (ms): Min: 0.0, Avg: 0.9, Max: 2.8, Diff: 2.8, Sum: 3.6]
      [Update RS (ms): Min: 0.0, Avg: 0.3, Max: 0.5, Diff: 0.5, Sum: 1.1]
         [Processed Buffers: Min: 0, Avg: 2.2, Max: 5, Diff: 5, Sum: 9]
      [Scan RS (ms): Min: 0.0, Avg: 0.0, Max: 0.0, Diff: 0.0, Sum: 0.0]
      [Code Root Scanning (ms): Min: 0.0, Avg: 0.1, Max: 0.2, Diff: 0.2, Sum: 0.4]
      [Object Copy (ms): Min: 0.7, Avg: 3.7, Max: 5.3, Diff: 4.6, Sum: 14.9]
      [Termination (ms): Min: 0.0, Avg: 0.7, Max: 0.9, Diff: 0.9, Sum: 2.8]
         [Termination Attempts: Min: 1, Avg: 1.5, Max: 3, Diff: 2, Sum: 6]
      [GC Worker Other (ms): Min: 0.0, Avg: 0.0, Max: 0.0, Diff: 0.0, Sum: 0.1]
      [GC Worker Total (ms): Min: 1.7, Avg: 5.7, Max: 8.6, Diff: 6.9, Sum: 22.8]
      [GC Worker End (ms): Min: 2025.1, Avg: 2025.1, Max: 2025.1, Diff: 0.0]
   [Code Root Fixup: 0.1 ms]
   [Code Root Purge: 0.0 ms]
   [Clear CT: 0.2 ms]
   [Other: 1.9 ms]
      [Choose CSet: 0.0 ms]
      [Ref Proc: 1.5 ms]
      [Ref Enq: 0.0 ms]
      [Redirty Cards: 0.1 ms]
      [Humongous Register: 0.0 ms]
      [Humongous Reclaim: 0.0 ms]
      [Free CSet: 0.1 ms]
   [Eden: 41.0M(41.0M)->0.0B(87.0M) Survivors: 3072.0K->5120.0K Heap: 45.2M(512.0M)->6644.8K(512.0M)]
 [Times: user=0.04 sys=0.00, real=0.01 secs] 
2.586: [GC pause (G1 Evacuation Pause) (young), 0.0144764 secs]
   [Parallel Time: 10.5 ms, GC Workers: 4]
      [GC Worker Start (ms): Min: 2586.3, Avg: 2587.1, Max: 2589.2, Diff: 2.8]
      [Ext Root Scanning (ms): Min: 0.0, Avg: 1.6, Max: 2.4, Diff: 2.4, Sum: 6.5]
      [Update RS (ms): Min: 0.0, Avg: 0.3, Max: 0.4, Diff: 0.4, Sum: 1.1]
         [Processed Buffers: Min: 0, Avg: 2.0, Max: 6, Diff: 6, Sum: 8]
      [Scan RS (ms): Min: 0.0, Avg: 0.0, Max: 0.0, Diff: 0.0, Sum: 0.1]
      [Code Root Scanning (ms): Min: 0.0, Avg: 2.0, Max: 4.0, Diff: 4.0, Sum: 8.0]
      [Object Copy (ms): Min: 3.5, Avg: 5.6, Max: 7.7, Diff: 4.2, Sum: 22.5]
      [Termination (ms): Min: 0.0, Avg: 0.1, Max: 0.2, Diff: 0.2, Sum: 0.5]
         [Termination Attempts: Min: 1, Avg: 1.0, Max: 1, Diff: 0, Sum: 4]
      [GC Worker Other (ms): Min: 0.0, Avg: 0.0, Max: 0.0, Diff: 0.0, Sum: 0.1]
      [GC Worker Total (ms): Min: 7.6, Avg: 9.7, Max: 10.4, Diff: 2.8, Sum: 38.8]
      [GC Worker End (ms): Min: 2596.8, Avg: 2596.8, Max: 2596.8, Diff: 0.0]
   [Code Root Fixup: 0.2 ms]
   [Code Root Purge: 0.0 ms]
   [Clear CT: 0.1 ms]
   [Other: 3.7 ms]
      [Choose CSet: 0.0 ms]
      [Ref Proc: 3.3 ms]
      [Ref Enq: 0.0 ms]
      [Redirty Cards: 0.1 ms]
      [Humongous Register: 0.0 ms]
      [Humongous Reclaim: 0.0 ms]
      [Free CSet: 0.1 ms]
   [Eden: 87.0M(87.0M)->0.0B(261.0M) Survivors: 5120.0K->7168.0K Heap: 93.5M(512.0M)->8803.5K(512.0M)]
 [Times: user=0.04 sys=0.01, real=0.02 secs] 
2.774: [GC pause (Metadata GC Threshold) (young) (initial-mark), 0.0175470 secs]
   [Parallel Time: 16.0 ms, GC Workers: 4]
      [GC Worker Start (ms): Min: 2773.8, Avg: 2775.3, Max: 2776.8, Diff: 3.1]
      [Ext Root Scanning (ms): Min: 0.2, Avg: 5.9, Max: 11.2, Diff: 11.0, Sum: 23.5]
      [Update RS (ms): Min: 0.0, Avg: 0.2, Max: 1.0, Diff: 1.0, Sum: 1.0]
         [Processed Buffers: Min: 0, Avg: 2.2, Max: 9, Diff: 9, Sum: 9]
      [Scan RS (ms): Min: 0.0, Avg: 0.0, Max: 0.0, Diff: 0.0, Sum: 0.0]
      [Code Root Scanning (ms): Min: 0.0, Avg: 0.1, Max: 0.5, Diff: 0.5, Sum: 0.6]
      [Object Copy (ms): Min: 0.4, Avg: 5.0, Max: 11.8, Diff: 11.4, Sum: 19.8]
      [Termination (ms): Min: 0.0, Avg: 3.1, Max: 4.2, Diff: 4.2, Sum: 12.4]
         [Termination Attempts: Min: 1, Avg: 1.0, Max: 1, Diff: 0, Sum: 4]
      [GC Worker Other (ms): Min: 0.0, Avg: 0.0, Max: 0.0, Diff: 0.0, Sum: 0.1]
      [GC Worker Total (ms): Min: 12.8, Avg: 14.3, Max: 15.9, Diff: 3.0, Sum: 57.4]
      [GC Worker End (ms): Min: 2789.6, Avg: 2789.6, Max: 2789.6, Diff: 0.0]
   [Code Root Fixup: 0.2 ms]
   [Code Root Purge: 0.0 ms]
   [Clear CT: 0.1 ms]
   [Other: 1.3 ms]
      [Choose CSet: 0.0 ms]
      [Ref Proc: 1.0 ms]
      [Ref Enq: 0.0 ms]
      [Redirty Cards: 0.1 ms]
      [Humongous Register: 0.0 ms]
      [Humongous Reclaim: 0.0 ms]
      [Free CSet: 0.1 ms]
   [Eden: 34.0M(261.0M)->0.0B(300.0M) Survivors: 7168.0K->7168.0K Heap: 42.1M(512.0M)->8344.0K(512.0M)]
 [Times: user=0.06 sys=0.01, real=0.02 secs] 
2.791: [GC concurrent-root-region-scan-start]
2.800: [GC concurrent-root-region-scan-end, 0.0083004 secs]
2.800: [GC concurrent-mark-start]
2.815: [GC concurrent-mark-end, 0.0149445 secs]
2.819: [GC remark 2.819: [Finalize Marking, 0.0003106 secs] 2.819: [GC ref-proc, 0.0001968 secs] 2.819: [Unloading, 0.0055854 secs], 0.0063721 secs]
 [Times: user=0.02 sys=0.00, real=0.00 secs] 
2.825: [GC cleanup 12M->12M(512M), 0.0008833 secs]
 [Times: user=0.00 sys=0.00, real=0.00 secs] 
5.475: [GC pause (G1 Evacuation Pause) (young), 0.0318634 secs]
   [Parallel Time: 25.9 ms, GC Workers: 4]
      [GC Worker Start (ms): Min: 5474.7, Avg: 5474.8, Max: 5474.8, Diff: 0.1]
      [Ext Root Scanning (ms): Min: 0.7, Avg: 1.6, Max: 2.8, Diff: 2.1, Sum: 6.2]
      [Update RS (ms): Min: 0.0, Avg: 0.3, Max: 0.5, Diff: 0.5, Sum: 1.2]
         [Processed Buffers: Min: 0, Avg: 2.5, Max: 6, Diff: 6, Sum: 10]
      [Scan RS (ms): Min: 0.0, Avg: 0.1, Max: 0.1, Diff: 0.1, Sum: 0.3]
      [Code Root Scanning (ms): Min: 0.3, Avg: 0.6, Max: 1.0, Diff: 0.7, Sum: 2.2]
      [Object Copy (ms): Min: 22.1, Avg: 22.8, Max: 23.7, Diff: 1.6, Sum: 91.3]
      [Termination (ms): Min: 0.0, Avg: 0.4, Max: 0.6, Diff: 0.6, Sum: 1.6]
         [Termination Attempts: Min: 1, Avg: 1.8, Max: 4, Diff: 3, Sum: 7]
      [GC Worker Other (ms): Min: 0.0, Avg: 0.0, Max: 0.0, Diff: 0.0, Sum: 0.1]
      [GC Worker Total (ms): Min: 25.6, Avg: 25.7, Max: 25.8, Diff: 0.1, Sum: 102.8]
      [GC Worker End (ms): Min: 5500.5, Avg: 5500.5, Max: 5500.5, Diff: 0.0]
   [Code Root Fixup: 0.6 ms]
   [Code Root Purge: 0.1 ms]
   [Clear CT: 0.4 ms]
   [Other: 4.9 ms]
      [Choose CSet: 0.0 ms]
      [Ref Proc: 4.0 ms]
      [Ref Enq: 0.1 ms]
      [Redirty Cards: 0.4 ms]
      [Humongous Register: 0.0 ms]
      [Humongous Reclaim: 0.0 ms]
      [Free CSet: 0.3 ms]
   [Eden: 300.0M(300.0M)->0.0B(149.0M) Survivors: 7168.0K->24.0M Heap: 308.1M(512.0M)->25.1M(512.0M)]
 [Times: user=0.09 sys=0.01, real=0.03 secs] 
Heap
 garbage-first heap   total 524288K, used 75875K [0x00000000e0000000, 0x00000000e0101000, 0x0000000100000000)
  region size 1024K, 74 young (75776K), 24 survivors (24576K)
 Metaspace       used 33682K, capacity 35122K, committed 35376K, reserved 1079296K
  class space    used 4345K, capacity 4633K, committed 4656K, reserved 1048576K
