Java HotSpot(TM) 64-Bit Server VM (25.65-b01) for linux-amd64 JRE (1.8.0_65-b17), built on Oct  6 2015 17:16:12 by "java_re" with gcc 4.3.0 20080428 (Red Hat 4.3.0-8)
Memory: 4k page, physical 32862844k(6197804k free), swap 0k(0k free)
CommandLine flags: -XX:InitialHeapSize=536870912 -XX:MaxHeapSize=536870912 -XX:+PrintGC -XX:+PrintGCDetails -XX:+PrintGCTimeStamps -XX:-UseAdaptiveSizePolicy -XX:+UseCompressedClassPointers -XX:+UseCompressedOops -XX:+UseSerialGC 
1.939: [GC (GCLocker Initiated GC) 1.939: [DefNew: 139776K->7413K(157248K), 0.0251409 secs] 139776K->7413K(506816K), 0.0252634 secs] [Times: user=0.06 sys=0.00, real=0.03 secs] 
2.658: [Full GC (Metadata GC Threshold) 2.658: [Tenured: 0K->10233K(349568K), 0.0740467 secs] 116108K->10233K(506816K), [Metaspace: 20579K->20579K(1067008K)], 0.0741525 secs] [Times: user=0.14 sys=0.00, real=0.07 secs] 
4.328: [GC (Allocation Failure) 4.328: [DefNew: 139776K->7325K(157248K), 0.0277829 secs] 150009K->17558K(506816K), 0.0278752 secs] [Times: user=0.04 sys=0.00, real=0.03 secs] 
5.628: [GC (Allocation Failure) 5.628: [DefNew: 147101K->14070K(157248K), 0.0340873 secs] 157334K->24303K(506816K), 0.0341694 secs] [Times: user=0.03 sys=0.00, real=0.04 secs] 
16.210: [Full GC (Metadata GC Threshold) 16.210: [Tenured: 10233K->26456K(349568K), 0.1580574 secs] 148842K->26456K(506816K), [Metaspace: 33844K->33844K(1079296K)], 0.1581974 secs] [Times: user=0.16 sys=0.01, real=0.16 secs] 
18.069: [GC (Allocation Failure) 18.069: [DefNew: 139776K->16798K(157248K), 0.0311792 secs] 166232K->43255K(506816K), 0.0313590 secs] [Times: user=0.03 sys=0.00, real=0.03 secs] 
19.246: [GC (Allocation Failure) 19.246: [DefNew: 156574K->101K(157248K), 0.0184976 secs] 183031K->42712K(506816K), 0.0186768 secs] [Times: user=0.01 sys=0.00, real=0.02 secs] 
20.404: [GC (Allocation Failure) 20.404: [DefNew: 139877K->211K(157248K), 0.0080908 secs] 182488K->42822K(506816K), 0.0082505 secs] [Times: user=0.01 sys=0.00, real=0.00 secs] 
21.594: [GC (Allocation Failure) 21.594: [DefNew: 139987K->233K(157248K), 0.0071639 secs] 182598K->42844K(506816K), 0.0073267 secs] [Times: user=0.02 sys=0.00, real=0.00 secs] 
22.500: [GC (Allocation Failure) 22.500: [DefNew: 140009K->165K(157248K), 0.0062281 secs] 182620K->42776K(506816K), 0.0063784 secs] [Times: user=0.01 sys=0.00, real=0.01 secs] 
23.632: [GC (Allocation Failure) 23.632: [DefNew: 139941K->368K(157248K), 0.0069617 secs] 182552K->42979K(506816K), 0.0071448 secs] [Times: user=0.02 sys=0.00, real=0.01 secs] 
24.799: [GC (Allocation Failure) 24.799: [DefNew: 140144K->393K(157248K), 0.0077982 secs] 182755K->43004K(506816K), 0.0079953 secs] [Times: user=0.02 sys=0.00, real=0.01 secs] 
25.835: [GC (Allocation Failure) 25.835: [DefNew: 140169K->395K(157248K), 0.0073736 secs] 182780K->43006K(506816K), 0.0075487 secs] [Times: user=0.01 sys=0.00, real=0.00 secs] 
27.210: [GC (Allocation Failure) 27.210: [DefNew: 140171K->424K(157248K), 0.0105908 secs] 182782K->43035K(506816K), 0.0108317 secs] [Times: user=0.03 sys=0.00, real=0.01 secs] 
28.280: [GC (Allocation Failure) 28.280: [DefNew: 140200K->412K(157248K), 0.0096663 secs] 182811K->43023K(506816K), 0.0098687 secs] [Times: user=0.01 sys=0.00, real=0.01 secs] 
29.609: [GC (Allocation Failure) 29.609: [DefNew: 140188K->444K(157248K), 0.0110324 secs] 182799K->43054K(506816K), 0.0112445 secs] [Times: user=0.01 sys=0.00, real=0.01 secs] 
30.696: [GC (Allocation Failure) 30.696: [DefNew: 140216K->435K(157248K), 0.0098262 secs] 182827K->43046K(506816K), 0.0100791 secs] [Times: user=0.01 sys=0.00, real=0.01 secs] 
31.708: [GC (Allocation Failure) 31.708: [DefNew: 140211K->454K(157248K), 0.0088296 secs] 182822K->43065K(506816K), 0.0090206 secs] [Times: user=0.01 sys=0.00, real=0.01 secs] 
32.785: [GC (Allocation Failure) 32.785: [DefNew: 140230K->437K(157248K), 0.0102418 secs] 182841K->43047K(506816K), 0.0104713 secs] [Times: user=0.02 sys=0.00, real=0.01 secs] 
33.911: [GC (Allocation Failure) 33.911: [DefNew: 140213K->441K(157248K), 0.0105422 secs] 182823K->43051K(506816K), 0.0107503 secs] [Times: user=0.01 sys=0.00, real=0.01 secs] 
35.012: [GC (Allocation Failure) 35.013: [DefNew: 140217K->446K(157248K), 0.0105474 secs] 182827K->43056K(506816K), 0.0107481 secs] [Times: user=0.01 sys=0.00, real=0.01 secs] 
36.185: [GC (Allocation Failure) 36.185: [DefNew: 140222K->436K(157248K), 0.0103307 secs] 182832K->43064K(506816K), 0.0105370 secs] [Times: user=0.01 sys=0.00, real=0.01 secs] 
37.200: [GC (Allocation Failure) 37.200: [DefNew: 140212K->398K(157248K), 0.0102711 secs] 182840K->43060K(506816K), 0.0104803 secs] [Times: user=0.01 sys=0.00, real=0.01 secs] 
38.236: [GC (Allocation Failure) 38.237: [DefNew: 140174K->375K(157248K), 0.0102735 secs] 182836K->43057K(506816K), 0.0104751 secs] [Times: user=0.01 sys=0.00, real=0.02 secs] 
39.349: [GC (Allocation Failure) 39.349: [DefNew: 140151K->370K(157248K), 0.0102755 secs] 182833K->43058K(506816K), 0.0104821 secs] [Times: user=0.01 sys=0.00, real=0.01 secs] 
40.371: [GC (Allocation Failure) 40.372: [DefNew: 140139K->328K(157248K), 0.0104514 secs] 182827K->43064K(506816K), 0.0106648 secs] [Times: user=0.01 sys=0.00, real=0.01 secs] 
41.400: [GC (Allocation Failure) 41.400: [DefNew: 140104K->318K(157248K), 0.0096336 secs] 182840K->43060K(506816K), 0.0098423 secs] [Times: user=0.01 sys=0.00, real=0.01 secs] 
42.457: [GC (Allocation Failure) 42.457: [DefNew: 140094K->319K(157248K), 0.0097313 secs] 182836K->43062K(506816K), 0.0099326 secs] [Times: user=0.01 sys=0.00, real=0.01 secs] 
43.616: [GC (Allocation Failure) 43.616: [DefNew: 140095K->315K(157248K), 0.0104719 secs] 182838K->43059K(506816K), 0.0106729 secs] [Times: user=0.01 sys=0.00, real=0.01 secs] 
44.716: [GC (Allocation Failure) 44.716: [DefNew: 140091K->308K(157248K), 0.0095305 secs] 182835K->43055K(506816K), 0.0097264 secs] [Times: user=0.01 sys=0.00, real=0.01 secs] 
45.742: [GC (Allocation Failure) 45.742: [DefNew: 140084K->304K(157248K), 0.0098877 secs] 182831K->43057K(506816K), 0.0101011 secs] [Times: user=0.00 sys=0.00, real=0.01 secs] 
Heap
 def new generation   total 157248K, used 71706K [0x00000000e0000000, 0x00000000eaaa0000, 0x00000000eaaa0000)
  eden space 139776K,  51% used [0x00000000e0000000, 0x00000000e45ba670, 0x00000000e8880000)
  from space 17472K,   1% used [0x00000000e9990000, 0x00000000e99dc1b0, 0x00000000eaaa0000)
  to   space 17472K,   0% used [0x00000000e8880000, 0x00000000e8880000, 0x00000000e9990000)
 tenured generation   total 349568K, used 42753K [0x00000000eaaa0000, 0x0000000100000000, 0x0000000100000000)
   the space 349568K,  12% used [0x00000000eaaa0000, 0x00000000ed460428, 0x00000000ed460600, 0x0000000100000000)
 Metaspace       used 36309K, capacity 38114K, committed 38440K, reserved 1083392K
  class space    used 4534K, capacity 4865K, committed 4904K, reserved 1048576K
