Java HotSpot(TM) 64-Bit Server VM (25.65-b01) for linux-amd64 JRE (1.8.0_65-b17), built on Oct  6 2015 17:16:12 by "java_re" with gcc 4.3.0 20080428 (Red Hat 4.3.0-8)
Memory: 4k page, physical 32862844k(11015288k free), swap 0k(0k free)
CommandLine flags: -XX:InitialHeapSize=134217728 -XX:MaxHeapSize=134217728 -XX:+PrintGC -XX:+PrintGCDetails -XX:+PrintGCTimeStamps -XX:-UseAdaptiveSizePolicy -XX:+UseCompressedClassPointers -XX:+UseCompressedOops -XX:+UseSerialGC 
1.464: [GC (Allocation Failure) 1.464: [DefNew: 34944K->3114K(39296K), 0.0102291 secs] 34944K->3114K(126720K), 0.0103383 secs] [Times: user=0.02 sys=0.00, real=0.01 secs] 
1.961: [GC (Allocation Failure) 1.961: [DefNew: 38058K->1612K(39296K), 0.0092144 secs] 38058K->3426K(126720K), 0.0092855 secs] [Times: user=0.01 sys=0.00, real=0.01 secs] 
2.358: [GC (Allocation Failure) 2.358: [DefNew: 36556K->2443K(39296K), 0.0075586 secs] 38370K->4256K(126720K), 0.0076360 secs] [Times: user=0.00 sys=0.00, real=0.01 secs] 
2.663: [GC (Allocation Failure) 2.663: [DefNew: 37387K->2223K(39296K), 0.0084195 secs] 39200K->4604K(126720K), 0.0084941 secs] [Times: user=0.01 sys=0.00, real=0.01 secs] 
2.937: [GC (Allocation Failure) 2.937: [DefNew: 37167K->2583K(39296K), 0.0075603 secs] 39548K->5563K(126720K), 0.0076371 secs] [Times: user=0.01 sys=0.00, real=0.01 secs] 
3.196: [GC (Allocation Failure) 3.196: [DefNew: 37527K->3002K(39296K), 0.0083187 secs] 40507K->6619K(126720K), 0.0083938 secs] [Times: user=0.01 sys=0.00, real=0.01 secs] 
3.456: [GC (Allocation Failure) 3.456: [DefNew: 37946K->2035K(39296K), 0.0089744 secs] 41563K->6460K(126720K), 0.0090407 secs] [Times: user=0.02 sys=0.00, real=0.01 secs] 
3.486: [Full GC (Metadata GC Threshold) 3.486: [Tenured: 4424K->5154K(87424K), 0.0353072 secs] 12351K->5154K(126720K), [Metaspace: 20524K->20524K(1067008K)], 0.0353930 secs] [Times: user=0.04 sys=0.00, real=0.04 secs] 
4.031: [GC (Allocation Failure) 4.031: [DefNew: 34944K->2740K(39296K), 0.0082923 secs] 40098K->7895K(126720K), 0.0083749 secs] [Times: user=0.02 sys=0.00, real=0.00 secs] 
4.689: [GC (Allocation Failure) 4.689: [DefNew: 37684K->2526K(39296K), 0.0197188 secs] 42839K->9298K(126720K), 0.0197997 secs] [Times: user=0.05 sys=0.00, real=0.02 secs] 
5.321: [GC (Allocation Failure) 5.321: [DefNew: 37470K->1140K(39296K), 0.0131466 secs] 44242K->9095K(126720K), 0.0132216 secs] [Times: user=0.00 sys=0.00, real=0.01 secs] 
5.837: [GC (Allocation Failure) 5.837: [DefNew: 36084K->2586K(39296K), 0.0107031 secs] 44039K->10541K(126720K), 0.0107782 secs] [Times: user=0.02 sys=0.00, real=0.01 secs] 
6.450: [GC (Allocation Failure) 6.450: [DefNew: 37530K->4352K(39296K), 0.0161466 secs] 45485K->15907K(126720K), 0.0162286 secs] [Times: user=0.03 sys=0.00, real=0.02 secs] 
6.899: [GC (Allocation Failure) 6.899: [DefNew: 39296K->1728K(39296K), 0.0137152 secs] 50851K->17621K(126720K), 0.0137861 secs] [Times: user=0.02 sys=0.00, real=0.02 secs] 
7.332: [GC (Allocation Failure) 7.332: [DefNew: 36672K->2111K(39296K), 0.0104123 secs] 52565K->18005K(126720K), 0.0104832 secs] [Times: user=0.02 sys=0.00, real=0.01 secs] 
7.696: [GC (Allocation Failure) 7.696: [DefNew: 37055K->3520K(39296K), 0.0120274 secs] 52949K->19414K(126720K), 0.0121056 secs] [Times: user=0.02 sys=0.00, real=0.01 secs] 
8.046: [GC (Allocation Failure) 8.046: [DefNew: 38464K->2897K(39296K), 0.0147519 secs] 54358K->20661K(126720K), 0.0148370 secs] [Times: user=0.03 sys=0.00, real=0.01 secs] 
8.383: [GC (Allocation Failure) 8.383: [DefNew: 37841K->2157K(39296K), 0.0132402 secs] 55605K->21238K(126720K), 0.0133241 secs] [Times: user=0.02 sys=0.00, real=0.01 secs] 
231.535: [Full GC (Metadata GC Threshold) 231.535: [Tenured: 19081K->22780K(87424K), 0.1139265 secs] 33922K->22780K(126720K), [Metaspace: 33835K->33835K(1079296K)], 0.1140566 secs] [Times: user=0.11 sys=0.00, real=0.11 secs] 
231.908: [GC (Allocation Failure) 231.908: [DefNew: 34944K->4352K(39296K), 0.0342050 secs] 57724K->37786K(126720K), 0.0344061 secs] [Times: user=0.04 sys=0.00, real=0.03 secs] 
232.813: [GC (Allocation Failure) 232.813: [DefNew: 39296K->4352K(39296K), 0.0416102 secs] 72730K->44633K(126720K), 0.0418589 secs] [Times: user=0.10 sys=0.00, real=0.04 secs] 
233.363: [GC (Allocation Failure) 233.363: [DefNew: 39296K->225K(39296K), 0.0250616 secs] 79577K->44700K(126720K), 0.0252740 secs] [Times: user=0.05 sys=0.00, real=0.03 secs] 
233.846: [GC (Allocation Failure) 233.846: [DefNew: 35169K->402K(39296K), 0.0162359 secs] 79644K->44876K(126720K), 0.0164270 secs] [Times: user=0.04 sys=0.00, real=0.01 secs] 
234.275: [GC (Allocation Failure) 234.275: [DefNew: 35346K->313K(39296K), 0.0098613 secs] 79820K->44787K(126720K), 0.0100430 secs] [Times: user=0.02 sys=0.00, real=0.01 secs] 
234.670: [GC (Allocation Failure) 234.670: [DefNew: 35257K->380K(39296K), 0.0110532 secs] 79731K->44855K(126720K), 0.0112189 secs] [Times: user=0.01 sys=0.00, real=0.01 secs] 
235.025: [GC (Allocation Failure) 235.025: [DefNew: 35324K->640K(39296K), 0.0095709 secs] 79799K->45115K(126720K), 0.0097567 secs] [Times: user=0.02 sys=0.00, real=0.01 secs] 
235.389: [GC (Allocation Failure) 235.389: [DefNew: 35577K->350K(39296K), 0.0086762 secs] 80052K->44825K(126720K), 0.0088521 secs] [Times: user=0.01 sys=0.00, real=0.01 secs] 
235.711: [GC (Allocation Failure) 235.711: [DefNew: 35294K->650K(39296K), 0.0119416 secs] 79769K->45125K(126720K), 0.0121095 secs] [Times: user=0.02 sys=0.00, real=0.01 secs] 
236.022: [GC (Allocation Failure) 236.022: [DefNew: 35594K->359K(39296K), 0.0142778 secs] 80069K->44833K(126720K), 0.0144928 secs] [Times: user=0.02 sys=0.00, real=0.02 secs] 
236.315: [GC (Allocation Failure) 236.315: [DefNew: 35302K->326K(39296K), 0.0076423 secs] 79777K->44801K(126720K), 0.0077958 secs] [Times: user=0.01 sys=0.00, real=0.00 secs] 
236.604: [GC (Allocation Failure) 236.604: [DefNew: 35270K->422K(39296K), 0.0082674 secs] 79745K->44896K(126720K), 0.0084249 secs] [Times: user=0.01 sys=0.00, real=0.01 secs] 
236.890: [GC (Allocation Failure) 236.890: [DefNew: 35366K->303K(39296K), 0.0064314 secs] 79840K->44778K(126720K), 0.0065883 secs] [Times: user=0.02 sys=0.00, real=0.01 secs] 
237.182: [GC (Allocation Failure) 237.182: [DefNew: 35246K->520K(39296K), 0.0102178 secs] 79720K->44994K(126720K), 0.0103841 secs] [Times: user=0.02 sys=0.00, real=0.01 secs] 
237.465: [GC (Allocation Failure) 237.465: [DefNew: 35464K->351K(39296K), 0.0071658 secs] 79938K->44826K(126720K), 0.0073200 secs] [Times: user=0.02 sys=0.00, real=0.01 secs] 
237.742: [GC (Allocation Failure) 237.742: [DefNew: 35295K->362K(39296K), 0.0086393 secs] 79770K->44837K(126720K), 0.0088069 secs] [Times: user=0.02 sys=0.00, real=0.01 secs] 
238.059: [GC (Allocation Failure) 238.059: [DefNew: 35306K->287K(39296K), 0.0145769 secs] 79781K->44761K(126720K), 0.0149787 secs] [Times: user=0.04 sys=0.00, real=0.01 secs] 
238.345: [GC (Allocation Failure) 238.345: [DefNew: 35225K->441K(39296K), 0.0104345 secs] 79700K->44961K(126720K), 0.0106144 secs] [Times: user=0.02 sys=0.01, real=0.02 secs] 
238.618: [GC (Allocation Failure) 238.618: [DefNew: 35385K->242K(39296K), 0.0084906 secs] 79905K->44874K(126720K), 0.0086407 secs] [Times: user=0.01 sys=0.00, real=0.01 secs] 
238.908: [GC (Allocation Failure) 238.908: [DefNew: 35186K->166K(39296K), 0.0092393 secs] 79818K->44801K(126720K), 0.0093863 secs] [Times: user=0.01 sys=0.00, real=0.01 secs] 
239.170: [GC (Allocation Failure) 239.170: [DefNew: 35103K->352K(39296K), 0.0073150 secs] 79739K->44994K(126720K), 0.0074614 secs] [Times: user=0.01 sys=0.00, real=0.01 secs] 
239.494: [GC (Allocation Failure) 239.494: [DefNew: 35296K->243K(39296K), 0.0059142 secs] 79938K->44892K(126720K), 0.0060711 secs] [Times: user=0.02 sys=0.00, real=0.01 secs] 
239.770: [GC (Allocation Failure) 239.770: [DefNew: 35187K->333K(39296K), 0.0058201 secs] 79836K->44983K(126720K), 0.0059831 secs] [Times: user=0.01 sys=0.00, real=0.01 secs] 
240.032: [GC (Allocation Failure) 240.032: [DefNew: 35277K->370K(39296K), 0.0066919 secs] 79927K->45026K(126720K), 0.0068658 secs] [Times: user=0.01 sys=0.00, real=0.01 secs] 
240.283: [GC (Allocation Failure) 240.283: [DefNew: 35314K->629K(39296K), 0.0075438 secs] 79970K->45289K(126720K), 0.0077185 secs] [Times: user=0.02 sys=0.00, real=0.01 secs] 
240.605: [GC (Allocation Failure) 240.605: [DefNew: 35573K->355K(39296K), 0.0062291 secs] 80233K->45041K(126720K), 0.0063988 secs] [Times: user=0.01 sys=0.00, real=0.01 secs] 
240.827: [GC (Allocation Failure) 240.827: [DefNew: 35299K->335K(39296K), 0.0056574 secs] 79985K->45021K(126720K), 0.0058223 secs] [Times: user=0.01 sys=0.00, real=0.00 secs] 
241.050: [GC (Allocation Failure) 241.050: [DefNew: 35279K->341K(39296K), 0.0059090 secs] 79965K->45034K(126720K), 0.0060870 secs] [Times: user=0.00 sys=0.01, real=0.01 secs] 
241.269: [GC (Allocation Failure) 241.270: [DefNew: 35285K->324K(39296K), 0.0054847 secs] 79978K->45020K(126720K), 0.0056379 secs] [Times: user=0.01 sys=0.00, real=0.00 secs] 
241.611: [GC (Allocation Failure) 241.611: [DefNew: 35264K->322K(39296K), 0.0060499 secs] 79960K->45024K(126720K), 0.0062297 secs] [Times: user=0.02 sys=0.00, real=0.01 secs] 
241.842: [GC (Allocation Failure) 241.842: [DefNew: 35266K->329K(39296K), 0.0065194 secs] 79968K->45030K(126720K), 0.0067009 secs] [Times: user=0.01 sys=0.00, real=0.01 secs] 
242.065: [GC (Allocation Failure) 242.065: [DefNew: 35273K->327K(39296K), 0.0057629 secs] 79974K->45029K(126720K), 0.0059291 secs] [Times: user=0.01 sys=0.00, real=0.01 secs] 
242.294: [GC (Allocation Failure) 242.294: [DefNew: 35271K->339K(39296K), 0.0061970 secs] 79973K->45040K(126720K), 0.0063576 secs] [Times: user=0.01 sys=0.00, real=0.01 secs] 
242.643: [GC (Allocation Failure) 242.643: [DefNew: 35282K->304K(39296K), 0.0054540 secs] 79984K->45021K(126720K), 0.0056029 secs] [Times: user=0.01 sys=0.00, real=0.01 secs] 
242.873: [GC (Allocation Failure) 242.873: [DefNew: 35248K->268K(39296K), 0.0063119 secs] 79965K->45022K(126720K), 0.0064758 secs] [Times: user=0.01 sys=0.00, real=0.01 secs] 
243.095: [GC (Allocation Failure) 243.095: [DefNew: 35212K->229K(39296K), 0.0065041 secs] 79966K->45026K(126720K), 0.0066760 secs] [Times: user=0.01 sys=0.00, real=0.01 secs] 
243.331: [GC (Allocation Failure) 243.331: [DefNew: 35173K->160K(39296K), 0.0065617 secs] 79970K->45022K(126720K), 0.0068048 secs] [Times: user=0.02 sys=0.00, real=0.01 secs] 
243.681: [GC (Allocation Failure) 243.681: [DefNew: 35104K->95K(39296K), 0.0060796 secs] 79966K->45025K(126720K), 0.0062548 secs] [Times: user=0.01 sys=0.00, real=0.01 secs] 
243.929: [GC (Allocation Failure) 243.929: [DefNew: 35038K->84K(39296K), 0.0064174 secs] 79967K->45056K(126720K), 0.0065921 secs] [Times: user=0.01 sys=0.00, real=0.00 secs] 
244.192: [GC (Allocation Failure) 244.192: [DefNew: 35028K->74K(39296K), 0.0067537 secs] 80000K->45068K(126720K), 0.0070462 secs] [Times: user=0.02 sys=0.00, real=0.01 secs] 
244.493: [GC (Allocation Failure) 244.493: [DefNew: 35018K->118K(39296K), 0.0065294 secs] 80012K->45122K(126720K), 0.0067045 secs] [Times: user=0.02 sys=0.00, real=0.01 secs] 
244.755: [GC (Allocation Failure) 244.755: [DefNew: 35062K->181K(39296K), 0.0066382 secs] 80066K->45187K(126720K), 0.0068309 secs] [Times: user=0.02 sys=0.00, real=0.01 secs] 
245.032: [GC (Allocation Failure) 245.032: [DefNew: 35125K->251K(39296K), 0.0078863 secs] 80131K->45258K(126720K), 0.0080917 secs] [Times: user=0.03 sys=0.00, real=0.01 secs] 
245.361: [GC (Allocation Failure) 245.361: [DefNew: 35195K->297K(39296K), 0.0085608 secs] 80202K->45303K(126720K), 0.0087450 secs] [Times: user=0.01 sys=0.00, real=0.01 secs] 
245.597: [GC (Allocation Failure) 245.597: [DefNew: 35241K->298K(39296K), 0.0080351 secs] 80247K->45304K(126720K), 0.0082135 secs] [Times: user=0.01 sys=0.00, real=0.01 secs] 
245.841: [GC (Allocation Failure) 245.841: [DefNew: 35242K->307K(39296K), 0.0086232 secs] 80248K->45314K(126720K), 0.0088218 secs] [Times: user=0.02 sys=0.00, real=0.01 secs] 
246.090: [GC (Allocation Failure) 246.090: [DefNew: 35251K->296K(39296K), 0.0082925 secs] 80258K->45303K(126720K), 0.0084938 secs] [Times: user=0.02 sys=0.00, real=0.01 secs] 
246.346: [GC (Allocation Failure) 246.346: [DefNew: 35240K->306K(39296K), 0.0083980 secs] 80247K->45313K(126720K), 0.0085988 secs] [Times: user=0.02 sys=0.00, real=0.01 secs] 
246.634: [GC (Allocation Failure) 246.634: [DefNew: 35250K->298K(39296K), 0.0081827 secs] 80257K->45305K(126720K), 0.0083850 secs] [Times: user=0.03 sys=0.00, real=0.01 secs] 
246.903: [GC (Allocation Failure) 246.903: [DefNew: 35242K->328K(39296K), 0.0083537 secs] 80249K->45336K(126720K), 0.0085445 secs] [Times: user=0.02 sys=0.00, real=0.01 secs] 
247.181: [GC (Allocation Failure) 247.181: [DefNew: 35272K->320K(39296K), 0.0090897 secs] 80280K->45328K(126720K), 0.0093008 secs] [Times: user=0.02 sys=0.00, real=0.01 secs] 
247.426: [GC (Allocation Failure) 247.426: [DefNew: 35264K->342K(39296K), 0.0093757 secs] 80272K->45349K(126720K), 0.0095834 secs] [Times: user=0.02 sys=0.00, real=0.01 secs] 
247.695: [GC (Allocation Failure) 247.695: [DefNew: 35286K->303K(39296K), 0.0084519 secs] 80293K->45314K(126720K), 0.0086665 secs] [Times: user=0.02 sys=0.00, real=0.01 secs] 
247.946: [GC (Allocation Failure) 247.946: [DefNew: 35247K->291K(39296K), 0.0075745 secs] 80258K->45314K(126720K), 0.0077762 secs] [Times: user=0.01 sys=0.00, real=0.01 secs] 
248.202: [GC (Allocation Failure) 248.202: [DefNew: 35232K->270K(39296K), 0.0073885 secs] 80255K->45319K(126720K), 0.0075914 secs] [Times: user=0.02 sys=0.00, real=0.01 secs] 
248.440: [GC (Allocation Failure) 248.440: [DefNew: 35206K->214K(39296K), 0.0074967 secs] 80256K->45316K(126720K), 0.0076956 secs] [Times: user=0.03 sys=0.00, real=0.01 secs] 
248.700: [GC (Allocation Failure) 248.700: [DefNew: 35158K->165K(39296K), 0.0071177 secs] 80260K->45337K(126720K), 0.0073066 secs] [Times: user=0.02 sys=0.00, real=0.01 secs] 
248.957: [GC (Allocation Failure) 248.957: [DefNew: 35109K->110K(39296K), 0.0071664 secs] 80281K->45343K(126720K), 0.0073537 secs] [Times: user=0.02 sys=0.00, real=0.00 secs] 
249.213: [GC (Allocation Failure) 249.213: [DefNew: 35054K->115K(39296K), 0.0081135 secs] 80287K->45381K(126720K), 0.0083292 secs] [Times: user=0.02 sys=0.00, real=0.01 secs] 
249.588: [GC (Allocation Failure) 249.588: [DefNew: 35059K->156K(39296K), 0.0080715 secs] 80325K->45435K(126720K), 0.0082963 secs] [Times: user=0.02 sys=0.00, real=0.00 secs] 
249.873: [GC (Allocation Failure) 249.873: [DefNew: 35100K->236K(39296K), 0.0086813 secs] 80379K->45517K(126720K), 0.0088854 secs] [Times: user=0.01 sys=0.00, real=0.01 secs] 
250.137: [GC (Allocation Failure) 250.137: [DefNew: 35180K->275K(39296K), 0.0086615 secs] 80461K->45557K(126720K), 0.0088777 secs] [Times: user=0.01 sys=0.00, real=0.01 secs] 
250.380: [GC (Allocation Failure) 250.380: [DefNew: 35219K->309K(39296K), 0.0089471 secs] 80501K->45593K(126720K), 0.0091760 secs] [Times: user=0.01 sys=0.00, real=0.01 secs] 
250.713: [GC (Allocation Failure) 250.714: [DefNew: 35253K->303K(39296K), 0.0087061 secs] 80537K->45591K(126720K), 0.0089157 secs] [Times: user=0.02 sys=0.00, real=0.01 secs] 
250.957: [GC (Allocation Failure) 250.957: [DefNew: 35247K->300K(39296K), 0.0085590 secs] 80535K->45589K(126720K), 0.0087568 secs] [Times: user=0.01 sys=0.00, real=0.01 secs] 
251.202: [GC (Allocation Failure) 251.202: [DefNew: 35244K->310K(39296K), 0.0089467 secs] 80533K->45602K(126720K), 0.0091546 secs] [Times: user=0.02 sys=0.00, real=0.01 secs] 
251.521: [GC (Allocation Failure) 251.521: [DefNew: 35254K->297K(39296K), 0.0085510 secs] 80546K->45589K(126720K), 0.0087513 secs] [Times: user=0.01 sys=0.00, real=0.01 secs] 
251.798: [GC (Allocation Failure) 251.798: [DefNew: 35241K->297K(39296K), 0.0086114 secs] 80533K->45592K(126720K), 0.0088199 secs] [Times: user=0.01 sys=0.00, real=0.01 secs] 
252.046: [GC (Allocation Failure) 252.047: [DefNew: 35241K->303K(39296K), 0.0088881 secs] 80536K->45602K(126720K), 0.0091046 secs] [Times: user=0.01 sys=0.00, real=0.01 secs] 
252.285: [GC (Allocation Failure) 252.285: [DefNew: 35247K->296K(39296K), 0.0087002 secs] 80546K->45597K(126720K), 0.0088950 secs] [Times: user=0.00 sys=0.00, real=0.01 secs] 
252.602: [GC (Allocation Failure) 252.603: [DefNew: 35240K->290K(39296K), 0.0086060 secs] 80541K->45594K(126720K), 0.0088026 secs] [Times: user=0.01 sys=0.00, real=0.01 secs] 
252.851: [GC (Allocation Failure) 252.851: [DefNew: 35234K->280K(39296K), 0.0082247 secs] 80538K->45594K(126720K), 0.0084221 secs] [Times: user=0.01 sys=0.00, real=0.01 secs] 
253.093: [GC (Allocation Failure) 253.093: [DefNew: 35224K->260K(39296K), 0.0087034 secs] 80538K->45591K(126720K), 0.0089458 secs] [Times: user=0.01 sys=0.00, real=0.01 secs] 
253.339: [GC (Allocation Failure) 253.340: [DefNew: 35204K->226K(39296K), 0.0075198 secs] 80535K->45593K(126720K), 0.0077086 secs] [Times: user=0.01 sys=0.00, real=0.00 secs] 
253.583: [GC (Allocation Failure) 253.583: [DefNew: 35170K->168K(39296K), 0.0082370 secs] 80537K->45594K(126720K), 0.0084314 secs] [Times: user=0.01 sys=0.00, real=0.01 secs] 
253.828: [GC (Allocation Failure) 253.828: [DefNew: 35112K->106K(39296K), 0.0072645 secs] 80538K->45609K(126720K), 0.0074568 secs] [Times: user=0.01 sys=0.00, real=0.00 secs] 
254.091: [GC (Allocation Failure) 254.091: [DefNew: 35050K->97K(39296K), 0.0071407 secs] 80553K->45639K(126720K), 0.0073350 secs] [Times: user=0.00 sys=0.00, real=0.01 secs] 
254.387: [GC (Allocation Failure) 254.387: [DefNew: 35041K->124K(39296K), 0.0073752 secs] 80583K->45697K(126720K), 0.0075900 secs] [Times: user=0.01 sys=0.00, real=0.01 secs] 
254.727: [GC (Allocation Failure) 254.727: [DefNew: 35068K->199K(39296K), 0.0078958 secs] 80641K->45775K(126720K), 0.0080903 secs] [Times: user=0.00 sys=0.00, real=0.01 secs] 
255.038: [GC (Allocation Failure) 255.038: [DefNew: 35143K->245K(39296K), 0.0077312 secs] 80719K->45821K(126720K), 0.0079597 secs] [Times: user=0.01 sys=0.00, real=0.00 secs] 
255.310: [GC (Allocation Failure) 255.310: [DefNew: 35189K->271K(39296K), 0.0077777 secs] 80765K->45847K(126720K), 0.0079952 secs] [Times: user=0.01 sys=0.00, real=0.01 secs] 
255.568: [GC (Allocation Failure) 255.568: [DefNew: 35215K->282K(39296K), 0.0076059 secs] 80791K->45859K(126720K), 0.0078020 secs] [Times: user=0.01 sys=0.00, real=0.00 secs] 
255.839: [GC (Allocation Failure) 255.839: [DefNew: 35226K->285K(39296K), 0.0075596 secs] 80803K->45862K(126720K), 0.0077608 secs] [Times: user=0.01 sys=0.00, real=0.00 secs] 
256.125: [GC (Allocation Failure) 256.125: [DefNew: 35229K->282K(39296K), 0.0075116 secs] 80806K->45860K(126720K), 0.0077046 secs] [Times: user=0.01 sys=0.00, real=0.01 secs] 
256.378: [GC (Allocation Failure) 256.378: [DefNew: 35226K->280K(39296K), 0.0077223 secs] 80804K->45857K(126720K), 0.0079129 secs] [Times: user=0.01 sys=0.00, real=0.01 secs] 
256.624: [GC (Allocation Failure) 256.624: [DefNew: 35224K->276K(39296K), 0.0076031 secs] 80801K->45854K(126720K), 0.0077971 secs] [Times: user=0.00 sys=0.00, real=0.01 secs] 
256.873: [GC (Allocation Failure) 256.873: [DefNew: 35220K->276K(39296K), 0.0074862 secs] 80798K->45853K(126720K), 0.0076784 secs] [Times: user=0.01 sys=0.00, real=0.01 secs] 
257.112: [GC (Allocation Failure) 257.112: [DefNew: 35220K->284K(39296K), 0.0082056 secs] 80797K->45861K(126720K), 0.0084086 secs] [Times: user=0.01 sys=0.00, real=0.01 secs] 
257.353: [GC (Allocation Failure) 257.353: [DefNew: 35228K->282K(39296K), 0.0075878 secs] 80805K->45859K(126720K), 0.0077783 secs] [Times: user=0.01 sys=0.00, real=0.01 secs] 
257.667: [GC (Allocation Failure) 257.667: [DefNew: 35226K->282K(39296K), 0.0075793 secs] 80803K->45860K(126720K), 0.0077811 secs] [Times: user=0.00 sys=0.00, real=0.01 secs] 
257.912: [GC (Allocation Failure) 257.912: [DefNew: 35226K->271K(39296K), 0.0078496 secs] 80804K->45862K(126720K), 0.0080415 secs] [Times: user=0.01 sys=0.00, real=0.01 secs] 
258.151: [GC (Allocation Failure) 258.152: [DefNew: 35215K->236K(39296K), 0.0076936 secs] 80806K->45859K(126720K), 0.0078875 secs] [Times: user=0.01 sys=0.00, real=0.01 secs] 
258.401: [GC (Allocation Failure) 258.401: [DefNew: 35180K->191K(39296K), 0.0083622 secs] 80803K->45870K(126720K), 0.0085575 secs] [Times: user=0.01 sys=0.00, real=0.01 secs] 
258.767: [GC (Allocation Failure) 258.767: [DefNew: 35135K->112K(39296K), 0.0073773 secs] 80814K->45867K(126720K), 0.0075685 secs] [Times: user=0.01 sys=0.00, real=0.01 secs] 
259.026: [GC (Allocation Failure) 259.026: [DefNew: 35056K->91K(39296K), 0.0073106 secs] 80811K->45894K(126720K), 0.0075087 secs] [Times: user=0.01 sys=0.00, real=0.01 secs] 
259.293: [GC (Allocation Failure) 259.293: [DefNew: 35035K->119K(39296K), 0.0075085 secs] 80838K->45949K(126720K), 0.0076992 secs] [Times: user=0.01 sys=0.00, real=0.01 secs] 
259.677: [GC (Allocation Failure) 259.677: [DefNew: 35063K->183K(39296K), 0.0072795 secs] 80893K->46020K(126720K), 0.0074735 secs] [Times: user=0.01 sys=0.00, real=0.01 secs] 
259.954: [GC (Allocation Failure) 259.954: [DefNew: 35127K->237K(39296K), 0.0075885 secs] 80964K->46075K(126720K), 0.0077805 secs] [Times: user=0.01 sys=0.00, real=0.01 secs] 
260.207: [GC (Allocation Failure) 260.207: [DefNew: 35181K->266K(39296K), 0.0077599 secs] 81019K->46104K(126720K), 0.0079852 secs] [Times: user=0.00 sys=0.00, real=0.01 secs] 
260.512: [GC (Allocation Failure) 260.512: [DefNew: 35210K->276K(39296K), 0.0075002 secs] 81048K->46114K(126720K), 0.0076942 secs] [Times: user=0.00 sys=0.00, real=0.01 secs] 
260.787: [GC (Allocation Failure) 260.787: [DefNew: 35220K->275K(39296K), 0.0112656 secs] 81058K->46113K(126720K), 0.0114654 secs] [Times: user=0.00 sys=0.00, real=0.01 secs] 
261.032: [GC (Allocation Failure) 261.032: [DefNew: 35219K->277K(39296K), 0.0083551 secs] 81057K->46116K(126720K), 0.0085529 secs] [Times: user=0.01 sys=0.00, real=0.01 secs] 
261.267: [GC (Allocation Failure) 261.267: [DefNew: 35221K->281K(39296K), 0.0075799 secs] 81060K->46120K(126720K), 0.0077723 secs] [Times: user=0.01 sys=0.00, real=0.01 secs] 
Heap
 def new generation   total 39296K, used 27634K [0x00000000f8000000, 0x00000000faaa0000, 0x00000000faaa0000)
  eden space 34944K,  78% used [0x00000000f8000000, 0x00000000f9ab64c8, 0x00000000fa220000)
  from space 4352K,   6% used [0x00000000fa220000, 0x00000000fa266618, 0x00000000fa660000)
  to   space 4352K,   0% used [0x00000000fa660000, 0x00000000fa660000, 0x00000000faaa0000)
 tenured generation   total 87424K, used 45838K [0x00000000faaa0000, 0x0000000100000000, 0x0000000100000000)
   the space 87424K,  52% used [0x00000000faaa0000, 0x00000000fd763a28, 0x00000000fd763c00, 0x0000000100000000)
 Metaspace       used 36261K, capacity 37934K, committed 38184K, reserved 1083392K
  class space    used 4524K, capacity 4847K, committed 4904K, reserved 1048576K
