Java HotSpot(TM) 64-Bit Server VM (25.65-b01) for linux-amd64 JRE (1.8.0_65-b17), built on Oct  6 2015 17:16:12 by "java_re" with gcc 4.3.0 20080428 (Red Hat 4.3.0-8)
Memory: 4k page, physical 32862844k(6189448k free), swap 0k(0k free)
CommandLine flags: -XX:InitialHeapSize=134217728 -XX:MaxHeapSize=134217728 -XX:+PrintGC -XX:+PrintGCDetails -XX:+PrintGCTimeStamps -XX:-UseAdaptiveSizePolicy -XX:+UseCompressedClassPointers -XX:+UseCompressedOops -XX:+UseParallelGC 
1.022: [GC (Allocation Failure) [PSYoungGen: 33280K->3152K(38400K)] 33280K->3160K(125952K), 0.0079702 secs] [Times: user=0.02 sys=0.00, real=0.01 secs] 
1.377: [GC (Allocation Failure) [PSYoungGen: 36432K->3377K(38400K)] 36440K->3393K(125952K), 0.0090612 secs] [Times: user=0.03 sys=0.01, real=0.01 secs] 
1.653: [GC (Allocation Failure) [PSYoungGen: 36657K->4378K(38400K)] 36673K->4402K(125952K), 0.0075167 secs] [Times: user=0.02 sys=0.00, real=0.01 secs] 
1.884: [GC (Allocation Failure) [PSYoungGen: 37658K->4464K(38400K)] 37682K->4496K(125952K), 0.0121167 secs] [Times: user=0.04 sys=0.00, real=0.01 secs] 
2.096: [GC (GCLocker Initiated GC) [PSYoungGen: 37744K->5099K(38400K)] 37780K->5313K(125952K), 0.0075665 secs] [Times: user=0.02 sys=0.00, real=0.01 secs] 
2.344: [GC (Allocation Failure) [PSYoungGen: 38379K->5106K(38400K)] 38602K->6726K(125952K), 0.0114029 secs] [Times: user=0.04 sys=0.00, real=0.01 secs] 
2.573: [GC (Allocation Failure) [PSYoungGen: 38386K->5104K(38400K)] 40006K->8625K(125952K), 0.0127494 secs] [Times: user=0.04 sys=0.00, real=0.01 secs] 
2.631: [GC (Metadata GC Threshold) [PSYoungGen: 24368K->5111K(38400K)] 27889K->8752K(125952K), 0.0106465 secs] [Times: user=0.04 sys=0.00, real=0.01 secs] 
2.642: [Full GC (Metadata GC Threshold) [PSYoungGen: 5111K->0K(38400K)] [ParOldGen: 3640K->5171K(87552K)] 8752K->5171K(125952K), [Metaspace: 20545K->20545K(1067008K)], 0.0511615 secs] [Times: user=0.13 sys=0.01, real=0.06 secs] 
3.127: [GC (Allocation Failure) [PSYoungGen: 33280K->2608K(38400K)] 38451K->7788K(125952K), 0.0113390 secs] [Times: user=0.02 sys=0.00, real=0.01 secs] 
3.555: [GC (Allocation Failure) [PSYoungGen: 35888K->4203K(38400K)] 41068K->9391K(125952K), 0.0071974 secs] [Times: user=0.02 sys=0.00, real=0.00 secs] 
3.918: [GC (Allocation Failure) [PSYoungGen: 37483K->4039K(38400K)] 42671K->9234K(125952K), 0.0090837 secs] [Times: user=0.03 sys=0.00, real=0.01 secs] 
4.286: [GC (Allocation Failure) [PSYoungGen: 37319K->5108K(38400K)] 42514K->10404K(125952K), 0.0143809 secs] [Times: user=0.05 sys=0.00, real=0.01 secs] 
4.709: [GC (Allocation Failure) [PSYoungGen: 38388K->5104K(38400K)] 43684K->15572K(125952K), 0.0169672 secs] [Times: user=0.05 sys=0.01, real=0.02 secs] 
5.088: [GC (Allocation Failure) [PSYoungGen: 38384K->5108K(38400K)] 48852K->17493K(125952K), 0.0115804 secs] [Times: user=0.04 sys=0.00, real=0.01 secs] 
5.358: [GC (Allocation Failure) [PSYoungGen: 38388K->5108K(38400K)] 50773K->18661K(125952K), 0.0111323 secs] [Times: user=0.04 sys=0.00, real=0.01 secs] 
5.639: [GC (Allocation Failure) [PSYoungGen: 38388K->5088K(38400K)] 51941K->19942K(125952K), 0.0173686 secs] [Times: user=0.06 sys=0.00, real=0.02 secs] 
5.923: [GC (Allocation Failure) [PSYoungGen: 38368K->5108K(38400K)] 53222K->21528K(125952K), 0.0179790 secs] [Times: user=0.06 sys=0.00, real=0.01 secs] 
6.215: [GC (Allocation Failure) [PSYoungGen: 38388K->5088K(38400K)] 54808K->22650K(125952K), 0.0165763 secs] [Times: user=0.06 sys=0.00, real=0.01 secs] 
6.968: [GC (Metadata GC Threshold) [PSYoungGen: 37649K->5088K(38400K)] 55211K->26060K(125952K), 0.0231002 secs] [Times: user=0.08 sys=0.00, real=0.02 secs] 
6.991: [Full GC (Metadata GC Threshold) [PSYoungGen: 5088K->0K(38400K)] [ParOldGen: 20972K->20287K(87552K)] 26060K->20287K(125952K), [Metaspace: 33891K->33891K(1079296K)], 0.2419950 secs] [Times: user=0.86 sys=0.02, real=0.24 secs] 
7.594: [GC (Allocation Failure) [PSYoungGen: 33280K->5105K(38400K)] 53567K->35950K(125952K), 0.0180628 secs] [Times: user=0.04 sys=0.02, real=0.01 secs] 
8.208: [GC (Allocation Failure) [PSYoungGen: 38385K->5105K(38400K)] 69230K->42425K(125952K), 0.0139840 secs] [Times: user=0.04 sys=0.01, real=0.01 secs] 
8.639: [GC (Allocation Failure) [PSYoungGen: 38385K->5105K(38400K)] 75705K->43010K(125952K), 0.0075176 secs] [Times: user=0.02 sys=0.00, real=0.01 secs] 
8.969: [GC (Allocation Failure) [PSYoungGen: 38385K->5105K(38400K)] 76290K->43162K(125952K), 0.0093517 secs] [Times: user=0.03 sys=0.00, real=0.01 secs] 
9.278: [GC (Allocation Failure) [PSYoungGen: 38385K->5089K(38400K)] 76442K->43290K(125952K), 0.0075465 secs] [Times: user=0.02 sys=0.00, real=0.01 secs] 
9.581: [GC (Allocation Failure) [PSYoungGen: 38369K->5105K(38400K)] 76570K->43506K(125952K), 0.0084910 secs] [Times: user=0.03 sys=0.00, real=0.01 secs] 
9.957: [GC (Allocation Failure) [PSYoungGen: 38385K->5089K(38400K)] 76786K->43514K(125952K), 0.0126289 secs] [Times: user=0.05 sys=0.00, real=0.01 secs] 
10.242: [GC (Allocation Failure) [PSYoungGen: 38369K->5105K(38400K)] 76794K->43578K(125952K), 0.0063013 secs] [Times: user=0.02 sys=0.00, real=0.01 secs] 
10.562: [GC (Allocation Failure) [PSYoungGen: 38377K->5089K(38400K)] 76850K->43570K(125952K), 0.0056126 secs] [Times: user=0.01 sys=0.00, real=0.01 secs] 
10.832: [GC (Allocation Failure) [PSYoungGen: 38369K->5105K(38400K)] 76850K->43730K(125952K), 0.0087676 secs] [Times: user=0.03 sys=0.00, real=0.01 secs] 
11.090: [GC (Allocation Failure) [PSYoungGen: 38385K->5073K(38400K)] 77010K->43706K(125952K), 0.0057036 secs] [Times: user=0.01 sys=0.00, real=0.01 secs] 
11.311: [GC (Allocation Failure) [PSYoungGen: 38353K->5105K(38400K)] 76986K->43818K(125952K), 0.0060465 secs] [Times: user=0.02 sys=0.00, real=0.01 secs] 
11.534: [GC (Allocation Failure) [PSYoungGen: 38385K->5089K(38400K)] 77098K->43850K(125952K), 0.0060810 secs] [Times: user=0.02 sys=0.00, real=0.00 secs] 
11.781: [GC (Allocation Failure) [PSYoungGen: 38366K->4993K(38400K)] 77127K->43762K(125952K), 0.0093140 secs] [Times: user=0.03 sys=0.00, real=0.01 secs] 
12.039: [GC (Allocation Failure) [PSYoungGen: 38270K->5057K(38400K)] 77040K->43834K(125952K), 0.0056455 secs] [Times: user=0.02 sys=0.00, real=0.01 secs] 
12.305: [GC (Allocation Failure) [PSYoungGen: 38332K->3184K(38400K)] 77110K->43648K(125952K), 0.0065788 secs] [Times: user=0.02 sys=0.00, real=0.00 secs] 
12.561: [GC (Allocation Failure) [PSYoungGen: 36464K->352K(38400K)] 76928K->43466K(125952K), 0.0092032 secs] [Times: user=0.02 sys=0.00, real=0.01 secs] 
12.815: [GC (Allocation Failure) [PSYoungGen: 33628K->208K(38400K)] 76743K->43402K(125952K), 0.0047784 secs] [Times: user=0.02 sys=0.00, real=0.00 secs] 
13.044: [GC (Allocation Failure) [PSYoungGen: 33485K->192K(38400K)] 76679K->43418K(125952K), 0.0038305 secs] [Times: user=0.01 sys=0.00, real=0.00 secs] 
13.282: [GC (Allocation Failure) [PSYoungGen: 33472K->144K(38400K)] 76698K->43402K(125952K), 0.0044242 secs] [Times: user=0.01 sys=0.00, real=0.01 secs] 
13.497: [GC (Allocation Failure) [PSYoungGen: 33419K->128K(38400K)] 76678K->43426K(125952K), 0.0035015 secs] [Times: user=0.01 sys=0.00, real=0.00 secs] 
13.726: [GC (Allocation Failure) [PSYoungGen: 33408K->160K(38400K)] 76706K->43482K(125952K), 0.0037692 secs] [Times: user=0.01 sys=0.00, real=0.00 secs] 
13.996: [GC (Allocation Failure) [PSYoungGen: 33440K->224K(38400K)] 76762K->43570K(125952K), 0.0037481 secs] [Times: user=0.02 sys=0.00, real=0.00 secs] 
14.262: [GC (Allocation Failure) [PSYoungGen: 33504K->352K(38400K)] 76850K->43722K(125952K), 0.0037957 secs] [Times: user=0.02 sys=0.00, real=0.01 secs] 
14.502: [GC (Allocation Failure) [PSYoungGen: 33632K->416K(38400K)] 77002K->43802K(125952K), 0.0043911 secs] [Times: user=0.02 sys=0.00, real=0.01 secs] 
14.703: [GC (Allocation Failure) [PSYoungGen: 33696K->384K(38400K)] 77082K->43786K(125952K), 0.0042876 secs] [Times: user=0.01 sys=0.00, real=0.01 secs] 
14.917: [GC (Allocation Failure) [PSYoungGen: 33664K->384K(38400K)] 77066K->43802K(125952K), 0.0044946 secs] [Times: user=0.02 sys=0.00, real=0.00 secs] 
15.129: [GC (Allocation Failure) [PSYoungGen: 33664K->352K(38400K)] 77082K->43794K(125952K), 0.0034415 secs] [Times: user=0.01 sys=0.00, real=0.00 secs] 
15.428: [GC (Allocation Failure) [PSYoungGen: 33632K->352K(38400K)] 77074K->43802K(125952K), 0.0041796 secs] [Times: user=0.01 sys=0.00, real=0.00 secs] 
15.653: [GC (Allocation Failure) [PSYoungGen: 33632K->352K(38400K)] 77082K->43818K(125952K), 0.0046977 secs] [Times: user=0.02 sys=0.00, real=0.01 secs] 
15.856: [GC (Allocation Failure) [PSYoungGen: 33632K->352K(38400K)] 77098K->43826K(125952K), 0.0053679 secs] [Times: user=0.01 sys=0.00, real=0.00 secs] 
16.072: [GC (Allocation Failure) [PSYoungGen: 33632K->384K(38400K)] 77106K->43882K(125952K), 0.0042227 secs] [Times: user=0.01 sys=0.00, real=0.01 secs] 
16.336: [GC (Allocation Failure) [PSYoungGen: 33664K->352K(38400K)] 77162K->43866K(125952K), 0.0039789 secs] [Times: user=0.01 sys=0.00, real=0.00 secs] 
16.591: [GC (Allocation Failure) [PSYoungGen: 33632K->352K(38400K)] 77146K->43866K(125952K), 0.0033823 secs] [Times: user=0.01 sys=0.00, real=0.00 secs] 
16.814: [GC (Allocation Failure) [PSYoungGen: 33632K->352K(38400K)] 77146K->43874K(125952K), 0.0035685 secs] [Times: user=0.02 sys=0.00, real=0.01 secs] 
17.419: [GC (Allocation Failure) [PSYoungGen: 33632K->320K(38400K)] 77154K->43858K(125952K), 0.0051945 secs] [Times: user=0.02 sys=0.00, real=0.00 secs] 
17.689: [GC (Allocation Failure) [PSYoungGen: 33599K->288K(38400K)] 77138K->43866K(125952K), 0.0042527 secs] [Times: user=0.01 sys=0.00, real=0.00 secs] 
17.942: [GC (Allocation Failure) [PSYoungGen: 33568K->256K(38400K)] 77146K->43930K(125952K), 0.0045481 secs] [Times: user=0.02 sys=0.00, real=0.01 secs] 
18.202: [GC (Allocation Failure) [PSYoungGen: 33536K->96K(38400K)] 77210K->43890K(125952K), 0.0039916 secs] [Times: user=0.01 sys=0.00, real=0.01 secs] 
18.435: [GC (Allocation Failure) [PSYoungGen: 33373K->64K(38400K)] 77167K->43906K(125952K), 0.0050492 secs] [Times: user=0.02 sys=0.01, real=0.01 secs] 
18.654: [GC (Allocation Failure) [PSYoungGen: 33344K->128K(38400K)] 77186K->43994K(125952K), 0.0071648 secs] [Times: user=0.02 sys=0.00, real=0.01 secs] 
18.867: [GC (Allocation Failure) [PSYoungGen: 33408K->96K(38400K)] 77274K->43962K(125952K), 0.0049365 secs] [Times: user=0.02 sys=0.00, real=0.00 secs] 
19.090: [GC (Allocation Failure) [PSYoungGen: 33376K->192K(38400K)] 77242K->44058K(125952K), 0.0051189 secs] [Times: user=0.02 sys=0.00, real=0.01 secs] 
19.384: [GC (Allocation Failure) [PSYoungGen: 33472K->160K(38400K)] 77338K->44034K(125952K), 0.0038681 secs] [Times: user=0.02 sys=0.00, real=0.01 secs] 
19.729: [GC (Allocation Failure) [PSYoungGen: 33439K->320K(38400K)] 77313K->44202K(125952K), 0.0045754 secs] [Times: user=0.01 sys=0.00, real=0.00 secs] 
20.030: [GC (Allocation Failure) [PSYoungGen: 33600K->384K(38400K)] 77482K->44274K(125952K), 0.0043608 secs] [Times: user=0.02 sys=0.00, real=0.00 secs] 
20.268: [GC (Allocation Failure) [PSYoungGen: 33664K->352K(38400K)] 77554K->44242K(125952K), 0.0046922 secs] [Times: user=0.02 sys=0.01, real=0.00 secs] 
20.522: [GC (Allocation Failure) [PSYoungGen: 33632K->352K(38400K)] 77522K->44242K(125952K), 0.0041261 secs] [Times: user=0.02 sys=0.00, real=0.01 secs] 
20.804: [GC (Allocation Failure) [PSYoungGen: 33632K->320K(38400K)] 77522K->44210K(125952K), 0.0054284 secs] [Times: user=0.01 sys=0.00, real=0.01 secs] 
21.048: [GC (Allocation Failure) [PSYoungGen: 33600K->320K(38400K)] 77490K->44210K(125952K), 0.0050008 secs] [Times: user=0.02 sys=0.00, real=0.00 secs] 
21.310: [GC (Allocation Failure) [PSYoungGen: 33600K->320K(38400K)] 77490K->44218K(125952K), 0.0046957 secs] [Times: user=0.01 sys=0.00, real=0.00 secs] 
21.528: [GC (Allocation Failure) [PSYoungGen: 33600K->320K(38400K)] 77498K->44218K(125952K), 0.0049789 secs] [Times: user=0.02 sys=0.00, real=0.00 secs] 
21.756: [GC (Allocation Failure) [PSYoungGen: 33600K->352K(38400K)] 77498K->44250K(125952K), 0.0043293 secs] [Times: user=0.02 sys=0.00, real=0.00 secs] 
21.984: [GC (Allocation Failure) [PSYoungGen: 33632K->352K(38400K)] 77530K->44250K(125952K), 0.0038406 secs] [Times: user=0.01 sys=0.00, real=0.01 secs] 
22.219: [GC (Allocation Failure) [PSYoungGen: 33632K->352K(38400K)] 77530K->44250K(125952K), 0.0042936 secs] [Times: user=0.01 sys=0.00, real=0.00 secs] 
22.464: [GC (Allocation Failure) [PSYoungGen: 33632K->384K(38400K)] 77530K->44282K(125952K), 0.0043732 secs] [Times: user=0.02 sys=0.00, real=0.01 secs] 
22.727: [GC (Allocation Failure) [PSYoungGen: 33664K->320K(38400K)] 77562K->44242K(125952K), 0.0041963 secs] [Times: user=0.01 sys=0.00, real=0.00 secs] 
22.970: [GC (Allocation Failure) [PSYoungGen: 33600K->384K(38400K)] 77522K->44330K(125952K), 0.0050066 secs] [Times: user=0.01 sys=0.00, real=0.00 secs] 
23.216: [GC (Allocation Failure) [PSYoungGen: 33664K->224K(38400K)] 77610K->44250K(125952K), 0.0049733 secs] [Times: user=0.02 sys=0.00, real=0.01 secs] 
23.519: [GC (Allocation Failure) [PSYoungGen: 33504K->160K(38400K)] 77530K->44298K(125952K), 0.0047984 secs] [Times: user=0.01 sys=0.00, real=0.00 secs] 
23.782: [GC (Allocation Failure) [PSYoungGen: 33440K->96K(38400K)] 77578K->44314K(125952K), 0.0044415 secs] [Times: user=0.02 sys=0.00, real=0.01 secs] 
24.096: [GC (Allocation Failure) [PSYoungGen: 33376K->64K(38400K)] 77594K->44298K(125952K), 0.0065025 secs] [Times: user=0.02 sys=0.00, real=0.00 secs] 
24.431: [GC (Allocation Failure) [PSYoungGen: 33344K->64K(38400K)] 77578K->44306K(125952K), 0.0053500 secs] [Times: user=0.02 sys=0.01, real=0.01 secs] 
24.719: [GC (Allocation Failure) [PSYoungGen: 33344K->160K(38400K)] 77586K->44418K(125952K), 0.0049697 secs] [Times: user=0.02 sys=0.00, real=0.00 secs] 
24.997: [GC (Allocation Failure) [PSYoungGen: 33440K->256K(38400K)] 77698K->44514K(125952K), 0.0039871 secs] [Times: user=0.01 sys=0.00, real=0.00 secs] 
25.278: [GC (Allocation Failure) [PSYoungGen: 33536K->320K(38400K)] 77794K->44578K(125952K), 0.0048099 secs] [Times: user=0.02 sys=0.00, real=0.00 secs] 
25.525: [GC (Allocation Failure) [PSYoungGen: 33600K->416K(38400K)] 77858K->44674K(125952K), 0.0057413 secs] [Times: user=0.02 sys=0.00, real=0.01 secs] 
25.773: [GC (Allocation Failure) [PSYoungGen: 33696K->384K(38400K)] 77954K->44650K(125952K), 0.0049273 secs] [Times: user=0.02 sys=0.00, real=0.01 secs] 
26.034: [GC (Allocation Failure) [PSYoungGen: 33664K->384K(38400K)] 77930K->44658K(125952K), 0.0048527 secs] [Times: user=0.01 sys=0.00, real=0.01 secs] 
26.283: [GC (Allocation Failure) [PSYoungGen: 33664K->352K(38400K)] 77938K->44634K(125952K), 0.0058835 secs] [Times: user=0.02 sys=0.00, real=0.01 secs] 
26.595: [GC (Allocation Failure) [PSYoungGen: 33632K->352K(38400K)] 77914K->44650K(125952K), 0.0049416 secs] [Times: user=0.02 sys=0.00, real=0.01 secs] 
26.909: [GC (Allocation Failure) [PSYoungGen: 33632K->320K(38400K)] 77930K->44618K(125952K), 0.0062172 secs] [Times: user=0.02 sys=0.00, real=0.00 secs] 
27.151: [GC (Allocation Failure) [PSYoungGen: 33600K->320K(38400K)] 77898K->44634K(125952K), 0.0053769 secs] [Times: user=0.01 sys=0.00, real=0.01 secs] 
27.415: [GC (Allocation Failure) [PSYoungGen: 33593K->320K(38400K)] 77908K->44642K(125952K), 0.0049317 secs] [Times: user=0.01 sys=0.01, real=0.01 secs] 
27.845: [GC (Allocation Failure) [PSYoungGen: 33600K->384K(38400K)] 77922K->44722K(125952K), 0.0053266 secs] [Times: user=0.02 sys=0.00, real=0.01 secs] 
28.088: [GC (Allocation Failure) [PSYoungGen: 33664K->352K(38400K)] 78002K->44690K(125952K), 0.0047059 secs] [Times: user=0.01 sys=0.00, real=0.00 secs] 
28.376: [GC (Allocation Failure) [PSYoungGen: 33632K->384K(38400K)] 77970K->44746K(125952K), 0.0052360 secs] [Times: user=0.01 sys=0.00, real=0.01 secs] 
28.696: [GC (Allocation Failure) [PSYoungGen: 33664K->352K(38400K)] 78026K->44730K(125952K), 0.0065008 secs] [Times: user=0.03 sys=0.00, real=0.01 secs] 
28.986: [GC (Allocation Failure) [PSYoungGen: 33632K->288K(38400K)] 78010K->44730K(125952K), 0.0052439 secs] [Times: user=0.02 sys=0.00, real=0.01 secs] 
29.285: [GC (Allocation Failure) [PSYoungGen: 33568K->160K(38400K)] 78010K->44698K(125952K), 0.0049414 secs] [Times: user=0.01 sys=0.00, real=0.01 secs] 
29.663: [GC (Allocation Failure) [PSYoungGen: 33440K->160K(38400K)] 77978K->44802K(125952K), 0.0044466 secs] [Times: user=0.02 sys=0.00, real=0.01 secs] 
29.956: [GC (Allocation Failure) [PSYoungGen: 33440K->128K(38400K)] 78082K->44818K(125952K), 0.0045153 secs] [Times: user=0.01 sys=0.00, real=0.01 secs] 
30.209: [GC (Allocation Failure) [PSYoungGen: 33408K->160K(38400K)] 78098K->44866K(125952K), 0.0046066 secs] [Times: user=0.01 sys=0.00, real=0.00 secs] 
30.487: [GC (Allocation Failure) [PSYoungGen: 33440K->224K(38400K)] 78146K->44930K(125952K), 0.0047923 secs] [Times: user=0.02 sys=0.00, real=0.00 secs] 
30.788: [GC (Allocation Failure) [PSYoungGen: 33504K->288K(38400K)] 78210K->45026K(125952K), 0.0046303 secs] [Times: user=0.01 sys=0.00, real=0.00 secs] 
31.301: [GC (Allocation Failure) [PSYoungGen: 33568K->320K(38400K)] 78306K->45066K(125952K), 0.0045779 secs] [Times: user=0.01 sys=0.01, real=0.00 secs] 
31.631: [GC (Allocation Failure) [PSYoungGen: 33600K->352K(38400K)] 78346K->45098K(125952K), 0.0047007 secs] [Times: user=0.01 sys=0.00, real=0.00 secs] 
31.879: [GC (Allocation Failure) [PSYoungGen: 33632K->320K(38400K)] 78378K->45074K(125952K), 0.0153849 secs] [Times: user=0.02 sys=0.00, real=0.01 secs] 
32.227: [GC (Allocation Failure) [PSYoungGen: 33600K->352K(38400K)] 78354K->45114K(125952K), 0.0049078 secs] [Times: user=0.02 sys=0.00, real=0.00 secs] 
32.463: [GC (Allocation Failure) [PSYoungGen: 33632K->352K(38400K)] 78394K->45130K(125952K), 0.0045900 secs] [Times: user=0.01 sys=0.00, real=0.01 secs] 
32.700: [GC (Allocation Failure) [PSYoungGen: 33632K->352K(38400K)] 78410K->45162K(125952K), 0.0047708 secs] [Times: user=0.01 sys=0.00, real=0.00 secs] 
33.005: [GC (Allocation Failure) [PSYoungGen: 33632K->352K(38400K)] 78442K->45186K(125952K), 0.0045506 secs] [Times: user=0.01 sys=0.00, real=0.01 secs] 
33.302: [GC (Allocation Failure) [PSYoungGen: 33632K->352K(38400K)] 78466K->45194K(125952K), 0.0045348 secs] [Times: user=0.02 sys=0.00, real=0.00 secs] 
33.707: [GC (Allocation Failure) [PSYoungGen: 33632K->352K(38400K)] 78474K->45210K(125952K), 0.0045638 secs] [Times: user=0.01 sys=0.00, real=0.01 secs] 
33.974: [GC (Allocation Failure) [PSYoungGen: 33632K->352K(38400K)] 78490K->45226K(125952K), 0.0044093 secs] [Times: user=0.01 sys=0.00, real=0.01 secs] 
34.231: [GC (Allocation Failure) [PSYoungGen: 33632K->352K(38400K)] 78506K->45242K(125952K), 0.0052743 secs] [Times: user=0.01 sys=0.00, real=0.00 secs] 
34.445: [GC (Allocation Failure) [PSYoungGen: 33629K->352K(38400K)] 78520K->45258K(125952K), 0.0046680 secs] [Times: user=0.02 sys=0.00, real=0.01 secs] 
34.677: [GC (Allocation Failure) [PSYoungGen: 33632K->256K(38400K)] 78538K->45218K(125952K), 0.0049045 secs] [Times: user=0.02 sys=0.00, real=0.01 secs] 
34.956: [GC (Allocation Failure) [PSYoungGen: 33536K->256K(38400K)] 78498K->45298K(125952K), 0.0044051 secs] [Times: user=0.01 sys=0.00, real=0.01 secs] 
35.371: [GC (Allocation Failure) [PSYoungGen: 33536K->192K(38400K)] 78578K->45338K(125952K), 0.0056902 secs] [Times: user=0.01 sys=0.01, real=0.00 secs] 
35.706: [GC (Allocation Failure) [PSYoungGen: 33471K->128K(38400K)] 78618K->45330K(125952K), 0.0051108 secs] [Times: user=0.02 sys=0.00, real=0.01 secs] 
36.053: [GC (Allocation Failure) [PSYoungGen: 33408K->128K(38400K)] 78610K->45362K(125952K), 0.0046525 secs] [Times: user=0.01 sys=0.00, real=0.00 secs] 
36.736: [GC (Allocation Failure) [PSYoungGen: 33408K->192K(38400K)] 78642K->45450K(125952K), 0.0044655 secs] [Times: user=0.01 sys=0.00, real=0.01 secs] 
54.741: [GC (Allocation Failure) [PSYoungGen: 33472K->352K(38400K)] 78730K->45618K(125952K), 0.0055859 secs] [Times: user=0.01 sys=0.00, real=0.00 secs] 
54.962: [GC (Allocation Failure) [PSYoungGen: 33632K->352K(38400K)] 78898K->45626K(125952K), 0.0047460 secs] [Times: user=0.02 sys=0.00, real=0.00 secs] 
55.187: [GC (Allocation Failure) [PSYoungGen: 33632K->352K(38400K)] 78906K->45626K(125952K), 0.0048535 secs] [Times: user=0.02 sys=0.00, real=0.01 secs] 
55.480: [GC (Allocation Failure) [PSYoungGen: 33632K->352K(38400K)] 78906K->45634K(125952K), 0.0045999 secs] [Times: user=0.01 sys=0.00, real=0.01 secs] 
56.119: [GC (Allocation Failure) [PSYoungGen: 33632K->352K(38400K)] 78914K->45634K(125952K), 0.0044963 secs] [Times: user=0.01 sys=0.01, real=0.01 secs] 
56.341: [GC (Allocation Failure) [PSYoungGen: 33632K->384K(38400K)] 78914K->45666K(125952K), 0.0050711 secs] [Times: user=0.02 sys=0.00, real=0.00 secs] 
56.589: [GC (Allocation Failure) [PSYoungGen: 33664K->352K(38400K)] 78946K->45634K(125952K), 0.0047844 secs] [Times: user=0.01 sys=0.00, real=0.01 secs] 
57.067: [GC (Allocation Failure) [PSYoungGen: 33632K->352K(38400K)] 78914K->45634K(125952K), 0.0045593 secs] [Times: user=0.01 sys=0.00, real=0.01 secs] 
57.522: [GC (Allocation Failure) [PSYoungGen: 33632K->352K(38400K)] 78914K->45634K(125952K), 0.0045023 secs] [Times: user=0.01 sys=0.00, real=0.00 secs] 
57.928: [GC (Allocation Failure) [PSYoungGen: 33632K->352K(38400K)] 78914K->45634K(125952K), 0.0046861 secs] [Times: user=0.01 sys=0.00, real=0.01 secs] 
58.429: [GC (Allocation Failure) [PSYoungGen: 33632K->352K(38400K)] 78914K->45634K(125952K), 0.0045127 secs] [Times: user=0.01 sys=0.00, real=0.01 secs] 
59.038: [GC (Allocation Failure) [PSYoungGen: 33632K->352K(38400K)] 78914K->45650K(125952K), 0.0045754 secs] [Times: user=0.01 sys=0.00, real=0.01 secs] 
59.408: [GC (Allocation Failure) [PSYoungGen: 33632K->352K(38400K)] 78930K->45650K(125952K), 0.0046528 secs] [Times: user=0.01 sys=0.00, real=0.01 secs] 
59.820: [GC (Allocation Failure) [PSYoungGen: 33632K->352K(38400K)] 78930K->45682K(125952K), 0.0045130 secs] [Times: user=0.01 sys=0.00, real=0.01 secs] 
60.267: [GC (Allocation Failure) [PSYoungGen: 33632K->352K(38400K)] 78962K->45714K(125952K), 0.0044771 secs] [Times: user=0.01 sys=0.00, real=0.01 secs] 
60.718: [GC (Allocation Failure) [PSYoungGen: 33632K->128K(38400K)] 78994K->45770K(125952K), 0.0051816 secs] [Times: user=0.01 sys=0.00, real=0.01 secs] 
61.188: [GC (Allocation Failure) [PSYoungGen: 33408K->128K(38400K)] 79050K->45770K(125952K), 0.0044792 secs] [Times: user=0.01 sys=0.00, real=0.01 secs] 
61.650: [GC (Allocation Failure) [PSYoungGen: 33408K->128K(38400K)] 79050K->45770K(125952K), 0.0040770 secs] [Times: user=0.02 sys=0.00, real=0.01 secs] 
62.480: [GC (Allocation Failure) [PSYoungGen: 33408K->128K(38400K)] 79050K->45778K(125952K), 0.0042899 secs] [Times: user=0.01 sys=0.00, real=0.01 secs] 
63.045: [GC (Allocation Failure) [PSYoungGen: 33408K->256K(38400K)] 79058K->45906K(125952K), 0.0046913 secs] [Times: user=0.01 sys=0.00, real=0.00 secs] 
63.576: [GC (Allocation Failure) [PSYoungGen: 33536K->352K(38400K)] 79186K->46002K(125952K), 0.0051649 secs] [Times: user=0.01 sys=0.00, real=0.00 secs] 
63.918: [GC (Allocation Failure) [PSYoungGen: 33632K->352K(38400K)] 79282K->46002K(125952K), 0.0045589 secs] [Times: user=0.01 sys=0.00, real=0.01 secs] 
64.631: [GC (Allocation Failure) [PSYoungGen: 33632K->352K(38400K)] 79282K->46002K(125952K), 0.0047204 secs] [Times: user=0.01 sys=0.00, real=0.01 secs] 
65.323: [GC (Allocation Failure) [PSYoungGen: 33632K->352K(38400K)] 79282K->46002K(125952K), 0.0047260 secs] [Times: user=0.01 sys=0.00, real=0.00 secs] 
65.849: [GC (Allocation Failure) [PSYoungGen: 33632K->352K(38400K)] 79282K->46002K(125952K), 0.0045969 secs] [Times: user=0.01 sys=0.00, real=0.01 secs] 
66.521: [GC (Allocation Failure) [PSYoungGen: 33632K->352K(38400K)] 79282K->46002K(125952K), 0.0045697 secs] [Times: user=0.01 sys=0.00, real=0.01 secs] 
66.803: [GC (Allocation Failure) [PSYoungGen: 33632K->352K(38400K)] 79282K->46002K(125952K), 0.0048103 secs] [Times: user=0.01 sys=0.00, real=0.00 secs] 
67.084: [GC (Allocation Failure) [PSYoungGen: 33632K->352K(38400K)] 79282K->46002K(125952K), 0.0046839 secs] [Times: user=0.02 sys=0.00, real=0.00 secs] 
67.363: [GC (Allocation Failure) [PSYoungGen: 33632K->352K(38400K)] 79282K->46010K(125952K), 0.0043900 secs] [Times: user=0.01 sys=0.00, real=0.00 secs] 
67.615: [GC (Allocation Failure) [PSYoungGen: 33632K->352K(38400K)] 79290K->46010K(125952K), 0.0044444 secs] [Times: user=0.01 sys=0.00, real=0.00 secs] 
68.016: [GC (Allocation Failure) [PSYoungGen: 33632K->384K(38400K)] 79290K->46042K(125952K), 0.0054907 secs] [Times: user=0.02 sys=0.00, real=0.00 secs] 
68.387: [GC (Allocation Failure) [PSYoungGen: 33664K->352K(38400K)] 79322K->46010K(125952K), 0.0046110 secs] [Times: user=0.02 sys=0.00, real=0.00 secs] 
68.955: [GC (Allocation Failure) [PSYoungGen: 33632K->352K(38400K)] 79290K->46010K(125952K), 0.0043497 secs] [Times: user=0.01 sys=0.00, real=0.00 secs] 
69.453: [GC (Allocation Failure) [PSYoungGen: 33632K->352K(38400K)] 79290K->46010K(125952K), 0.0048602 secs] [Times: user=0.01 sys=0.00, real=0.00 secs] 
69.842: [GC (Allocation Failure) [PSYoungGen: 33632K->160K(38400K)] 79290K->46034K(125952K), 0.0050506 secs] [Times: user=0.02 sys=0.00, real=0.01 secs] 
70.125: [GC (Allocation Failure) [PSYoungGen: 33440K->128K(38400K)] 79314K->46090K(125952K), 0.0048770 secs] [Times: user=0.01 sys=0.00, real=0.00 secs] 
70.408: [GC (Allocation Failure) [PSYoungGen: 33408K->128K(38400K)] 79370K->46090K(125952K), 0.0043677 secs] [Times: user=0.01 sys=0.00, real=0.00 secs] 
70.693: [GC (Allocation Failure) [PSYoungGen: 33408K->128K(38400K)] 79370K->46098K(125952K), 0.0042516 secs] [Times: user=0.01 sys=0.00, real=0.00 secs] 
71.000: [GC (Allocation Failure) [PSYoungGen: 33408K->256K(38400K)] 79378K->46234K(125952K), 0.0044118 secs] [Times: user=0.01 sys=0.00, real=0.01 secs] 
71.406: [GC (Allocation Failure) [PSYoungGen: 33536K->288K(38400K)] 79514K->46266K(125952K), 0.0045579 secs] [Times: user=0.01 sys=0.00, real=0.00 secs] 
71.749: [GC (Allocation Failure) [PSYoungGen: 33568K->320K(38400K)] 79546K->46298K(125952K), 0.0048975 secs] [Times: user=0.02 sys=0.00, real=0.01 secs] 
72.019: [GC (Allocation Failure) [PSYoungGen: 33600K->352K(38400K)] 79578K->46330K(125952K), 0.0045328 secs] [Times: user=0.01 sys=0.00, real=0.01 secs] 
72.342: [GC (Allocation Failure) [PSYoungGen: 33632K->352K(38400K)] 79610K->46330K(125952K), 0.0045468 secs] [Times: user=0.01 sys=0.00, real=0.01 secs] 
72.696: [GC (Allocation Failure) [PSYoungGen: 33631K->320K(38400K)] 79610K->46298K(125952K), 0.0046179 secs] [Times: user=0.01 sys=0.00, real=0.00 secs] 
72.928: [GC (Allocation Failure) [PSYoungGen: 33600K->352K(38400K)] 79578K->46330K(125952K), 0.0044169 secs] [Times: user=0.02 sys=0.00, real=0.00 secs] 
73.143: [GC (Allocation Failure) [PSYoungGen: 33632K->352K(38400K)] 79610K->46338K(125952K), 0.0044816 secs] [Times: user=0.01 sys=0.00, real=0.01 secs] 
73.413: [GC (Allocation Failure) [PSYoungGen: 33632K->352K(38400K)] 79618K->46338K(125952K), 0.0045640 secs] [Times: user=0.01 sys=0.00, real=0.01 secs] 
73.819: [GC (Allocation Failure) [PSYoungGen: 33632K->352K(38400K)] 79618K->46338K(125952K), 0.0044560 secs] [Times: user=0.01 sys=0.00, real=0.01 secs] 
74.128: [GC (Allocation Failure) [PSYoungGen: 33632K->352K(38400K)] 79618K->46338K(125952K), 0.0049301 secs] [Times: user=0.02 sys=0.00, real=0.00 secs] 
74.372: [GC (Allocation Failure) [PSYoungGen: 33632K->352K(38400K)] 79618K->46354K(125952K), 0.0047593 secs] [Times: user=0.01 sys=0.01, real=0.01 secs] 
74.633: [GC (Allocation Failure) [PSYoungGen: 33632K->352K(38400K)] 79634K->46362K(125952K), 0.0044972 secs] [Times: user=0.01 sys=0.00, real=0.01 secs] 
74.864: [GC (Allocation Failure) [PSYoungGen: 33632K->352K(38400K)] 79642K->46362K(125952K), 0.0045277 secs] [Times: user=0.01 sys=0.00, real=0.00 secs] 
75.094: [GC (Allocation Failure) [PSYoungGen: 33632K->352K(38400K)] 79642K->46362K(125952K), 0.0045330 secs] [Times: user=0.01 sys=0.00, real=0.00 secs] 
75.332: [GC (Allocation Failure) [PSYoungGen: 33632K->192K(38400K)] 79642K->46362K(125952K), 0.0044330 secs] [Times: user=0.01 sys=0.00, real=0.01 secs] 
75.555: [GC (Allocation Failure) [PSYoungGen: 33472K->128K(38400K)] 79642K->46378K(125952K), 0.0044991 secs] [Times: user=0.01 sys=0.01, real=0.00 secs] 
75.794: [GC (Allocation Failure) [PSYoungGen: 33408K->128K(38400K)] 79658K->46426K(125952K), 0.0042585 secs] [Times: user=0.01 sys=0.00, real=0.00 secs] 
76.014: [GC (Allocation Failure) [PSYoungGen: 33408K->128K(38400K)] 79706K->46450K(125952K), 0.0042148 secs] [Times: user=0.02 sys=0.00, real=0.00 secs] 
76.306: [GC (Allocation Failure) [PSYoungGen: 33408K->128K(38400K)] 79730K->46474K(125952K), 0.0043134 secs] [Times: user=0.01 sys=0.00, real=0.00 secs] 
76.589: [GC (Allocation Failure) [PSYoungGen: 33408K->256K(38400K)] 79754K->46626K(125952K), 0.0048143 secs] [Times: user=0.01 sys=0.00, real=0.01 secs] 
76.853: [GC (Allocation Failure) [PSYoungGen: 33536K->320K(38400K)] 79906K->46690K(125952K), 0.0073782 secs] [Times: user=0.01 sys=0.00, real=0.01 secs] 
77.087: [GC (Allocation Failure) [PSYoungGen: 33600K->352K(38400K)] 79970K->46730K(125952K), 0.0046521 secs] [Times: user=0.01 sys=0.00, real=0.00 secs] 
77.320: [GC (Allocation Failure) [PSYoungGen: 33632K->352K(38400K)] 80010K->46730K(125952K), 0.0047874 secs] [Times: user=0.01 sys=0.00, real=0.01 secs] 
77.537: [GC (Allocation Failure) [PSYoungGen: 33632K->352K(38400K)] 80010K->46730K(125952K), 0.0046227 secs] [Times: user=0.02 sys=0.00, real=0.00 secs] 
77.775: [GC (Allocation Failure) [PSYoungGen: 33628K->320K(38400K)] 80006K->46698K(125952K), 0.0045147 secs] [Times: user=0.01 sys=0.00, real=0.00 secs] 
78.006: [GC (Allocation Failure) [PSYoungGen: 33600K->352K(38400K)] 79978K->46730K(125952K), 0.0044811 secs] [Times: user=0.02 sys=0.00, real=0.00 secs] 
78.226: [GC (Allocation Failure) [PSYoungGen: 33632K->352K(38400K)] 80010K->46730K(125952K), 0.0046054 secs] [Times: user=0.01 sys=0.00, real=0.00 secs] 
78.448: [GC (Allocation Failure) [PSYoungGen: 33632K->352K(38400K)] 80010K->46738K(125952K), 0.0046286 secs] [Times: user=0.01 sys=0.00, real=0.00 secs] 
78.671: [GC (Allocation Failure) [PSYoungGen: 33632K->352K(38400K)] 80018K->46738K(125952K), 0.0044593 secs] [Times: user=0.01 sys=0.00, real=0.01 secs] 
78.895: [GC (Allocation Failure) [PSYoungGen: 33632K->352K(38400K)] 80018K->46738K(125952K), 0.0048284 secs] [Times: user=0.01 sys=0.00, real=0.00 secs] 
79.122: [GC (Allocation Failure) [PSYoungGen: 33632K->352K(38400K)] 80018K->46738K(125952K), 0.0044435 secs] [Times: user=0.01 sys=0.00, real=0.01 secs] 
79.381: [GC (Allocation Failure) [PSYoungGen: 33632K->352K(38400K)] 80018K->46746K(125952K), 0.0046018 secs] [Times: user=0.01 sys=0.00, real=0.01 secs] 
79.603: [GC (Allocation Failure) [PSYoungGen: 33632K->320K(38400K)] 80026K->46714K(125952K), 0.0043120 secs] [Times: user=0.01 sys=0.00, real=0.01 secs] 
79.831: [GC (Allocation Failure) [PSYoungGen: 33600K->256K(38400K)] 79994K->46722K(125952K), 0.0046211 secs] [Times: user=0.01 sys=0.00, real=0.01 secs] 
80.054: [GC (Allocation Failure) [PSYoungGen: 33536K->160K(38400K)] 80002K->46786K(125952K), 0.0049427 secs] [Times: user=0.02 sys=0.00, real=0.01 secs] 
80.370: [GC (Allocation Failure) [PSYoungGen: 33440K->128K(38400K)] 80066K->46818K(125952K), 0.0042485 secs] [Times: user=0.01 sys=0.00, real=0.00 secs] 
80.611: [GC (Allocation Failure) [PSYoungGen: 33408K->128K(38400K)] 80098K->46850K(125952K), 0.0045618 secs] [Times: user=0.01 sys=0.00, real=0.01 secs] 
80.846: [GC (Allocation Failure) [PSYoungGen: 33408K->128K(38400K)] 80130K->46874K(125952K), 0.0042426 secs] [Times: user=0.01 sys=0.00, real=0.00 secs] 
81.148: [GC (Allocation Failure) [PSYoungGen: 33408K->256K(38400K)] 80154K->47018K(125952K), 0.0046604 secs] [Times: user=0.02 sys=0.00, real=0.00 secs] 
81.532: [GC (Allocation Failure) [PSYoungGen: 33536K->288K(38400K)] 80298K->47050K(125952K), 0.0046381 secs] [Times: user=0.02 sys=0.00, real=0.01 secs] 
81.787: [GC (Allocation Failure) [PSYoungGen: 33568K->352K(38400K)] 80330K->47114K(125952K), 0.0045609 secs] [Times: user=0.01 sys=0.00, real=0.00 secs] 
82.081: [GC (Allocation Failure) [PSYoungGen: 33632K->320K(38400K)] 80394K->47082K(125952K), 0.0044112 secs] [Times: user=0.02 sys=0.00, real=0.01 secs] 
82.314: [GC (Allocation Failure) [PSYoungGen: 33598K->352K(38400K)] 80361K->47114K(125952K), 0.0045443 secs] [Times: user=0.01 sys=0.00, real=0.01 secs] 
82.822: [GC (Allocation Failure) [PSYoungGen: 33632K->352K(38400K)] 80394K->47114K(125952K), 0.0046340 secs] [Times: user=0.00 sys=0.00, real=0.01 secs] 
83.183: [GC (Allocation Failure) [PSYoungGen: 33632K->352K(38400K)] 80394K->47114K(125952K), 0.0047215 secs] [Times: user=0.01 sys=0.00, real=0.01 secs] 
83.575: [GC (Allocation Failure) [PSYoungGen: 33632K->352K(38400K)] 80394K->47114K(125952K), 0.0049572 secs] [Times: user=0.01 sys=0.00, real=0.00 secs] 
83.991: [GC (Allocation Failure) [PSYoungGen: 33632K->352K(38400K)] 80394K->47114K(125952K), 0.0047608 secs] [Times: user=0.01 sys=0.00, real=0.01 secs] 
84.322: [GC (Allocation Failure) [PSYoungGen: 33632K->352K(38400K)] 80394K->47114K(125952K), 0.0048821 secs] [Times: user=0.01 sys=0.00, real=0.01 secs] 
84.616: [GC (Allocation Failure) [PSYoungGen: 33632K->352K(38400K)] 80394K->47138K(125952K), 0.0045688 secs] [Times: user=0.02 sys=0.00, real=0.00 secs] 
Heap
 PSYoungGen      total 38400K, used 7331K [0x00000000fd580000, 0x0000000100000000, 0x0000000100000000)
  eden space 33280K, 20% used [0x00000000fd580000,0x00000000fdc50e78,0x00000000ff600000)
  from space 5120K, 6% used [0x00000000ffb00000,0x00000000ffb58000,0x0000000100000000)
  to   space 5120K, 0% used [0x00000000ff600000,0x00000000ff600000,0x00000000ffb00000)
 ParOldGen       total 87552K, used 46786K [0x00000000f8000000, 0x00000000fd580000, 0x00000000fd580000)
  object space 87552K, 53% used [0x00000000f8000000,0x00000000fadb0b58,0x00000000fd580000)
 Metaspace       used 36275K, capacity 37954K, committed 38184K, reserved 1083392K
  class space    used 4519K, capacity 4839K, committed 4904K, reserved 1048576K
