Java HotSpot(TM) 64-Bit Server VM (25.65-b01) for linux-amd64 JRE (1.8.0_65-b17), built on Oct  6 2015 17:16:12 by "java_re" with gcc 4.3.0 20080428 (Red Hat 4.3.0-8)
Memory: 4k page, physical 32862844k(6193248k free), swap 0k(0k free)
CommandLine flags: -XX:InitialHeapSize=4294967296 -XX:MaxHeapSize=4294967296 -XX:+PrintGC -XX:+PrintGCDetails -XX:+PrintGCTimeStamps -XX:-UseAdaptiveSizePolicy -XX:+UseCompressedClassPointers -XX:+UseCompressedOops -XX:+UseSerialGC 
2.709: [GC (GCLocker Initiated GC) 2.709: [DefNew: 335580K->14287K(1258304K), 0.0336014 secs] 335580K->14287K(4054528K), 0.0337205 secs] [Times: user=0.04 sys=0.01, real=0.04 secs] 
2.787: [Full GC (Metadata GC Threshold) 2.787: [Tenured: 0K->4990K(2796224K), 0.0488743 secs] 81399K->4990K(4054528K), [Metaspace: 20747K->20747K(1069056K)], 0.0489800 secs] [Times: user=0.05 sys=0.00, real=0.05 secs] 
20.676: [GC (Allocation Failure) 20.676: [DefNew: 1118528K->23822K(1258304K), 0.0659079 secs] 1123518K->28813K(4054528K), 0.0660767 secs] [Times: user=0.07 sys=0.00, real=0.06 secs] 
20.998: [Full GC (Metadata GC Threshold) 20.998: [Tenured: 4990K->43597K(2796224K), 0.2057917 secs] 461960K->43597K(4054528K), [Metaspace: 34489K->34489K(1081344K)], 0.2060606 secs] [Times: user=0.22 sys=0.01, real=0.21 secs] 
29.250: [GC (Allocation Failure) 29.250: [DefNew: 1118528K->3078K(1258304K), 0.0147094 secs] 1162125K->46675K(4054528K), 0.0149059 secs] [Times: user=0.04 sys=0.00, real=0.02 secs] 
36.867: [GC (Allocation Failure) 36.867: [DefNew: 1121606K->3039K(1258304K), 0.0181944 secs] 1165203K->46637K(4054528K), 0.0184394 secs] [Times: user=0.01 sys=0.00, real=0.02 secs] 
44.847: [GC (Allocation Failure) 44.847: [DefNew: 1121567K->3000K(1258304K), 0.0147369 secs] 1165165K->46597K(4054528K), 0.0149865 secs] [Times: user=0.02 sys=0.00, real=0.01 secs] 
74.125: [GC (Allocation Failure) 74.125: [DefNew: 1121528K->3031K(1258304K), 0.0149110 secs] 1165125K->46628K(4054528K), 0.0151600 secs] [Times: user=0.01 sys=0.00, real=0.01 secs] 
83.466: [GC (Allocation Failure) 83.466: [DefNew: 1121559K->3008K(1258304K), 0.0147851 secs] 1165156K->46605K(4054528K), 0.0150338 secs] [Times: user=0.01 sys=0.00, real=0.01 secs] 
91.794: [GC (Allocation Failure) 91.794: [DefNew: 1121536K->3014K(1258304K), 0.0166282 secs] 1165133K->46611K(4054528K), 0.0168793 secs] [Times: user=0.01 sys=0.00, real=0.02 secs] 
100.375: [GC (Allocation Failure) 100.376: [DefNew: 1121542K->3038K(1258304K), 0.0167462 secs] 1165139K->46635K(4054528K), 0.0169836 secs] [Times: user=0.02 sys=0.00, real=0.01 secs] 
122.792: [GC (Allocation Failure) 122.792: [DefNew: 1121566K->3023K(1258304K), 0.0149626 secs] 1165163K->46620K(4054528K), 0.0151993 secs] [Times: user=0.01 sys=0.00, real=0.01 secs] 
131.282: [GC (Allocation Failure) 131.282: [DefNew: 1121551K->3021K(1258304K), 0.0145282 secs] 1165148K->46618K(4054528K), 0.0147787 secs] [Times: user=0.01 sys=0.00, real=0.01 secs] 
139.696: [GC (Allocation Failure) 139.696: [DefNew: 1121549K->3019K(1258304K), 0.0144765 secs] 1165146K->46616K(4054528K), 0.0147090 secs] [Times: user=0.01 sys=0.00, real=0.02 secs] 
Heap
 def new generation   total 1258304K, used 872894K [0x00000006c0000000, 0x0000000715550000, 0x0000000715550000)
  eden space 1118528K,  77% used [0x00000006c0000000, 0x00000006f517cd50, 0x0000000704450000)
  from space 139776K,   2% used [0x0000000704450000, 0x0000000704742db0, 0x000000070ccd0000)
  to   space 139776K,   0% used [0x000000070ccd0000, 0x000000070ccd0000, 0x0000000715550000)
 tenured generation   total 2796224K, used 43597K [0x0000000715550000, 0x00000007c0000000, 0x00000007c0000000)
   the space 2796224K,   1% used [0x0000000715550000, 0x0000000717fe3488, 0x0000000717fe3600, 0x00000007c0000000)
 Metaspace       used 36317K, capacity 38032K, committed 38268K, reserved 1083392K
  class space    used 4531K, capacity 4862K, committed 4988K, reserved 1048576K
